Archive member included to satisfy reference by file (symbol)

c:/vsarm/armcc/bin/../lib/gcc/arm-none-eabi/7.3.1/../../../../arm-none-eabi/lib/thumb/v7e-m/fpv4-sp/hard\libc_nano.a(lib_a-exit.o)
                              c:/vsarm/armcc/bin/../lib/gcc/arm-none-eabi/7.3.1/../../../../arm-none-eabi/lib/thumb/v7e-m/fpv4-sp/hard/crt0.o (exit)
c:/vsarm/armcc/bin/../lib/gcc/arm-none-eabi/7.3.1/../../../../arm-none-eabi/lib/thumb/v7e-m/fpv4-sp/hard\libc_nano.a(lib_a-impure.o)
                              c:/vsarm/armcc/bin/../lib/gcc/arm-none-eabi/7.3.1/../../../../arm-none-eabi/lib/thumb/v7e-m/fpv4-sp/hard\libc_nano.a(lib_a-exit.o) (_global_impure_ptr)
c:/vsarm/armcc/bin/../lib/gcc/arm-none-eabi/7.3.1/../../../../arm-none-eabi/lib/thumb/v7e-m/fpv4-sp/hard\libc_nano.a(lib_a-init.o)
                              c:/vsarm/armcc/bin/../lib/gcc/arm-none-eabi/7.3.1/../../../../arm-none-eabi/lib/thumb/v7e-m/fpv4-sp/hard/crt0.o (__libc_init_array)
c:/vsarm/armcc/bin/../lib/gcc/arm-none-eabi/7.3.1/../../../../arm-none-eabi/lib/thumb/v7e-m/fpv4-sp/hard\libc_nano.a(lib_a-memset.o)
                              c:/vsarm/armcc/bin/../lib/gcc/arm-none-eabi/7.3.1/../../../../arm-none-eabi/lib/thumb/v7e-m/fpv4-sp/hard/crt0.o (memset)
c:/vsarm/armcc/bin/../lib/gcc/arm-none-eabi/7.3.1/../../../../arm-none-eabi/lib/thumb/v7e-m/fpv4-sp/hard\libc_nano.a(lib_a-puts.o)
                              build/main.o (puts)
c:/vsarm/armcc/bin/../lib/gcc/arm-none-eabi/7.3.1/../../../../arm-none-eabi/lib/thumb/v7e-m/fpv4-sp/hard\libc_nano.a(lib_a-wbuf.o)
                              c:/vsarm/armcc/bin/../lib/gcc/arm-none-eabi/7.3.1/../../../../arm-none-eabi/lib/thumb/v7e-m/fpv4-sp/hard\libc_nano.a(lib_a-puts.o) (__swbuf_r)
c:/vsarm/armcc/bin/../lib/gcc/arm-none-eabi/7.3.1/../../../../arm-none-eabi/lib/thumb/v7e-m/fpv4-sp/hard\libc_nano.a(lib_a-wsetup.o)
                              c:/vsarm/armcc/bin/../lib/gcc/arm-none-eabi/7.3.1/../../../../arm-none-eabi/lib/thumb/v7e-m/fpv4-sp/hard\libc_nano.a(lib_a-puts.o) (__swsetup_r)
c:/vsarm/armcc/bin/../lib/gcc/arm-none-eabi/7.3.1/../../../../arm-none-eabi/lib/thumb/v7e-m/fpv4-sp/hard\libc_nano.a(lib_a-fflush.o)
                              c:/vsarm/armcc/bin/../lib/gcc/arm-none-eabi/7.3.1/../../../../arm-none-eabi/lib/thumb/v7e-m/fpv4-sp/hard\libc_nano.a(lib_a-wbuf.o) (_fflush_r)
c:/vsarm/armcc/bin/../lib/gcc/arm-none-eabi/7.3.1/../../../../arm-none-eabi/lib/thumb/v7e-m/fpv4-sp/hard\libc_nano.a(lib_a-findfp.o)
                              c:/vsarm/armcc/bin/../lib/gcc/arm-none-eabi/7.3.1/../../../../arm-none-eabi/lib/thumb/v7e-m/fpv4-sp/hard\libc_nano.a(lib_a-puts.o) (__sinit)
c:/vsarm/armcc/bin/../lib/gcc/arm-none-eabi/7.3.1/../../../../arm-none-eabi/lib/thumb/v7e-m/fpv4-sp/hard\libc_nano.a(lib_a-fwalk.o)
                              c:/vsarm/armcc/bin/../lib/gcc/arm-none-eabi/7.3.1/../../../../arm-none-eabi/lib/thumb/v7e-m/fpv4-sp/hard\libc_nano.a(lib_a-findfp.o) (_fwalk)
c:/vsarm/armcc/bin/../lib/gcc/arm-none-eabi/7.3.1/../../../../arm-none-eabi/lib/thumb/v7e-m/fpv4-sp/hard\libc_nano.a(lib_a-makebuf.o)
                              c:/vsarm/armcc/bin/../lib/gcc/arm-none-eabi/7.3.1/../../../../arm-none-eabi/lib/thumb/v7e-m/fpv4-sp/hard\libc_nano.a(lib_a-wsetup.o) (__smakebuf_r)
c:/vsarm/armcc/bin/../lib/gcc/arm-none-eabi/7.3.1/../../../../arm-none-eabi/lib/thumb/v7e-m/fpv4-sp/hard\libc_nano.a(lib_a-nano-freer.o)
                              c:/vsarm/armcc/bin/../lib/gcc/arm-none-eabi/7.3.1/../../../../arm-none-eabi/lib/thumb/v7e-m/fpv4-sp/hard\libc_nano.a(lib_a-wsetup.o) (_free_r)
c:/vsarm/armcc/bin/../lib/gcc/arm-none-eabi/7.3.1/../../../../arm-none-eabi/lib/thumb/v7e-m/fpv4-sp/hard\libc_nano.a(lib_a-nano-mallocr.o)
                              c:/vsarm/armcc/bin/../lib/gcc/arm-none-eabi/7.3.1/../../../../arm-none-eabi/lib/thumb/v7e-m/fpv4-sp/hard\libc_nano.a(lib_a-findfp.o) (_malloc_r)
c:/vsarm/armcc/bin/../lib/gcc/arm-none-eabi/7.3.1/../../../../arm-none-eabi/lib/thumb/v7e-m/fpv4-sp/hard\libc_nano.a(lib_a-sbrkr.o)
                              c:/vsarm/armcc/bin/../lib/gcc/arm-none-eabi/7.3.1/../../../../arm-none-eabi/lib/thumb/v7e-m/fpv4-sp/hard\libc_nano.a(lib_a-nano-mallocr.o) (_sbrk_r)
c:/vsarm/armcc/bin/../lib/gcc/arm-none-eabi/7.3.1/../../../../arm-none-eabi/lib/thumb/v7e-m/fpv4-sp/hard\libc_nano.a(lib_a-stdio.o)
                              c:/vsarm/armcc/bin/../lib/gcc/arm-none-eabi/7.3.1/../../../../arm-none-eabi/lib/thumb/v7e-m/fpv4-sp/hard\libc_nano.a(lib_a-findfp.o) (__sread)
c:/vsarm/armcc/bin/../lib/gcc/arm-none-eabi/7.3.1/../../../../arm-none-eabi/lib/thumb/v7e-m/fpv4-sp/hard\libc_nano.a(lib_a-writer.o)
                              c:/vsarm/armcc/bin/../lib/gcc/arm-none-eabi/7.3.1/../../../../arm-none-eabi/lib/thumb/v7e-m/fpv4-sp/hard\libc_nano.a(lib_a-stdio.o) (_write_r)
c:/vsarm/armcc/bin/../lib/gcc/arm-none-eabi/7.3.1/../../../../arm-none-eabi/lib/thumb/v7e-m/fpv4-sp/hard\libc_nano.a(lib_a-closer.o)
[...]
Memory Configuration

Name             Origin             Length             Attributes
RAM              0x20000000         0x00050000         xrw
FLASH            0x08000000         0x00100000         xr
GUI_Memory       0xc0300000         0x00500000         xr
*default*        0x00000000         0xffffffff

Linker script and memory map

LOAD c:/vsarm/armcc/bin/../lib/gcc/arm-none-eabi/7.3.1/thumb/v7e-m/fpv4-sp/hard/crti.o
LOAD c:/vsarm/armcc/bin/../lib/gcc/arm-none-eabi/7.3.1/thumb/v7e-m/fpv4-sp/hard/crtbegin.o
LOAD c:/vsarm/armcc/bin/../lib/gcc/arm-none-eabi/7.3.1/../../../../arm-none-eabi/lib/thumb/v7e-m/fpv4-sp/hard/crt0.o
LOAD build/main.o
LOAD build/stm32f7xx_it.o
LOAD build/stm32f7xx_hal_ltdc_ex.o
LOAD build/stm32f7xx_hal.o
LOAD build/stm32f7xx_hal_uart.o
LOAD build/stm32f7xx_hal_rcc_ex.o
LOAD build/stm32f7xx_hal_dsi.o
LOAD build/stm32f7xx_hal_crc.o
LOAD build/stm32f7xx_hal_ltdc.o
LOAD build/stm32f7xx_hal_pwr_ex.o
LOAD build/stm32f7xx_hal_sdram.o
LOAD build/stm32f7xx_hal_flash.o
LOAD build/stm32f7xx_hal_rcc.o
LOAD build/stm32f7xx_hal_dma_ex.o
LOAD build/stm32f7xx_hal_i2c.o
LOAD build/stm32f7xx_hal_pwr.o
LOAD build/stm32f7xx_hal_dma.o
LOAD build/stm32f7xx_hal_uart_ex.o
LOAD build/stm32f7xx_hal_tim_ex.o
LOAD build/stm32f7xx_hal_cortex.o
LOAD build/stm32f7xx_ll_fmc.o
LOAD build/stm32f7xx_hal_flash_ex.o
LOAD build/stm32f7xx_hal_exti.o
LOAD build/stm32f7xx_hal_gpio.o
LOAD build/stm32f7xx_hal_dma2d.o
LOAD build/stm32f7xx_hal_tim.o
LOAD build/stm32f7xx_hal_i2c_ex.o
LOAD build/stm32f7xx_hal_crc_ex.o
LOAD build/system_stm32f7xx.o
LOAD build/ft5336.o
LOAD build/wm8994.o
LOAD build/stm32746g_discovery.o
LOAD build/stm32746g_discovery_lcd.o
LOAD build/stm32746g_discovery_ts.o
LOAD build/stm32746g_discovery_sdram.o
LOAD build/stm32746g_discovery_eeprom.o
LOAD build/GUIConf.o
LOAD build/LCDConf.o
LOAD build/GUI_X.o
LOAD build/FramewinDLG.o
LOAD build/startup_stm32f746xx.o
LOAD c:/vsarm/armcc/bin/../lib/gcc/arm-none-eabi/7.3.1/../../../../arm-none-eabi/lib/thumb/v7e-m/fpv4-sp/hard\libc_nano.a
LOAD c:/vsarm/armcc/bin/../lib/gcc/arm-none-eabi/7.3.1/../../../../arm-none-eabi/lib/thumb/v7e-m/fpv4-sp/hard\libm.a
LOAD c:/vsarm/armcc/bin/../lib/gcc/arm-none-eabi/7.3.1/../../../../arm-none-eabi/lib/thumb/v7e-m/fpv4-sp/hard\libnosys.a
LOAD Middlewares/STemWin/Lib/STemWin_CM7_wc32.a
START GROUP
LOAD c:/vsarm/armcc/bin/../lib/gcc/arm-none-eabi/7.3.1/thumb/v7e-m/fpv4-sp/hard\libgcc.a
LOAD c:/vsarm/armcc/bin/../lib/gcc/arm-none-eabi/7.3.1/../../../../arm-none-eabi/lib/thumb/v7e-m/fpv4-sp/hard\libc_nano.a
END GROUP
START GROUP
LOAD c:/vsarm/armcc/bin/../lib/gcc/arm-none-eabi/7.3.1/thumb/v7e-m/fpv4-sp/hard\libgcc.a
LOAD c:/vsarm/armcc/bin/../lib/gcc/arm-none-eabi/7.3.1/../../../../arm-none-eabi/lib/thumb/v7e-m/fpv4-sp/hard\libc_nano.a
END GROUP
LOAD c:/vsarm/armcc/bin/../lib/gcc/arm-none-eabi/7.3.1/thumb/v7e-m/fpv4-sp/hard/crtend.o
LOAD c:/vsarm/armcc/bin/../lib/gcc/arm-none-eabi/7.3.1/thumb/v7e-m/fpv4-sp/hard/crtn.o
                0x20050000                _estack = 0x20050000
                0x00000200                _Min_Heap_Size = 0x200
                0x00000460                _Min_Stack_Size = 0x460

.isr_vector     0x08000000      0x1c8
                0x08000000                . = ALIGN (0x4)
 *(.isr_vector)
 .isr_vector    0x08000000      0x1c8 build/startup_stm32f746xx.o
                0x08000000                g_pfnVectors
                0x080001c8                . = ALIGN (0x4)

.text           0x080001c8    0x11270
                0x080001c8                . = ALIGN (0x4)
 *(.text)
 .text          0x080001c8       0x40 c:/vsarm/armcc/bin/../lib/gcc/arm-none-eabi/7.3.1/thumb/v7e-m/fpv4-sp/hard/crtbegin.o
 .text          0x08000208       0x30 c:/vsarm/armcc/bin/../lib/gcc/arm-none-eabi/7.3.1/thumb/v7e-m/fpv4-sp/hard\libgcc.a(_aeabi_uldivmod.o)
                0x08000208                __aeabi_uldivmod
 .text          0x08000238      0x2cc c:/vsarm/armcc/bin/../lib/gcc/arm-none-eabi/7.3.1/thumb/v7e-m/fpv4-sp/hard\libgcc.a(_udivmoddi4.o)
                0x08000238                __udivmoddi4
 .text          0x08000504        0x4 c:/vsarm/armcc/bin/../lib/gcc/arm-none-eabi/7.3.1/thumb/v7e-m/fpv4-sp/hard\libgcc.a(_dvmd_tls.o)
                0x08000504                __aeabi_idiv0
                0x08000504                __aeabi_ldiv0
 .text          0x08000508       0x10 c:/vsarm/armcc/bin/../lib/gcc/arm-none-eabi/7.3.1/../../../../arm-none-eabi/lib/thumb/v7e-m/fpv4-sp/hard\libc_nano.a(lib_a-strlen.o)
                0x08000508                strlen
 *(.text*)
 .text.MX_GPIO_Init
                0x08000518      0x104 build/main.o
 .text.MX_DMA_Init
                0x0800061c       0x5c build/main.o
 .text.MX_CRC_Init
                0x08000678       0x24 build/main.o
 .text.MX_USART6_UART_Init
                0x0800069c       0x30 build/main.o
 .text.MX_I2C2_Init
                0x080006cc       0x44 build/main.o
 .text.MX_DMA2D_Init
                0x08000710       0x30 build/main.o
 .text.MX_FMC_Init
                0x08000740       0x4c build/main.o
 .text.MX_LTDC_Init
                0x0800078c       0xe8 build/main.o
 .text._write   0x08000874       0x52 build/main.o
                0x08000874                _write
 *fill*         0x080008c6        0x2 
 .text.HAL_SYSTICK_Callback
                0x080008c8       0x10 build/main.o
                0x080008c8                HAL_SYSTICK_Callback
 .text.SystemClock_Config
                0x080008d8       0xd0 build/main.o
                0x080008d8                SystemClock_Config
 .text.main     0x080009a8      0x140 build/main.o
                0x080009a8                main
 .text.NMI_Handler
                0x08000ae8        0x2 build/stm32f7xx_it.o
                0x08000ae8                NMI_Handler
 .text.HardFault_Handler
                0x08000aea        0x2 build/stm32f7xx_it.o
                0x08000aea                HardFault_Handler
 .text.MemManage_Handler
                0x08000aec        0x2 build/stm32f7xx_it.o
                0x08000aec                MemManage_Handler
 .text.BusFault_Handler
                0x08000aee        0x2 build/stm32f7xx_it.o
                0x08000aee                BusFault_Handler
 .text.UsageFault_Handler
                0x08000af0        0x2 build/stm32f7xx_it.o
                0x08000af0                UsageFault_Handler
 .text.DebugMon_Handler
                0x08000af2        0x2 build/stm32f7xx_it.o
                0x08000af2                DebugMon_Handler
 .text.SysTick_Handler
                0x08000af4        0xc build/stm32f7xx_it.o
                0x08000af4                SysTick_Handler
 .text.LTDC_IRQHandler
                0x08000b00       0x10 build/stm32f7xx_it.o
                0x08000b00                LTDC_IRQHandler
 .text.DMA2D_IRQHandler
                0x08000b10       0x10 build/stm32f7xx_it.o
                0x08000b10                DMA2D_IRQHandler
 .text.HAL_MspInit
                0x08000b20        0x2 build/stm32f7xx_hal.o
                0x08000b20                HAL_MspInit
 *fill*         0x08000b22        0x2 
 .text.HAL_InitTick
                0x08000b24       0x4c build/stm32f7xx_hal.o
                0x08000b24                HAL_InitTick
 .text.HAL_Init
                0x08000b70       0x16 build/stm32f7xx_hal.o
                0x08000b70                HAL_Init
 *fill*         0x08000b86        0x2 
 .text.HAL_IncTick
                0x08000b88       0x18 build/stm32f7xx_hal.o
                0x08000b88                HAL_IncTick
 .text.HAL_GetTick
                0x08000ba0        0xc build/stm32f7xx_hal.o
                0x08000ba0                HAL_GetTick
 .text.HAL_Delay
                0x08000bac       0x28 build/stm32f7xx_hal.o
                0x08000bac                HAL_Delay
 .text.HAL_UART_MspInit
                0x08000bd4        0x2 build/stm32f7xx_hal_uart.o
                0x08000bd4                HAL_UART_MspInit
 *fill*         0x08000bd6        0x2 
 .text.UART_SetConfig
                0x08000bd8      0x370 build/stm32f7xx_hal_uart.o
                0x08000bd8                UART_SetConfig
 .text.UART_AdvFeatureConfig
                0x08000f48       0xca build/stm32f7xx_hal_uart.o
                0x08000f48                UART_AdvFeatureConfig
 .text.UART_WaitOnFlagUntilTimeout
                0x08001012       0x9c build/stm32f7xx_hal_uart.o
                0x08001012                UART_WaitOnFlagUntilTimeout
 .text.UART_CheckIdleState
                0x080010ae       0x44 build/stm32f7xx_hal_uart.o
                0x080010ae                UART_CheckIdleState
 .text.HAL_UART_Init
                0x080010f2       0x62 build/stm32f7xx_hal_uart.o
                0x080010f2                HAL_UART_Init
 .text.HAL_RCCEx_PeriphCLKConfig
                0x08001154      0x5ac build/stm32f7xx_hal_rcc_ex.o
                0x08001154                HAL_RCCEx_PeriphCLKConfig
 .text.HAL_CRC_MspInit
                0x08001700        0x2 build/stm32f7xx_hal_crc.o
                0x08001700                HAL_CRC_MspInit
 *fill*         0x08001702        0x2 
 .text.HAL_CRC_Init
                0x08001704       0x80 build/stm32f7xx_hal_crc.o
                0x08001704                HAL_CRC_Init
 .text.LTDC_SetConfig
                0x08001784      0x194 build/stm32f7xx_hal_ltdc.o
 .text.HAL_LTDC_Init
                0x08001918       0xf4 build/stm32f7xx_hal_ltdc.o
                0x08001918                HAL_LTDC_Init
 .text.HAL_LTDC_DeInit
                0x08001a0c       0x18 build/stm32f7xx_hal_ltdc.o
                0x08001a0c                HAL_LTDC_DeInit
 .text.HAL_LTDC_ErrorCallback
                0x08001a24        0x2 build/stm32f7xx_hal_ltdc.o
                0x08001a24                HAL_LTDC_ErrorCallback
 .text.HAL_LTDC_ReloadEventCallback
                0x08001a26        0x2 build/stm32f7xx_hal_ltdc.o
                0x08001a26                HAL_LTDC_ReloadEventCallback
 .text.HAL_LTDC_IRQHandler
                0x08001a28       0xda build/stm32f7xx_hal_ltdc.o
                0x08001a28                HAL_LTDC_IRQHandler
 .text.HAL_LTDC_ConfigLayer
                0x08001b02       0x5c build/stm32f7xx_hal_ltdc.o
                0x08001b02                HAL_LTDC_ConfigLayer
 .text.HAL_LTDC_ConfigColorKeying
                0x08001b5e       0x48 build/stm32f7xx_hal_ltdc.o
                0x08001b5e                HAL_LTDC_ConfigColorKeying
 .text.HAL_LTDC_ConfigCLUT
                0x08001ba6       0x7c build/stm32f7xx_hal_ltdc.o
                0x08001ba6                HAL_LTDC_ConfigCLUT
 .text.HAL_LTDC_EnableColorKeying
                0x08001c22       0x3c build/stm32f7xx_hal_ltdc.o
                0x08001c22                HAL_LTDC_EnableColorKeying
 .text.HAL_LTDC_DisableColorKeying
                0x08001c5e       0x3c build/stm32f7xx_hal_ltdc.o
                0x08001c5e                HAL_LTDC_DisableColorKeying
 .text.HAL_LTDC_EnableCLUT
                0x08001c9a       0x3c build/stm32f7xx_hal_ltdc.o
                0x08001c9a                HAL_LTDC_EnableCLUT
 *fill*         0x08001cd6        0x2 
 .text.HAL_LTDC_EnableDither
                0x08001cd8       0x34 build/stm32f7xx_hal_ltdc.o
                0x08001cd8                HAL_LTDC_EnableDither
 .text.HAL_LTDC_SetWindowPosition
                0x08001d0c       0x52 build/stm32f7xx_hal_ltdc.o
                0x08001d0c                HAL_LTDC_SetWindowPosition
 .text.HAL_LTDC_SetAlpha
                0x08001d5e       0x42 build/stm32f7xx_hal_ltdc.o
                0x08001d5e                HAL_LTDC_SetAlpha
 .text.HAL_LTDC_SetAddress
                0x08001da0       0x42 build/stm32f7xx_hal_ltdc.o
                0x08001da0                HAL_LTDC_SetAddress
 *fill*         0x08001de2        0x2 
 .text.HAL_LTDC_ProgramLineEvent
                0x08001de4       0x48 build/stm32f7xx_hal_ltdc.o
                0x08001de4                HAL_LTDC_ProgramLineEvent
 .text.HAL_PWREx_EnableOverDrive
                0x08001e2c       0x7c build/stm32f7xx_hal_pwr_ex.o
                0x08001e2c                HAL_PWREx_EnableOverDrive
 .text.HAL_SDRAM_MspInit
                0x08001ea8        0x2 build/stm32f7xx_hal_sdram.o
                0x08001ea8                HAL_SDRAM_MspInit
 .text.HAL_SDRAM_Init
                0x08001eaa       0x3e build/stm32f7xx_hal_sdram.o
                0x08001eaa                HAL_SDRAM_Init
 .text.HAL_SDRAM_SendCommand
                0x08001ee8       0x3a build/stm32f7xx_hal_sdram.o
                0x08001ee8                HAL_SDRAM_SendCommand
 .text.HAL_SDRAM_ProgramRefreshRate
                0x08001f22       0x28 build/stm32f7xx_hal_sdram.o
                0x08001f22                HAL_SDRAM_ProgramRefreshRate
 *fill*         0x08001f4a        0x2 
 .text.HAL_RCC_OscConfig
                0x08001f4c      0x434 build/stm32f7xx_hal_rcc.o
                0x08001f4c                HAL_RCC_OscConfig
 .text.HAL_RCC_GetSysClockFreq
                0x08002380       0xa8 build/stm32f7xx_hal_rcc.o
                0x08002380                HAL_RCC_GetSysClockFreq
 .text.HAL_RCC_ClockConfig
                0x08002428      0x168 build/stm32f7xx_hal_rcc.o
                0x08002428                HAL_RCC_ClockConfig
 .text.HAL_RCC_GetHCLKFreq
                0x08002590        0xc build/stm32f7xx_hal_rcc.o
                0x08002590                HAL_RCC_GetHCLKFreq
 .text.HAL_RCC_GetPCLK1Freq
                0x0800259c       0x20 build/stm32f7xx_hal_rcc.o
                0x0800259c                HAL_RCC_GetPCLK1Freq
 .text.HAL_RCC_GetPCLK2Freq
                0x080025bc       0x20 build/stm32f7xx_hal_rcc.o
                0x080025bc                HAL_RCC_GetPCLK2Freq
 .text.HAL_I2C_MspInit
                0x080025dc        0x2 build/stm32f7xx_hal_i2c.o
                0x080025dc                HAL_I2C_MspInit
 *fill*         0x080025de        0x2 
 .text.HAL_I2C_Init
                0x080025e0       0xbc build/stm32f7xx_hal_i2c.o
                0x080025e0                HAL_I2C_Init
 .text.HAL_PWR_EnableBkUpAccess
                0x0800269c       0x10 build/stm32f7xx_hal_pwr.o
                0x0800269c                HAL_PWR_EnableBkUpAccess
 .text.DMA_CalcBaseAndBitshift
                0x080026ac       0x38 build/stm32f7xx_hal_dma.o
 .text.DMA_CheckFifoParam
                0x080026e4       0x8e build/stm32f7xx_hal_dma.o
 *fill*         0x08002772        0x2 
 .text.HAL_DMA_Init
                0x08002774       0xcc build/stm32f7xx_hal_dma.o
                0x08002774                HAL_DMA_Init
 .text.HAL_DMA_DeInit
                0x08002840       0x66 build/stm32f7xx_hal_dma.o
                0x08002840                HAL_DMA_DeInit
 *fill*         0x080028a6        0x2 
 .text.HAL_NVIC_SetPriorityGrouping
                0x080028a8       0x24 build/stm32f7xx_hal_cortex.o
                0x080028a8                HAL_NVIC_SetPriorityGrouping
 .text.HAL_NVIC_SetPriority
                0x080028cc       0x64 build/stm32f7xx_hal_cortex.o
                0x080028cc                HAL_NVIC_SetPriority
 .text.HAL_NVIC_EnableIRQ
                0x08002930       0x1c build/stm32f7xx_hal_cortex.o
                0x08002930                HAL_NVIC_EnableIRQ
 .text.HAL_SYSTICK_Config
                0x0800294c       0x2c build/stm32f7xx_hal_cortex.o
                0x0800294c                HAL_SYSTICK_Config
 .text.HAL_SYSTICK_IRQHandler
                0x08002978        0x8 build/stm32f7xx_hal_cortex.o
                0x08002978                HAL_SYSTICK_IRQHandler
 .text.FMC_SDRAM_Init
                0x08002980       0x74 build/stm32f7xx_ll_fmc.o
                0x08002980                FMC_SDRAM_Init
 .text.FMC_SDRAM_Timing_Init
                0x080029f4       0x98 build/stm32f7xx_ll_fmc.o
                0x080029f4                FMC_SDRAM_Timing_Init
 .text.FMC_SDRAM_SendCommand
                0x08002a8c       0x2c build/stm32f7xx_ll_fmc.o
                0x08002a8c                FMC_SDRAM_SendCommand
 .text.FMC_SDRAM_ProgramRefreshRate
                0x08002ab8        0xc build/stm32f7xx_ll_fmc.o
                0x08002ab8                FMC_SDRAM_ProgramRefreshRate
 .text.HAL_GPIO_Init
                0x08002ac4      0x1dc build/stm32f7xx_hal_gpio.o
                0x08002ac4                HAL_GPIO_Init
 .text.HAL_GPIO_WritePin
                0x08002ca0        0xc build/stm32f7xx_hal_gpio.o
                0x08002ca0                HAL_GPIO_WritePin
 .text.HAL_GPIO_TogglePin
                0x08002cac       0x10 build/stm32f7xx_hal_gpio.o
                0x08002cac                HAL_GPIO_TogglePin
 .text.HAL_DMA2D_Init
                0x08002cbc       0x5c build/stm32f7xx_hal_dma2d.o
                0x08002cbc                HAL_DMA2D_Init
 .text.HAL_DMA2D_LineEventCallback
                0x08002d18        0x2 build/stm32f7xx_hal_dma2d.o
                0x08002d18                HAL_DMA2D_LineEventCallback
 .text.HAL_DMA2D_CLUTLoadingCpltCallback
                0x08002d1a        0x2 build/stm32f7xx_hal_dma2d.o
                0x08002d1a                HAL_DMA2D_CLUTLoadingCpltCallback
 .text.HAL_DMA2D_IRQHandler
                0x08002d1c      0x13c build/stm32f7xx_hal_dma2d.o
                0x08002d1c                HAL_DMA2D_IRQHandler
 .text.HAL_DMA2D_ConfigLayer
                0x08002e58       0xc4 build/stm32f7xx_hal_dma2d.o
                0x08002e58                HAL_DMA2D_ConfigLayer
 .text.HAL_I2CEx_ConfigAnalogFilter
                0x08002f1c       0x5c build/stm32f7xx_hal_i2c_ex.o
                0x08002f1c                HAL_I2CEx_ConfigAnalogFilter
 .text.HAL_I2CEx_ConfigDigitalFilter
                0x08002f78       0x58 build/stm32f7xx_hal_i2c_ex.o
                0x08002f78                HAL_I2CEx_ConfigDigitalFilter
 .text.HAL_CRCEx_Polynomial_Set
                0x08002fd0       0x6c build/stm32f7xx_hal_crc_ex.o
                0x08002fd0                HAL_CRCEx_Polynomial_Set
 .text.SystemInit
                0x0800303c       0x1c build/system_stm32f7xx.o
                0x0800303c                SystemInit
 .text.BSP_LED_Init
                0x08003058       0x4c build/stm32746g_discovery.o
                0x08003058                BSP_LED_Init
 .text.BSP_SDRAM_Initialization_sequence
                0x080030a4       0x9c build/stm32746g_discovery_sdram.o
                0x080030a4                BSP_SDRAM_Initialization_sequence
 .text.BSP_SDRAM_MspInit
                0x08003140      0x17c build/stm32746g_discovery_sdram.o
                0x08003140                BSP_SDRAM_MspInit
 .text.BSP_SDRAM_Init
                0x080032bc       0x80 build/stm32746g_discovery_sdram.o
                0x080032bc                BSP_SDRAM_Init
 .text.GUI_X_Config
                0x0800333c       0x14 build/GUIConf.o
                0x0800333c                GUI_X_Config
 .text.DMA2D_CopyBuffer
                0x08003350       0x44 build/LCDConf.o
 .text.DMA2D_FillBuffer
                0x08003394       0x40 build/LCDConf.o
 .text.GetBufferSize
                0x080033d4       0x2c build/LCDConf.o
 .text.CUSTOM_CopyBuffer
                0x08003400       0x48 build/LCDConf.o
 .text.CUSTOM_CopyRect
                0x08003448       0x40 build/LCDConf.o
 .text.CUSTOM_DrawBitmap32bpp
                0x08003488       0x78 build/LCDConf.o
 .text.CUSTOM_FillRect
                0x08003500       0xa0 build/LCDConf.o
 .text.LCD_LL_Init
                0x080035a0       0xac build/LCDConf.o
 .text.LCD_LL_LayerInit
                0x0800364c       0x6c build/LCDConf.o
 .text.HAL_DMA2D_MspInit
                0x080036b8       0x20 build/LCDConf.o
                0x080036b8                HAL_DMA2D_MspInit
 .text.HAL_LTDC_MspInit
                0x080036d8      0x14c build/LCDConf.o
                0x080036d8                HAL_LTDC_MspInit
 .text.HAL_LTDC_MspDeInit
                0x08003824       0x18 build/LCDConf.o
                0x08003824                HAL_LTDC_MspDeInit
 .text.HAL_LTDC_LineEventCallback
                0x0800383c       0x68 build/LCDConf.o
                0x0800383c                HAL_LTDC_LineEventCallback
 .text.LCD_X_Config
                0x080038a4       0xe4 build/LCDConf.o
                0x080038a4                LCD_X_Config
 .text.LCD_X_DisplayDriver
                0x08003988      0x168 build/LCDConf.o
                0x08003988                LCD_X_DisplayDriver
 .text.GUI_X_GetTime
                0x08003af0        0xc build/GUI_X.o
                0x08003af0                GUI_X_GetTime
 .text.GUI_X_Delay
                0x08003afc       0x18 build/GUI_X.o
                0x08003afc                GUI_X_Delay
 .text.GUI_X_Init
                0x08003b14        0x2 build/GUI_X.o
                0x08003b14                GUI_X_Init
 *fill*         0x08003b16        0x2 
 .text._cbDialog
                0x08003b18       0x28 build/FramewinDLG.o
 .text.CreateFramewin
                0x08003b40       0xac build/FramewinDLG.o
                0x08003b40                CreateFramewin
 .text.Reset_Handler
                0x08003bec       0x50 build/startup_stm32f746xx.o
                0x08003bec                Reset_Handler
 .text.Default_Handler
                0x08003c3c        0x2 build/startup_stm32f746xx.o
                0x08003c3c                RTC_Alarm_IRQHandler
                0x08003c3c                EXTI2_IRQHandler
                0x08003c3c                TIM8_CC_IRQHandler
                0x08003c3c                UART8_IRQHandler
                0x08003c3c                SPI4_IRQHandler
                0x08003c3c                TIM1_CC_IRQHandler
                0x08003c3c                DMA2_Stream5_IRQHandler
                0x08003c3c                DMA1_Stream5_IRQHandler
                0x08003c3c                PVD_IRQHandler
                0x08003c3c                TAMP_STAMP_IRQHandler
                0x08003c3c                PendSV_Handler
                0x08003c3c                CAN2_RX1_IRQHandler
                0x08003c3c                EXTI3_IRQHandler
                0x08003c3c                TIM8_TRG_COM_TIM14_IRQHandler
                0x08003c3c                TIM1_UP_TIM10_IRQHandler
                0x08003c3c                TIM8_UP_TIM13_IRQHandler
                0x08003c3c                I2C3_ER_IRQHandler
                0x08003c3c                EXTI0_IRQHandler
                0x08003c3c                I2C2_EV_IRQHandler
                0x08003c3c                DMA1_Stream2_IRQHandler
                0x08003c3c                CAN1_RX0_IRQHandler
                0x08003c3c                FPU_IRQHandler
                0x08003c3c                OTG_HS_WKUP_IRQHandler
                0x08003c3c                LTDC_ER_IRQHandler
                0x08003c3c                CAN2_SCE_IRQHandler
                0x08003c3c                DMA2_Stream2_IRQHandler
                0x08003c3c                SPI1_IRQHandler
                0x08003c3c                TIM6_DAC_IRQHandler
                0x08003c3c                TIM1_BRK_TIM9_IRQHandler
                0x08003c3c                DCMI_IRQHandler
                0x08003c3c                CAN2_RX0_IRQHandler
                0x08003c3c                DMA2_Stream3_IRQHandler
                0x08003c3c                SAI2_IRQHandler
                0x08003c3c                USART6_IRQHandler
                0x08003c3c                USART3_IRQHandler
                0x08003c3c                CAN1_RX1_IRQHandler
                0x08003c3c                UART5_IRQHandler
                0x08003c3c                DMA2_Stream0_IRQHandler
                0x08003c3c                TIM4_IRQHandler
                0x08003c3c                QUADSPI_IRQHandler
                0x08003c3c                I2C1_EV_IRQHandler
                0x08003c3c                DMA1_Stream6_IRQHandler
                0x08003c3c                DMA1_Stream1_IRQHandler
                0x08003c3c                UART4_IRQHandler
                0x08003c3c                TIM3_IRQHandler
                0x08003c3c                RCC_IRQHandler
                0x08003c3c                TIM8_BRK_TIM12_IRQHandler
                0x08003c3c                Default_Handler
                0x08003c3c                CEC_IRQHandler
                0x08003c3c                EXTI15_10_IRQHandler
                0x08003c3c                ADC_IRQHandler
                0x08003c3c                DMA1_Stream7_IRQHandler
                0x08003c3c                SPI5_IRQHandler
                0x08003c3c                TIM7_IRQHandler
                0x08003c3c                SDMMC1_IRQHandler
                0x08003c3c                CAN2_TX_IRQHandler
                0x08003c3c                TIM5_IRQHandler
                0x08003c3c                DMA2_Stream7_IRQHandler
                0x08003c3c                I2C3_EV_IRQHandler
                0x08003c3c                EXTI9_5_IRQHandler
                0x08003c3c                RTC_WKUP_IRQHandler
                0x08003c3c                ETH_WKUP_IRQHandler
                0x08003c3c                SPDIF_RX_IRQHandler
                0x08003c3c                SPI2_IRQHandler
                0x08003c3c                OTG_HS_EP1_IN_IRQHandler
                0x08003c3c                DMA1_Stream0_IRQHandler
                0x08003c3c                CAN1_TX_IRQHandler
                0x08003c3c                SVC_Handler
                0x08003c3c                EXTI4_IRQHandler
                0x08003c3c                RNG_IRQHandler
                0x08003c3c                ETH_IRQHandler
                0x08003c3c                OTG_HS_EP1_OUT_IRQHandler
                0x08003c3c                WWDG_IRQHandler
                0x08003c3c                SPI6_IRQHandler
                0x08003c3c                I2C4_EV_IRQHandler
                0x08003c3c                TIM2_IRQHandler
                0x08003c3c                OTG_FS_WKUP_IRQHandler
                0x08003c3c                TIM1_TRG_COM_TIM11_IRQHandler
                0x08003c3c                OTG_HS_IRQHandler
                0x08003c3c                EXTI1_IRQHandler
                0x08003c3c                UART7_IRQHandler
                0x08003c3c                USART2_IRQHandler
                0x08003c3c                I2C2_ER_IRQHandler
                0x08003c3c                DMA2_Stream1_IRQHandler
                0x08003c3c                CAN1_SCE_IRQHandler
                0x08003c3c                FLASH_IRQHandler
                0x08003c3c                DMA2_Stream4_IRQHandler
                0x08003c3c                USART1_IRQHandler
                0x08003c3c                OTG_FS_IRQHandler
                0x08003c3c                SPI3_IRQHandler
                0x08003c3c                DMA1_Stream4_IRQHandler
                0x08003c3c                I2C1_ER_IRQHandler
                0x08003c3c                FMC_IRQHandler
                0x08003c3c                LPTIM1_IRQHandler
                0x08003c3c                I2C4_ER_IRQHandler
                0x08003c3c                DMA2_Stream6_IRQHandler
                0x08003c3c                SAI1_IRQHandler
                0x08003c3c                DMA1_Stream3_IRQHandler
 *fill*         0x08003c3e        0x2 
 .text.__libc_init_array
                0x08003c40       0x48 c:/vsarm/armcc/bin/../lib/gcc/arm-none-eabi/7.3.1/../../../../arm-none-eabi/lib/thumb/v7e-m/fpv4-sp/hard\libc_nano.a(lib_a-init.o)
                0x08003c40                __libc_init_array
 .text.memset   0x08003c88       0x10 c:/vsarm/armcc/bin/../lib/gcc/arm-none-eabi/7.3.1/../../../../arm-none-eabi/lib/thumb/v7e-m/fpv4-sp/hard\libc_nano.a(lib_a-memset.o)
                0x08003c88                memset
 .text._puts_r  0x08003c98       0xb8 c:/vsarm/armcc/bin/../lib/gcc/arm-none-eabi/7.3.1/../../../../arm-none-eabi/lib/thumb/v7e-m/fpv4-sp/hard\libc_nano.a(lib_a-puts.o)
                0x08003c98                _puts_r
 .text.puts     0x08003d50       0x10 c:/vsarm/armcc/bin/../lib/gcc/arm-none-eabi/7.3.1/../../../../arm-none-eabi/lib/thumb/v7e-m/fpv4-sp/hard\libc_nano.a(lib_a-puts.o)
                0x08003d50                puts
 .text.__swbuf_r
                0x08003d60       0xa4 c:/vsarm/armcc/bin/../lib/gcc/arm-none-eabi/7.3.1/../../../../arm-none-eabi/lib/thumb/v7e-m/fpv4-sp/hard\libc_nano.a(lib_a-wbuf.o)
                0x08003d60                __swbuf_r
 .text.__swsetup_r
                0x08003e04       0xdc c:/vsarm/armcc/bin/../lib/gcc/arm-none-eabi/7.3.1/../../../../arm-none-eabi/lib/thumb/v7e-m/fpv4-sp/hard\libc_nano.a(lib_a-wsetup.o)
                0x08003e04                __swsetup_r
 .text.__sflush_r
                0x08003ee0      0x10c c:/vsarm/armcc/bin/../lib/gcc/arm-none-eabi/7.3.1/../../../../arm-none-eabi/lib/thumb/v7e-m/fpv4-sp/hard\libc_nano.a(lib_a-fflush.o)
                0x08003ee0                __sflush_r
 .text._fflush_r
                0x08003fec       0x54 c:/vsarm/armcc/bin/../lib/gcc/arm-none-eabi/7.3.1/../../../../arm-none-eabi/lib/thumb/v7e-m/fpv4-sp/hard\libc_nano.a(lib_a-fflush.o)
                0x08003fec                _fflush_r
 .text.std      0x08004040       0x48 c:/vsarm/armcc/bin/../lib/gcc/arm-none-eabi/7.3.1/../../../../arm-none-eabi/lib/thumb/v7e-m/fpv4-sp/hard\libc_nano.a(lib_a-findfp.o)
 .text._cleanup_r
                0x08004088        0xc c:/vsarm/armcc/bin/../lib/gcc/arm-none-eabi/7.3.1/../../../../arm-none-eabi/lib/thumb/v7e-m/fpv4-sp/hard\libc_nano.a(lib_a-findfp.o)
                0x08004088                _cleanup_r
 .text.__sfmoreglue
                0x08004094       0x2c c:/vsarm/armcc/bin/../lib/gcc/arm-none-eabi/7.3.1/../../../../arm-none-eabi/lib/thumb/v7e-m/fpv4-sp/hard\libc_nano.a(lib_a-findfp.o)
                0x08004094                __sfmoreglue
 .text.__sinit  0x080040c0       0x60 c:/vsarm/armcc/bin/../lib/gcc/arm-none-eabi/7.3.1/../../../../arm-none-eabi/lib/thumb/v7e-m/fpv4-sp/hard\libc_nano.a(lib_a-findfp.o)
                0x080040c0                __sinit
 .text.__sfp    0x08004120       0x78 c:/vsarm/armcc/bin/../lib/gcc/arm-none-eabi/7.3.1/../../../../arm-none-eabi/lib/thumb/v7e-m/fpv4-sp/hard\libc_nano.a(lib_a-findfp.o)
                0x08004120                __sfp
 .text._fwalk_reent
                0x08004198       0x3c c:/vsarm/armcc/bin/../lib/gcc/arm-none-eabi/7.3.1/../../../../arm-none-eabi/lib/thumb/v7e-m/fpv4-sp/hard\libc_nano.a(lib_a-fwalk.o)
                0x08004198                _fwalk_reent
 .text.__swhatbuf_r
                0x080041d4       0x48 c:/vsarm/armcc/bin/../lib/gcc/arm-none-eabi/7.3.1/../../../../arm-none-eabi/lib/thumb/v7e-m/fpv4-sp/hard\libc_nano.a(lib_a-makebuf.o)
                0x080041d4                __swhatbuf_r
 .text.__smakebuf_r
                0x0800421c       0x80 c:/vsarm/armcc/bin/../lib/gcc/arm-none-eabi/7.3.1/../../../../arm-none-eabi/lib/thumb/v7e-m/fpv4-sp/hard\libc_nano.a(lib_a-makebuf.o)
                0x0800421c                __smakebuf_r
 .text._free_r  0x0800429c       0x9c c:/vsarm/armcc/bin/../lib/gcc/arm-none-eabi/7.3.1/../../../../arm-none-eabi/lib/thumb/v7e-m/fpv4-sp/hard\libc_nano.a(lib_a-nano-freer.o)
                0x0800429c                _free_r
 .text._malloc_r
                0x08004338       0xb4 c:/vsarm/armcc/bin/../lib/gcc/arm-none-eabi/7.3.1/../../../../arm-none-eabi/lib/thumb/v7e-m/fpv4-sp/hard\libc_nano.a(lib_a-nano-mallocr.o)
                0x08004338                _malloc_r
 .text._sbrk_r  0x080043ec       0x20 c:/vsarm/armcc/bin/../lib/gcc/arm-none-eabi/7.3.1/../../../../arm-none-eabi/lib/thumb/v7e-m/fpv4-sp/hard\libc_nano.a(lib_a-sbrkr.o)
                0x080043ec                _sbrk_r
 .text.__sread  0x0800440c       0x22 c:/vsarm/armcc/bin/../lib/gcc/arm-none-eabi/7.3.1/../../../../arm-none-eabi/lib/thumb/v7e-m/fpv4-sp/hard\libc_nano.a(lib_a-stdio.o)
                0x0800440c                __sread
 .text.__swrite
                0x0800442e       0x38 c:/vsarm/armcc/bin/../lib/gcc/arm-none-eabi/7.3.1/../../../../arm-none-eabi/lib/thumb/v7e-m/fpv4-sp/hard\libc_nano.a(lib_a-stdio.o)
                0x0800442e                __swrite
 .text.__sseek  0x08004466       0x24 c:/vsarm/armcc/bin/../lib/gcc/arm-none-eabi/7.3.1/../../../../arm-none-eabi/lib/thumb/v7e-m/fpv4-sp/hard\libc_nano.a(lib_a-stdio.o)
                0x08004466                __sseek
 .text.__sclose
                0x0800448a        0x8 c:/vsarm/armcc/bin/../lib/gcc/arm-none-eabi/7.3.1/../../../../arm-none-eabi/lib/thumb/v7e-m/fpv4-sp/hard\libc_nano.a(lib_a-stdio.o)
                0x0800448a                __sclose
 *fill*         0x08004492        0x2 
 .text._write_r
                0x08004494       0x24 c:/vsarm/armcc/bin/../lib/gcc/arm-none-eabi/7.3.1/../../../../arm-none-eabi/lib/thumb/v7e-m/fpv4-sp/hard\libc_nano.a(lib_a-writer.o)
                0x08004494                _write_r
 .text._close_r
                0x080044b8       0x20 c:/vsarm/armcc/bin/../lib/gcc/arm-none-eabi/7.3.1/../../../../arm-none-eabi/lib/thumb/v7e-m/fpv4-sp/hard\libc_nano.a(lib_a-closer.o)
                0x080044b8                _close_r
 .text._fstat_r
                0x080044d8       0x24 c:/vsarm/armcc/bin/../lib/gcc/arm-none-eabi/7.3.1/../../../../arm-none-eabi/lib/thumb/v7e-m/fpv4-sp/hard\libc_nano.a(lib_a-fstatr.o)
                0x080044d8                _fstat_r
 .text._isatty_r
                0x080044fc       0x20 c:/vsarm/armcc/bin/../lib/gcc/arm-none-eabi/7.3.1/../../../../arm-none-eabi/lib/thumb/v7e-m/fpv4-sp/hard\libc_nano.a(lib_a-isattyr.o)
                0x080044fc                _isatty_r
 .text._lseek_r
                0x0800451c       0x24 c:/vsarm/armcc/bin/../lib/gcc/arm-none-eabi/7.3.1/../../../../arm-none-eabi/lib/thumb/v7e-m/fpv4-sp/hard\libc_nano.a(lib_a-lseekr.o)
                0x0800451c                _lseek_r
 .text.__malloc_lock
                0x08004540        0x2 c:/vsarm/armcc/bin/../lib/gcc/arm-none-eabi/7.3.1/../../../../arm-none-eabi/lib/thumb/v7e-m/fpv4-sp/hard\libc_nano.a(lib_a-mlock.o)
                0x08004540                __malloc_lock
 .text.__malloc_unlock
                0x08004542        0x2 c:/vsarm/armcc/bin/../lib/gcc/arm-none-eabi/7.3.1/../../../../arm-none-eabi/lib/thumb/v7e-m/fpv4-sp/hard\libc_nano.a(lib_a-mlock.o)
                0x08004542                __malloc_unlock
 .text._read_r  0x08004544       0x24 c:/vsarm/armcc/bin/../lib/gcc/arm-none-eabi/7.3.1/../../../../arm-none-eabi/lib/thumb/v7e-m/fpv4-sp/hard\libc_nano.a(lib_a-readr.o)
                0x08004544                _read_r
 .text._close   0x08004568       0x10 c:/vsarm/armcc/bin/../lib/gcc/arm-none-eabi/7.3.1/../../../../arm-none-eabi/lib/thumb/v7e-m/fpv4-sp/hard\libnosys.a(close.o)
                0x08004568                _close
 .text._fstat   0x08004578       0x10 c:/vsarm/armcc/bin/../lib/gcc/arm-none-eabi/7.3.1/../../../../arm-none-eabi/lib/thumb/v7e-m/fpv4-sp/hard\libnosys.a(fstat.o)
                0x08004578                _fstat
 .text._isatty  0x08004588       0x10 c:/vsarm/armcc/bin/../lib/gcc/arm-none-eabi/7.3.1/../../../../arm-none-eabi/lib/thumb/v7e-m/fpv4-sp/hard\libnosys.a(isatty.o)
                0x08004588                _isatty
 .text._lseek   0x08004598       0x10 c:/vsarm/armcc/bin/../lib/gcc/arm-none-eabi/7.3.1/../../../../arm-none-eabi/lib/thumb/v7e-m/fpv4-sp/hard\libnosys.a(lseek.o)
                0x08004598                _lseek
 .text._read    0x080045a8       0x10 c:/vsarm/armcc/bin/../lib/gcc/arm-none-eabi/7.3.1/../../../../arm-none-eabi/lib/thumb/v7e-m/fpv4-sp/hard\libnosys.a(read.o)
                0x080045a8                _read
 .text._sbrk    0x080045b8       0x1c c:/vsarm/armcc/bin/../lib/gcc/arm-none-eabi/7.3.1/../../../../arm-none-eabi/lib/thumb/v7e-m/fpv4-sp/hard\libnosys.a(sbrk.o)
                0x080045b8                _sbrk
 .text._Color2Index_M8888I
                0x080045d4       0x1c Middlewares/STemWin/Lib/STemWin_CM7_wc32.a(GUICC_M8888I.o)
 .text._GetIndexMask_M8888I
                0x080045f0        0x6 Middlewares/STemWin/Lib/STemWin_CM7_wc32.a(GUICC_M8888I.o)
 *fill*         0x080045f6        0x2 
 .text._Color2IndexBulk_M8888I
                0x080045f8       0x58 Middlewares/STemWin/Lib/STemWin_CM7_wc32.a(GUICC_M8888I.o)
 .text._Index2ColorBulk_M8888I
                0x08004650       0x58 Middlewares/STemWin/Lib/STemWin_CM7_wc32.a(GUICC_M8888I.o)
 .text.LCD_Index2Color_M8888I
                0x080046a8       0x1c Middlewares/STemWin/Lib/STemWin_CM7_wc32.a(GUICC_M8888I_Index2Color.o)
                0x080046a8                LCD_Index2Color_M8888I
 .text._PushFreeBlock
                0x080046c4       0x24 Middlewares/STemWin/Lib/STemWin_CM7_wc32.a(GUI_Alloc.o)
 .text._RemoveFreeBlock
                0x080046e8       0x40 Middlewares/STemWin/Lib/STemWin_CM7_wc32.a(GUI_Alloc.o)
 .text._AddFreeMemory
                0x08004728       0xa4 Middlewares/STemWin/Lib/STemWin_CM7_wc32.a(GUI_Alloc.o)
 .text._RemoveHoles
                0x080047cc       0x98 Middlewares/STemWin/Lib/STemWin_CM7_wc32.a(GUI_Alloc.o)
 .text.GUI_ALLOC_FreeFixedBlock
                0x08004864       0x14 Middlewares/STemWin/Lib/STemWin_CM7_wc32.a(GUI_Alloc.o)
                0x08004864                GUI_ALLOC_FreeFixedBlock
 .text.GUI_ALLOC_h2p
                0x08004878       0x14 Middlewares/STemWin/Lib/STemWin_CM7_wc32.a(GUI_Alloc.o)
                0x08004878                GUI_ALLOC_h2p
 .text.GUI_ALLOC_LockH
                0x0800488c       0x1c Middlewares/STemWin/Lib/STemWin_CM7_wc32.a(GUI_Alloc.o)
                0x0800488c                GUI_ALLOC_LockH
 .text.GUI_ALLOC_UnlockH
                0x080048a8       0x30 Middlewares/STemWin/Lib/STemWin_CM7_wc32.a(GUI_Alloc.o)
                0x080048a8                GUI_ALLOC_UnlockH
 .text.GUI_ALLOC_AssignMemory
                0x080048d8       0x10 Middlewares/STemWin/Lib/STemWin_CM7_wc32.a(GUI_Alloc.o)
                0x080048d8                GUI_ALLOC_AssignMemory
 .text.GUI_ALLOC_GetSize
                0x080048e8       0x18 Middlewares/STemWin/Lib/STemWin_CM7_wc32.a(GUI_Alloc.o)
                0x080048e8                GUI_ALLOC_GetSize
 .text.GUI_ALLOC_Free
                0x08004900       0x28 Middlewares/STemWin/Lib/STemWin_CM7_wc32.a(GUI_Alloc.o)
                0x08004900                GUI_ALLOC_Free
 .text._EnlargeBlocks
                0x08004928       0x9c Middlewares/STemWin/Lib/STemWin_CM7_wc32.a(GUI_Alloc.o)
 .text._InitOnce
                0x080049c4       0x68 Middlewares/STemWin/Lib/STemWin_CM7_wc32.a(GUI_Alloc.o)
 .text.GUI_ALLOC_GetFixedBlock
                0x08004a2c       0xa4 Middlewares/STemWin/Lib/STemWin_CM7_wc32.a(GUI_Alloc.o)
                0x08004a2c                GUI_ALLOC_GetFixedBlock
 .text.GUI_ALLOC_GetMaxSize
                0x08004ad0       0x3c Middlewares/STemWin/Lib/STemWin_CM7_wc32.a(GUI_Alloc.o)
                0x08004ad0                GUI_ALLOC_GetMaxSize
 .text.GUI_ALLOC_RequestSize
                0x08004b0c       0x28 Middlewares/STemWin/Lib/STemWin_CM7_wc32.a(GUI_Alloc.o)
                0x08004b0c                GUI_ALLOC_RequestSize
 .text._Alloc   0x08004b34       0xf0 Middlewares/STemWin/Lib/STemWin_CM7_wc32.a(GUI_Alloc.o)
 .text.GUI_ALLOC_AllocNoInit
                0x08004c24        0x8 Middlewares/STemWin/Lib/STemWin_CM7_wc32.a(GUI_Alloc.o)
                0x08004c24                GUI_ALLOC_AllocNoInit
 .text.GUI_ALLOC_FreePtr
                0x08004c2c       0x10 Middlewares/STemWin/Lib/STemWin_CM7_wc32.a(GUI_Alloc.o)
                0x08004c2c                GUI_ALLOC_FreePtr
 .text.GUI_ALLOC_FreePtrArray
                0x08004c3c       0x1a Middlewares/STemWin/Lib/STemWin_CM7_wc32.a(GUI_Alloc.o)
                0x08004c3c                GUI_ALLOC_FreePtrArray
 *fill*         0x08004c56        0x2 
 .text.GUI_ALLOC_AllocZero
                0x08004c58       0x30 Middlewares/STemWin/Lib/STemWin_CM7_wc32.a(GUI_Alloc.o)
                0x08004c58                GUI_ALLOC_AllocZero
 .text.GUI_ALLOC_Realloc
                0x08004c88       0x5c Middlewares/STemWin/Lib/STemWin_CM7_wc32.a(GUI_Alloc.o)
                0x08004c88                GUI_ALLOC_Realloc
 .text.GUI__GetFontSizeY
                0x08004ce4       0x14 Middlewares/STemWin/Lib/STemWin_CM7_wc32.a(GUI_Common.o)
                0x08004ce4                GUI__GetFontSizeY
 .text.GUI__InvertRectColors
                0x08004cf8       0x54 Middlewares/STemWin/Lib/STemWin_CM7_wc32.a(GUI_Common.o)
                0x08004cf8                GUI__InvertRectColors
 .text.GUI_CalcColorDist
                0x08004d4c       0x4e Middlewares/STemWin/Lib/STemWin_CM7_wc32.a(GUI_Common.o)
                0x08004d4c                GUI_CalcColorDist
 .text.GUI_GetClientRect
                0x08004d9a        0x8 Middlewares/STemWin/Lib/STemWin_CM7_wc32.a(GUI_Common.o)
                0x08004d9a                GUI_GetClientRect
 .text.GUI_GetBkColor
                0x08004da2        0xe Middlewares/STemWin/Lib/STemWin_CM7_wc32.a(GUI_Common.o)
                0x08004da2                GUI_GetBkColor
 .text.GUI_GetColor
                0x08004db0        0xe Middlewares/STemWin/Lib/STemWin_CM7_wc32.a(GUI_Common.o)
                0x08004db0                GUI_GetColor
 *fill*         0x08004dbe        0x2 
 .text.GUI_GetDrawMode
                0x08004dc0        0xc Middlewares/STemWin/Lib/STemWin_CM7_wc32.a(GUI_Common.o)
                0x08004dc0                GUI_GetDrawMode
 .text.GUI_GetFontSizeY
                0x08004dcc        0x4 Middlewares/STemWin/Lib/STemWin_CM7_wc32.a(GUI_Common.o)
                0x08004dcc                GUI_GetFontSizeY
 .text.GUI_GetOrg
                0x08004dd0       0x1c Middlewares/STemWin/Lib/STemWin_CM7_wc32.a(GUI_Common.o)
                0x08004dd0                GUI_GetOrg
 .text.GUI_GetVersionString
                0x08004dec       0x18 Middlewares/STemWin/Lib/STemWin_CM7_wc32.a(GUI_Common.o)
                0x08004dec                GUI_GetVersionString
 .text.GUI_GetYSizeOfFont
                0x08004e04        0x8 Middlewares/STemWin/Lib/STemWin_CM7_wc32.a(GUI_Common.o)
                0x08004e04                GUI_GetYSizeOfFont
 .text.GUI_GetYDistOfFont
                0x08004e0c        0x4 Middlewares/STemWin/Lib/STemWin_CM7_wc32.a(GUI_Common.o)
                0x08004e0c                GUI_GetYDistOfFont
 .text.GUI_MergeRect
                0x08004e10       0x56 Middlewares/STemWin/Lib/STemWin_CM7_wc32.a(GUI_Common.o)
                0x08004e10                GUI_MergeRect
 .text.GUI_MoveRect
                0x08004e66       0x20 Middlewares/STemWin/Lib/STemWin_CM7_wc32.a(GUI_Common.o)
                0x08004e66                GUI_MoveRect
 *fill*         0x08004e86        0x2 
 .text.GUI_Exec1
                0x08004e88       0x40 Middlewares/STemWin/Lib/STemWin_CM7_wc32.a(GUI_Common.o)
                0x08004e88                GUI_Exec1
 .text.GUI_Exec
                0x08004ec8       0x12 Middlewares/STemWin/Lib/STemWin_CM7_wc32.a(GUI_Common.o)
                0x08004ec8                GUI_Exec
 *fill*         0x08004eda        0x2 
 .text.GUI_GotoXY
                0x08004edc       0x10 Middlewares/STemWin/Lib/STemWin_CM7_wc32.a(GUI_Common.o)
                0x08004edc                GUI_GotoXY
 .text.GUI_SetPenSize
                0x08004eec       0x10 Middlewares/STemWin/Lib/STemWin_CM7_wc32.a(GUI_Common.o)
                0x08004eec                GUI_SetPenSize
 .text.GUI_RectsIntersect
                0x08004efc       0x3a Middlewares/STemWin/Lib/STemWin_CM7_wc32.a(GUI_Common.o)
                0x08004efc                GUI_RectsIntersect
 *fill*         0x08004f36        0x2 
 .text.GUI_SaveContext_W
                0x08004f38       0x14 Middlewares/STemWin/Lib/STemWin_CM7_wc32.a(GUI_Common.o)
                0x08004f38                GUI_SaveContext_W
 .text.GUI_RestoreContext
                0x08004f4c       0x14 Middlewares/STemWin/Lib/STemWin_CM7_wc32.a(GUI_Common.o)
                0x08004f4c                GUI_RestoreContext
 .text.GUI_SelectLCD
                0x08004f60       0x12 Middlewares/STemWin/Lib/STemWin_CM7_wc32.a(GUI_Common.o)
                0x08004f60                GUI_SelectLCD
 .text.GUI_SetBkColor
                0x08004f72        0x4 Middlewares/STemWin/Lib/STemWin_CM7_wc32.a(GUI_Common.o)
                0x08004f72                GUI_SetBkColor
 .text.GUI_SetColor
                0x08004f76        0x4 Middlewares/STemWin/Lib/STemWin_CM7_wc32.a(GUI_Common.o)
                0x08004f76                GUI_SetColor
 .text.GUI_SetDrawMode
                0x08004f7a        0x4 Middlewares/STemWin/Lib/STemWin_CM7_wc32.a(GUI_Common.o)
                0x08004f7a                GUI_SetDrawMode
 *fill*         0x08004f7e        0x2 
 .text.GUI_SetFont
                0x08004f80       0x14 Middlewares/STemWin/Lib/STemWin_CM7_wc32.a(GUI_Common.o)
                0x08004f80                GUI_SetFont
 .text.GUI_SetLineStyle
                0x08004f94       0x10 Middlewares/STemWin/Lib/STemWin_CM7_wc32.a(GUI_Common.o)
                0x08004f94                GUI_SetLineStyle
 .text.GUI_SetOrg
                0x08004fa4       0x38 Middlewares/STemWin/Lib/STemWin_CM7_wc32.a(GUI_Common.o)
                0x08004fa4                GUI_SetOrg
 .text.GUI_SetTextAlign
                0x08004fdc       0x14 Middlewares/STemWin/Lib/STemWin_CM7_wc32.a(GUI_Common.o)
                0x08004fdc                GUI_SetTextAlign
 .text.GUI_SetTextMode
                0x08004ff0       0x14 Middlewares/STemWin/Lib/STemWin_CM7_wc32.a(GUI_Common.o)
                0x08004ff0                GUI_SetTextMode
 .text.GL_SetDefault
                0x08005004       0x48 Middlewares/STemWin/Lib/STemWin_CM7_wc32.a(GUI_Common.o)
                0x08005004                GL_SetDefault
 .text._InitContext
                0x0800504c       0x84 Middlewares/STemWin/Lib/STemWin_CM7_wc32.a(GUI_Core.o)
 .text._OnExit  0x080050d0       0x48 Middlewares/STemWin/Lib/STemWin_CM7_wc32.a(GUI_Core.o)
 .text.GUI_ClearRect
                0x08005118       0x64 Middlewares/STemWin/Lib/STemWin_CM7_wc32.a(GUI_Core.o)
                0x08005118                GUI_ClearRect
 .text.GUI_Clear
                0x0800517c       0x20 Middlewares/STemWin/Lib/STemWin_CM7_wc32.a(GUI_Core.o)
                0x0800517c                GUI_Clear
 .text.GUI__Config
                0x0800519c       0x98 Middlewares/STemWin/Lib/STemWin_CM7_wc32.a(GUI_Core.o)
                0x0800519c                GUI__Config
 .text.GUI_Init
                0x08005234      0x188 Middlewares/STemWin/Lib/STemWin_CM7_wc32.a(GUI_Core.o)
                0x08005234                GUI_Init
 .text.GUI__RegisterExit
                0x080053bc       0x28 Middlewares/STemWin/Lib/STemWin_CM7_wc32.a(GUI_Core.o)
                0x080053bc                GUI__RegisterExit
 .text.GUI_DEVICE__GetpDriver
                0x080053e4       0x20 Middlewares/STemWin/Lib/STemWin_CM7_wc32.a(GUI_Device.o)
                0x080053e4                GUI_DEVICE__GetpDriver
 .text.GUI_DEVICE_Delete
                0x08005404        0x4 Middlewares/STemWin/Lib/STemWin_CM7_wc32.a(GUI_Device.o)
                0x08005404                GUI_DEVICE_Delete
 .text.GUI_DEVICE_Create
                0x08005408       0x4c Middlewares/STemWin/Lib/STemWin_CM7_wc32.a(GUI_Device.o)
                0x08005408                GUI_DEVICE_Create
 .text.GUI_DEVICE_Unlink
                0x08005454       0x30 Middlewares/STemWin/Lib/STemWin_CM7_wc32.a(GUI_Device.o)
                0x08005454                GUI_DEVICE_Unlink
 .text.GUI_DEVICE_Link
                0x08005484       0x84 Middlewares/STemWin/Lib/STemWin_CM7_wc32.a(GUI_Device.o)
                0x08005484                GUI_DEVICE_Link
 .text.GUI_DEVICE_CreateAndLink
                0x08005508       0x28 Middlewares/STemWin/Lib/STemWin_CM7_wc32.a(GUI_Device.o)
                0x08005508                GUI_DEVICE_CreateAndLink
 .text.GUI_DispString
                0x08005530      0x118 Middlewares/STemWin/Lib/STemWin_CM7_wc32.a(GUI_DispString.o)
                0x08005530                GUI_DispString
 .text.GUI_DispStringAt
                0x08005648       0x10 Middlewares/STemWin/Lib/STemWin_CM7_wc32.a(GUI_DispString.o)
                0x08005648                GUI_DispStringAt
 .text.GUI__DispStringInRect
                0x08005658      0x14c Middlewares/STemWin/Lib/STemWin_CM7_wc32.a(GUI_DispString.o)
                0x08005658                GUI__DispStringInRect
 .text.GUI_DispStringInRectMax
                0x080057a4       0x46 Middlewares/STemWin/Lib/STemWin_CM7_wc32.a(GUI_DispString.o)
                0x080057a4                GUI_DispStringInRectMax
 .text.GUI_DispStringInRect
                0x080057ea        0x8 Middlewares/STemWin/Lib/STemWin_CM7_wc32.a(GUI_DispString.o)
                0x080057ea                GUI_DispStringInRect
 .text.GUI_WrapGetNumLines
                0x080057f2       0x20 Middlewares/STemWin/Lib/STemWin_CM7_wc32.a(GUI_DispString.o)
                0x080057f2                GUI_WrapGetNumLines
 .text.GUI_DispStringInRectWrap
                0x08005812      0x146 Middlewares/STemWin/Lib/STemWin_CM7_wc32.a(GUI_DispString.o)
                0x08005812                GUI_DispStringInRectWrap
 .text._OnExit  0x08005958       0x48 Middlewares/STemWin/Lib/STemWin_CM7_wc32.a(GUI_MULTIBUF.o)
 .text.GUI_MULTIBUF_ConfirmEx
                0x080059a0       0x28 Middlewares/STemWin/Lib/STemWin_CM7_wc32.a(GUI_MULTIBUF.o)
                0x080059a0                GUI_MULTIBUF_ConfirmEx
 .text.GUI_MULTIBUF_ConfigEx
                0x080059c8       0x38 Middlewares/STemWin/Lib/STemWin_CM7_wc32.a(GUI_MULTIBUF.o)
                0x080059c8                GUI_MULTIBUF_ConfigEx
 .text.GUI_StoreKey
                0x08005a00       0x10 Middlewares/STemWin/Lib/STemWin_CM7_wc32.a(GUI_OnKey.o)
                0x08005a00                GUI_StoreKey
 .text.GUI_PollKeyMsg
                0x08005a10       0x30 Middlewares/STemWin/Lib/STemWin_CM7_wc32.a(GUI_OnKey.o)
                0x08005a10                GUI_PollKeyMsg
 .text.GUI_GetLayerPosEx
                0x08005a40       0x14 Middlewares/STemWin/Lib/STemWin_CM7_wc32.a(GUI_SelectLayer.o)
                0x08005a40                GUI_GetLayerPosEx
 .text.GUI_SelectLayer
                0x08005a54       0x2c Middlewares/STemWin/Lib/STemWin_CM7_wc32.a(GUI_SelectLayer.o)
                0x08005a54                GUI_SelectLayer
 .text.GUI_GetTime
                0x08005a80        0x4 Middlewares/STemWin/Lib/STemWin_CM7_wc32.a(GUI_Time.o)
                0x08005a80                GUI_GetTime
 .text.GUI_Delay
                0x08005a84       0x30 Middlewares/STemWin/Lib/STemWin_CM7_wc32.a(GUI_Time.o)
                0x08005a84                GUI_Delay
 .text.GUI_UC_GetCharSize
                0x08005ab4        0xc Middlewares/STemWin/Lib/STemWin_CM7_wc32.a(GUI_UC.o)
                0x08005ab4                GUI_UC_GetCharSize
 .text.GUI_UC_GetCharCode
                0x08005ac0        0xc Middlewares/STemWin/Lib/STemWin_CM7_wc32.a(GUI_UC.o)
                0x08005ac0                GUI_UC_GetCharCode
 .text.GUI_UC_Encode
                0x08005acc        0xc Middlewares/STemWin/Lib/STemWin_CM7_wc32.a(GUI_UC.o)
                0x08005acc                GUI_UC_Encode
 .text.GUI_UC__CalcSizeOfChar
                0x08005ad8        0xc Middlewares/STemWin/Lib/STemWin_CM7_wc32.a(GUI_UC.o)
                0x08005ad8                GUI_UC__CalcSizeOfChar
 .text.GUI_UC__GetCharCodeInc
                0x08005ae4       0x28 Middlewares/STemWin/Lib/STemWin_CM7_wc32.a(GUI_UC.o)
                0x08005ae4                GUI_UC__GetCharCodeInc
 .text.GUI_UC__NumChars2NumBytes
                0x08005b0c       0x24 Middlewares/STemWin/Lib/STemWin_CM7_wc32.a(GUI_UC.o)
                0x08005b0c                GUI_UC__NumChars2NumBytes
 .text.GUI_UC__NumBytes2NumChars
                0x08005b30       0x30 Middlewares/STemWin/Lib/STemWin_CM7_wc32.a(GUI_UC.o)
                0x08005b30                GUI_UC__NumBytes2NumChars
 .text.GUI__GetNumChars
                0x08005b60       0x1c Middlewares/STemWin/Lib/STemWin_CM7_wc32.a(GUI_UC.o)
                0x08005b60                GUI__GetNumChars
 .text._GetCharCode
                0x08005b7c        0x4 Middlewares/STemWin/Lib/STemWin_CM7_wc32.a(GUI_UC_EncodeNone.o)
 .text._GetCharSize
                0x08005b80        0x4 Middlewares/STemWin/Lib/STemWin_CM7_wc32.a(GUI_UC_EncodeNone.o)
 .text._CalcSizeOfChar
                0x08005b84        0x4 Middlewares/STemWin/Lib/STemWin_CM7_wc32.a(GUI_UC_EncodeNone.o)
 .text._Encode  0x08005b88        0x6 Middlewares/STemWin/Lib/STemWin_CM7_wc32.a(GUI_UC_EncodeNone.o)
 *fill*         0x08005b8e        0x2 
 .text.GUI_SignalEvent
                0x08005b90       0x10 Middlewares/STemWin/Lib/STemWin_CM7_wc32.a(GUI_WaitEvent.o)
                0x08005b90                GUI_SignalEvent
 .text.GUI__DivideRound32
                0x08005ba0       0x18 Middlewares/STemWin/Lib/STemWin_CM7_wc32.a(GUI__Private.o)
                0x08005ba0                GUI__DivideRound32
 .text.GUI__HandleEOLine
                0x08005bb8       0x26 Middlewares/STemWin/Lib/STemWin_CM7_wc32.a(GUI__Private.o)
                0x08005bb8                GUI__HandleEOLine
 .text.GUI__IntersectRect
                0x08005bde       0x3a Middlewares/STemWin/Lib/STemWin_CM7_wc32.a(GUI__Private.o)
                0x08005bde                GUI__IntersectRect
 .text.GUI__IntersectRects
                0x08005c18       0x56 Middlewares/STemWin/Lib/STemWin_CM7_wc32.a(GUI__Private.o)
                0x08005c18                GUI__IntersectRects
 .text.GUI__memset
                0x08005c6e       0x5e Middlewares/STemWin/Lib/STemWin_CM7_wc32.a(GUI__Private.o)
                0x08005c6e                GUI__memset
 .text.GUI__ReduceRect
                0x08005ccc       0x1c Middlewares/STemWin/Lib/STemWin_CM7_wc32.a(GUI__Private.o)
                0x08005ccc                GUI__ReduceRect
 .text.GUI__sqrt32
                0x08005ce8       0x24 Middlewares/STemWin/Lib/STemWin_CM7_wc32.a(GUI__Private.o)
                0x08005ce8                GUI__sqrt32
 .text.GUI__strcmp
                0x08005d0c       0x2c Middlewares/STemWin/Lib/STemWin_CM7_wc32.a(GUI__Private.o)
                0x08005d0c                GUI__strcmp
 .text.GUI__strcmp_hp
                0x08005d38       0x28 Middlewares/STemWin/Lib/STemWin_CM7_wc32.a(GUI__Private.o)
                0x08005d38                GUI__strcmp_hp
 .text.GUI__strlen
                0x08005d60       0x18 Middlewares/STemWin/Lib/STemWin_CM7_wc32.a(GUI__Private.o)
                0x08005d60                GUI__strlen
 .text.GUI__SetText
                0x08005d78       0x7c Middlewares/STemWin/Lib/STemWin_CM7_wc32.a(GUI__Private.o)
                0x08005d78                GUI__SetText
 .text._GetWordWrap
                0x08005df4       0x98 Middlewares/STemWin/Lib/STemWin_CM7_wc32.a(GUI__Wrap.o)
 .text._GetCharWrap
                0x08005e8c       0x36 Middlewares/STemWin/Lib/STemWin_CM7_wc32.a(GUI__Wrap.o)
 *fill*         0x08005ec2        0x2 
 .text._WrapGetNumCharsDisp
                0x08005ec4       0x34 Middlewares/STemWin/Lib/STemWin_CM7_wc32.a(GUI__Wrap.o)
 .text.GUI__WrapGetNumCharsDisp
                0x08005ef8        0x6 Middlewares/STemWin/Lib/STemWin_CM7_wc32.a(GUI__Wrap.o)
                0x08005ef8                GUI__WrapGetNumCharsDisp
 .text.GUI__WrapGetNumCharsToNextLine
                0x08005efe       0x5c Middlewares/STemWin/Lib/STemWin_CM7_wc32.a(GUI__Wrap.o)
                0x08005efe                GUI__WrapGetNumCharsToNextLine
 .text.GUI__WrapGetNumBytesToNextLine
                0x08005f5a       0x14 Middlewares/STemWin/Lib/STemWin_CM7_wc32.a(GUI__Wrap.o)
                0x08005f5a                GUI__WrapGetNumBytesToNextLine
 *fill*         0x08005f6e        0x2 
 .text._SetDrawMode
                0x08005f70       0x28 Middlewares/STemWin/Lib/STemWin_CM7_wc32.a(LCD.o)
 .text.LCD_SetDrawMode
                0x08005f98        0xc Middlewares/STemWin/Lib/STemWin_CM7_wc32.a(LCD.o)
                0x08005f98                LCD_SetDrawMode
 .text.LCD_DrawPixel
                0x08005fa4       0x60 Middlewares/STemWin/Lib/STemWin_CM7_wc32.a(LCD.o)
                0x08005fa4                LCD_DrawPixel
 .text.LCD_DrawHLine
                0x08006004       0x50 Middlewares/STemWin/Lib/STemWin_CM7_wc32.a(LCD.o)
                0x08006004                LCD_DrawHLine
 .text.LCD_DrawVLine
                0x08006054       0x54 Middlewares/STemWin/Lib/STemWin_CM7_wc32.a(LCD.o)
                0x08006054                LCD_DrawVLine
 .text.LCD_FillRect
                0x080060a8       0x58 Middlewares/STemWin/Lib/STemWin_CM7_wc32.a(LCD.o)
                0x080060a8                LCD_FillRect
 .text.LCD__DrawBitmap_1bpp
                0x08006100      0x1d8 Middlewares/STemWin/Lib/STemWin_CM7_wc32.a(LCD.o)
                0x08006100                LCD__DrawBitmap_1bpp
 .text.LCD_DrawBitmap
                0x080062d8      0x224 Middlewares/STemWin/Lib/STemWin_CM7_wc32.a(LCD.o)
                0x080062d8                LCD_DrawBitmap
 .text.LCD_SetClipRectMax
                0x080064fc       0x1c Middlewares/STemWin/Lib/STemWin_CM7_wc32.a(LCD.o)
                0x080064fc                LCD_SetClipRectMax
 .text.emWin_LCD_Init
                0x08006518       0xa4 Middlewares/STemWin/Lib/STemWin_CM7_wc32.a(LCD.o)
                0x08006518                emWin_LCD_Init
 .text.LCD_Color2Index
                0x080065bc       0x1c Middlewares/STemWin/Lib/STemWin_CM7_wc32.a(LCD.o)
                0x080065bc                LCD_Color2Index
 .text.LCD_Index2Color
                0x080065d8       0x1c Middlewares/STemWin/Lib/STemWin_CM7_wc32.a(LCD.o)
                0x080065d8                LCD_Index2Color
 .text.LCD_SetColorIndex
                0x080065f4       0x18 Middlewares/STemWin/Lib/STemWin_CM7_wc32.a(LCD.o)
                0x080065f4                LCD_SetColorIndex
 .text._SetColor
                0x0800660c       0x20 Middlewares/STemWin/Lib/STemWin_CM7_wc32.a(LCD.o)
 .text.LCD_SetBkColorIndex
                0x0800662c       0x18 Middlewares/STemWin/Lib/STemWin_CM7_wc32.a(LCD.o)
                0x0800662c                LCD_SetBkColorIndex
 .text._SetBkColor
                0x08006644       0x20 Middlewares/STemWin/Lib/STemWin_CM7_wc32.a(LCD.o)
 .text.LCD_SetBkColor
                0x08006664        0xc Middlewares/STemWin/Lib/STemWin_CM7_wc32.a(LCD.o)
                0x08006664                LCD_SetBkColor
 .text.LCD_SetColor
                0x08006670        0xc Middlewares/STemWin/Lib/STemWin_CM7_wc32.a(LCD.o)
                0x08006670                LCD_SetColor
 .text.LCD_SetPixelIndex
                0x0800667c       0x4c Middlewares/STemWin/Lib/STemWin_CM7_wc32.a(LCD.o)
                0x0800667c                LCD_SetPixelIndex
 .text._OnExit  0x080066c8       0x1c Middlewares/STemWin/Lib/STemWin_CM7_wc32.a(LCD_Color.o)
 .text.LCD_InitColors
                0x080066e4       0x3c Middlewares/STemWin/Lib/STemWin_CM7_wc32.a(LCD_Color.o)
                0x080066e4                LCD_InitColors
 .text.LCD_GetpPalConvTableUncached
                0x08006720       0x6c Middlewares/STemWin/Lib/STemWin_CM7_wc32.a(LCD_Color.o)
                0x08006720                LCD_GetpPalConvTableUncached
 .text.LCD_GetpPalConvTableBM
                0x0800678c        0x4 Middlewares/STemWin/Lib/STemWin_CM7_wc32.a(LCD_Color.o)
                0x0800678c                LCD_GetpPalConvTableBM
 .text.LCD_InitLUT
                0x08006790       0x88 Middlewares/STemWin/Lib/STemWin_CM7_wc32.a(LCD_Color.o)
                0x08006790                LCD_InitLUT
 .text.LCD_GetBkColorIndex
                0x08006818       0x10 Middlewares/STemWin/Lib/STemWin_CM7_wc32.a(LCD_GetColorIndex.o)
                0x08006818                LCD_GetBkColorIndex
 .text.LCD_GetColorIndex
                0x08006828       0x10 Middlewares/STemWin/Lib/STemWin_CM7_wc32.a(LCD_GetColorIndex.o)
                0x08006828                LCD_GetColorIndex
 .text._GetDevProp
                0x08006838       0x1e Middlewares/STemWin/Lib/STemWin_CM7_wc32.a(LCD_GetEx.o)
 .text._GetMaxValue
                0x08006856       0x22 Middlewares/STemWin/Lib/STemWin_CM7_wc32.a(LCD_GetEx.o)
 .text.LCD_GetXSizeEx
                0x08006878        0x6 Middlewares/STemWin/Lib/STemWin_CM7_wc32.a(LCD_GetEx.o)
                0x08006878                LCD_GetXSizeEx
 .text.LCD_GetYSizeEx
                0x0800687e        0x6 Middlewares/STemWin/Lib/STemWin_CM7_wc32.a(LCD_GetEx.o)
                0x0800687e                LCD_GetYSizeEx
 .text.LCD_GetVXSizeEx
                0x08006884        0x6 Middlewares/STemWin/Lib/STemWin_CM7_wc32.a(LCD_GetEx.o)
                0x08006884                LCD_GetVXSizeEx
 .text.LCD_GetVYSizeEx
                0x0800688a        0x6 Middlewares/STemWin/Lib/STemWin_CM7_wc32.a(LCD_GetEx.o)
                0x0800688a                LCD_GetVYSizeEx
 .text.LCD_GetBitsPerPixelEx
                0x08006890        0x6 Middlewares/STemWin/Lib/STemWin_CM7_wc32.a(LCD_GetEx.o)
                0x08006890                LCD_GetBitsPerPixelEx
 .text.LCD_GetNumColorsEx
                0x08006896        0x6 Middlewares/STemWin/Lib/STemWin_CM7_wc32.a(LCD_GetEx.o)
                0x08006896                LCD_GetNumColorsEx
 .text.LCD_GetMirrorXEx
                0x0800689c        0x6 Middlewares/STemWin/Lib/STemWin_CM7_wc32.a(LCD_GetEx.o)
                0x0800689c                LCD_GetMirrorXEx
 .text.LCD_GetMirrorYEx
                0x080068a2        0x6 Middlewares/STemWin/Lib/STemWin_CM7_wc32.a(LCD_GetEx.o)
                0x080068a2                LCD_GetMirrorYEx
 .text.LCD_GetSwapXYEx
                0x080068a8        0x6 Middlewares/STemWin/Lib/STemWin_CM7_wc32.a(LCD_GetEx.o)
                0x080068a8                LCD_GetSwapXYEx
 *fill*         0x080068ae        0x2 
 .text.LCD_GetXSize
                0x080068b0       0x10 Middlewares/STemWin/Lib/STemWin_CM7_wc32.a(LCD_GetEx.o)
                0x080068b0                LCD_GetXSize
 .text.LCD_GetYSize
                0x080068c0       0x10 Middlewares/STemWin/Lib/STemWin_CM7_wc32.a(LCD_GetEx.o)
                0x080068c0                LCD_GetYSize
 .text.LCD_GetNumColors
                0x080068d0       0x10 Middlewares/STemWin/Lib/STemWin_CM7_wc32.a(LCD_GetEx.o)
                0x080068d0                LCD_GetNumColors
 .text.GUI_GetBitsPerPixelEx
                0x080068e0       0x14 Middlewares/STemWin/Lib/STemWin_CM7_wc32.a(LCD_GetEx.o)
                0x080068e0                GUI_GetBitsPerPixelEx
 .text.LCD_GetPaletteEx
                0x080068f4       0x16 Middlewares/STemWin/Lib/STemWin_CM7_wc32.a(LCD_GetEx.o)
                0x080068f4                LCD_GetPaletteEx
 *fill*         0x0800690a        0x2 
 .text.LCD_GetPalette
                0x0800690c       0x10 Middlewares/STemWin/Lib/STemWin_CM7_wc32.a(LCD_GetEx.o)
                0x0800690c                LCD_GetPalette
 .text.GUI_GetpfIndex2ColorEx
                0x0800691c       0x10 Middlewares/STemWin/Lib/STemWin_CM7_wc32.a(LCD_GetEx.o)
                0x0800691c                GUI_GetpfIndex2ColorEx
 .text.GUI_GetpfColor2IndexEx
                0x0800692c       0x10 Middlewares/STemWin/Lib/STemWin_CM7_wc32.a(LCD_GetEx.o)
                0x0800692c                GUI_GetpfColor2IndexEx
 .text.LCD_GetXSizeMax
                0x0800693c        0x6 Middlewares/STemWin/Lib/STemWin_CM7_wc32.a(LCD_GetEx.o)
                0x0800693c                LCD_GetXSizeMax
 .text.LCD_GetYSizeMax
                0x08006942        0x6 Middlewares/STemWin/Lib/STemWin_CM7_wc32.a(LCD_GetEx.o)
                0x08006942                LCD_GetYSizeMax
 .text.LCD_GetVXSizeMax
                0x08006948        0x6 Middlewares/STemWin/Lib/STemWin_CM7_wc32.a(LCD_GetEx.o)
                0x08006948                LCD_GetVXSizeMax
 *fill*         0x0800694e        0x2 
 .text.LCD_SetDisplaySize
                0x08006950        0xc Middlewares/STemWin/Lib/STemWin_CM7_wc32.a(LCD_GetEx.o)
                0x08006950                LCD_SetDisplaySize
 .text.LCD_GetXSizeDisplay
                0x0800695c        0xc Middlewares/STemWin/Lib/STemWin_CM7_wc32.a(LCD_GetEx.o)
                0x0800695c                LCD_GetXSizeDisplay
 .text.LCD_GetYSizeDisplay
                0x08006968        0xc Middlewares/STemWin/Lib/STemWin_CM7_wc32.a(LCD_GetEx.o)
                0x08006968                LCD_GetYSizeDisplay
 .text.LCD__GetBPP
                0x08006974       0x7e Middlewares/STemWin/Lib/STemWin_CM7_wc32.a(LCD_GetEx.o)
                0x08006974                LCD__GetBPP
 .text.LCD__GetBPPDevice
                0x080069f2       0x2c Middlewares/STemWin/Lib/STemWin_CM7_wc32.a(LCD_GetEx.o)
                0x080069f2                LCD__GetBPPDevice
 .text.LCD_GetNumLayers
                0x08006a1e       0x1e Middlewares/STemWin/Lib/STemWin_CM7_wc32.a(LCD_GetNumDisplays.o)
                0x08006a1e                LCD_GetNumLayers
 .text.LCD_GetPixelIndex
                0x08006a3c       0x5c Middlewares/STemWin/Lib/STemWin_CM7_wc32.a(LCD_GetP.o)
                0x08006a3c                LCD_GetPixelIndex
 .text.LCD_SelectLCD
                0x08006a98       0x40 Middlewares/STemWin/Lib/STemWin_CM7_wc32.a(LCD_SelectLCD.o)
                0x08006a98                LCD_SelectLCD
 .text.LCD_GetPosEx
                0x08006ad8       0x32 Middlewares/STemWin/Lib/STemWin_CM7_wc32.a(LCD_Set.o)
                0x08006ad8                LCD_GetPosEx
 .text.LCD_SetDevFunc
                0x08006b0a       0x30 Middlewares/STemWin/Lib/STemWin_CM7_wc32.a(LCD_Set.o)
                0x08006b0a                LCD_SetDevFunc
 .text.LCD_SetLUTEntryEx
                0x08006b3a       0x30 Middlewares/STemWin/Lib/STemWin_CM7_wc32.a(LCD_Set.o)
                0x08006b3a                LCD_SetLUTEntryEx
 .text.LCD_SetSizeEx
                0x08006b6a       0x30 Middlewares/STemWin/Lib/STemWin_CM7_wc32.a(LCD_Set.o)
                0x08006b6a                LCD_SetSizeEx
 .text.LCD_SetVRAMAddrEx
                0x08006b9a       0x2c Middlewares/STemWin/Lib/STemWin_CM7_wc32.a(LCD_Set.o)
                0x08006b9a                LCD_SetVRAMAddrEx
 .text.LCD_SetVSizeEx
                0x08006bc6       0x30 Middlewares/STemWin/Lib/STemWin_CM7_wc32.a(LCD_Set.o)
                0x08006bc6                LCD_SetVSizeEx
 *fill*         0x08006bf6        0x2 
 .text.LCD_UpdateColorIndices
                0x08006bf8       0x24 Middlewares/STemWin/Lib/STemWin_CM7_wc32.a(LCD_UpdateColorIndices.o)
                0x08006bf8                LCD_UpdateColorIndices
 .text._GetRect
                0x08006c1c       0x16 Middlewares/STemWin/Lib/STemWin_CM7_wc32.a(GUIDRV_Lin_32.o)
 .text._SetPixelIndex
                0x08006c32       0x12 Middlewares/STemWin/Lib/STemWin_CM7_wc32.a(GUIDRV_Lin_32.o)
 .text._GetPixelIndex
                0x08006c44       0x10 Middlewares/STemWin/Lib/STemWin_CM7_wc32.a(GUIDRV_Lin_32.o)
 .text._XorPixel
                0x08006c54       0x28 Middlewares/STemWin/Lib/STemWin_CM7_wc32.a(GUIDRV_Lin_32.o)
 .text._FillRect
                0x08006c7c      0x14c Middlewares/STemWin/Lib/STemWin_CM7_wc32.a(GUIDRV_Lin_32.o)
 .text._DrawHLine
                0x08006dc8        0xe Middlewares/STemWin/Lib/STemWin_CM7_wc32.a(GUIDRV_Lin_32.o)
 .text._DrawVLine
                0x08006dd6       0x10 Middlewares/STemWin/Lib/STemWin_CM7_wc32.a(GUIDRV_Lin_32.o)
 .text._GetDevProp
                0x08006de6       0x3c Middlewares/STemWin/Lib/STemWin_CM7_wc32.a(GUIDRV_Lin_32.o)
 *fill*         0x08006e22        0x2 
 .text._GetDevData
                0x08006e24       0x10 Middlewares/STemWin/Lib/STemWin_CM7_wc32.a(GUIDRV_Lin_32.o)
 .text._ReadRect
                0x08006e34       0x5c Middlewares/STemWin/Lib/STemWin_CM7_wc32.a(GUIDRV_Lin_32.o)
 .text._GetDevFunc
                0x08006e90       0xe8 Middlewares/STemWin/Lib/STemWin_CM7_wc32.a(GUIDRV_Lin_32.o)
 .text._SetChroma
                0x08006f78       0x16 Middlewares/STemWin/Lib/STemWin_CM7_wc32.a(GUIDRV_Lin_32.o)
 .text._SetChromaMode
                0x08006f8e       0x16 Middlewares/STemWin/Lib/STemWin_CM7_wc32.a(GUIDRV_Lin_32.o)
 .text._SetAlphaMode
                0x08006fa4       0x16 Middlewares/STemWin/Lib/STemWin_CM7_wc32.a(GUIDRV_Lin_32.o)
 .text._Off     0x08006fba        0xa Middlewares/STemWin/Lib/STemWin_CM7_wc32.a(GUIDRV_Lin_32.o)
 .text._On      0x08006fc4        0xa Middlewares/STemWin/Lib/STemWin_CM7_wc32.a(GUIDRV_Lin_32.o)
 .text._SetOrg  0x08006fce       0x94 Middlewares/STemWin/Lib/STemWin_CM7_wc32.a(GUIDRV_Lin_32.o)
 *fill*         0x08007062        0x2 
 .text._DrawBitmap
                0x08007064      0x4e8 Middlewares/STemWin/Lib/STemWin_CM7_wc32.a(GUIDRV_Lin_32.o)
 .text._InitOnce.isra.4
                0x0800754c       0x22 Middlewares/STemWin/Lib/STemWin_CM7_wc32.a(GUIDRV_Lin_32.o)
 .text._SetDevFunc
                0x0800756e       0x4c Middlewares/STemWin/Lib/STemWin_CM7_wc32.a(GUIDRV_Lin_32.o)
 *fill*         0x080075ba        0x2 
 .text._CopyBuffer
                0x080075bc       0x64 Middlewares/STemWin/Lib/STemWin_CM7_wc32.a(GUIDRV_Lin_32.o)
 .text._GetPos  0x08007620       0x1c Middlewares/STemWin/Lib/STemWin_CM7_wc32.a(GUIDRV_Lin_32.o)
 .text._SetVRAM_BufferPTR
                0x0800763c       0x18 Middlewares/STemWin/Lib/STemWin_CM7_wc32.a(GUIDRV_Lin_32.o)
 .text._ShowBuffer
                0x08007654       0x26 Middlewares/STemWin/Lib/STemWin_CM7_wc32.a(GUIDRV_Lin_32.o)
 .text._Init    0x0800767a       0x1a Middlewares/STemWin/Lib/STemWin_CM7_wc32.a(GUIDRV_Lin_32.o)
 .text._SetVis  0x08007694       0x28 Middlewares/STemWin/Lib/STemWin_CM7_wc32.a(GUIDRV_Lin_32.o)
 .text._SetAlpha
                0x080076bc       0x28 Middlewares/STemWin/Lib/STemWin_CM7_wc32.a(GUIDRV_Lin_32.o)
 .text._SetVRAMAddr
                0x080076e4       0x2a Middlewares/STemWin/Lib/STemWin_CM7_wc32.a(GUIDRV_Lin_32.o)
 .text._SetPos  0x0800770e       0xfa Middlewares/STemWin/Lib/STemWin_CM7_wc32.a(GUIDRV_Lin_32.o)
 .text._SetSize
                0x08007808       0x42 Middlewares/STemWin/Lib/STemWin_CM7_wc32.a(GUIDRV_Lin_32.o)
 .text._SetVSize
                0x0800784a       0x26 Middlewares/STemWin/Lib/STemWin_CM7_wc32.a(GUIDRV_Lin_32.o)
 .text._GetDevData
                0x08007870       0x10 Middlewares/STemWin/Lib/STemWin_CM7_wc32.a(GUIDEV_32.o)
 .text._GetDevFunc
                0x08007880       0x10 Middlewares/STemWin/Lib/STemWin_CM7_wc32.a(GUIDEV_32.o)
 .text._GetDevProp
                0x08007890        0xa Middlewares/STemWin/Lib/STemWin_CM7_wc32.a(GUIDEV_32.o)
 .text._SetOrg  0x0800789a        0x8 Middlewares/STemWin/Lib/STemWin_CM7_wc32.a(GUIDEV_32.o)
 .text._GetRect
                0x080078a2       0x36 Middlewares/STemWin/Lib/STemWin_CM7_wc32.a(GUIDEV_32.o)
 .text._XY2PTR  0x080078d8       0x40 Middlewares/STemWin/Lib/STemWin_CM7_wc32.a(GUIDEV_32.o)
 .text._GetPixelIndex
                0x08007918        0xe Middlewares/STemWin/Lib/STemWin_CM7_wc32.a(GUIDEV_32.o)
 *fill*         0x08007926        0x2 
 .text._XorPixel
                0x08007928       0x5c Middlewares/STemWin/Lib/STemWin_CM7_wc32.a(GUIDEV_32.o)
 .text._SetPixelIndex
                0x08007984       0x4c Middlewares/STemWin/Lib/STemWin_CM7_wc32.a(GUIDEV_32.o)
 .text._DrawVLine
                0x080079d0       0xb4 Middlewares/STemWin/Lib/STemWin_CM7_wc32.a(GUIDEV_32.o)
 .text._FillRect
                0x08007a84       0xb4 Middlewares/STemWin/Lib/STemWin_CM7_wc32.a(GUIDEV_32.o)
 .text._DrawHLine
                0x08007b38        0xe Middlewares/STemWin/Lib/STemWin_CM7_wc32.a(GUIDEV_32.o)
 *fill*         0x08007b46        0x2 
 .text._DrawBitmap
                0x08007b48      0x728 Middlewares/STemWin/Lib/STemWin_CM7_wc32.a(GUIDEV_32.o)
 .text.GUI_USAGE_DecUseCnt
                0x08008270       0x28 Middlewares/STemWin/Lib/STemWin_CM7_wc32.a(GUIDEV_Usage.o)
                0x08008270                GUI_USAGE_DecUseCnt
 .text.GUI_USAGE_AddRect
                0x08008298       0x26 Middlewares/STemWin/Lib/STemWin_CM7_wc32.a(GUIDEV_Usage.o)
                0x08008298                GUI_USAGE_AddRect
 *fill*         0x080082be        0x2 
 .text.GUI_MEMDEV__WriteToActiveAlpha
                0x080082c0      0x184 Middlewares/STemWin/Lib/STemWin_CM7_wc32.a(GUIDEV_WriteToActiveAlpha.o)
                0x080082c0                GUI_MEMDEV__WriteToActiveAlpha
 .text._OnExit  0x08008444       0xa4 Middlewares/STemWin/Lib/STemWin_CM7_wc32.a(WM.o)
 .text._Paint1  0x080084e8       0x28 Middlewares/STemWin/Lib/STemWin_CM7_wc32.a(WM.o)
 .text._Findy1  0x08008510       0xa6 Middlewares/STemWin/Lib/STemWin_CM7_wc32.a(WM.o)
 .text._Findx0  0x080085b6       0x86 Middlewares/STemWin/Lib/STemWin_CM7_wc32.a(WM.o)
 .text._Findx1  0x0800863c       0x72 Middlewares/STemWin/Lib/STemWin_CM7_wc32.a(WM.o)
 *fill*         0x080086ae        0x2 
 .text._Paint1Trans
                0x080086b0       0x94 Middlewares/STemWin/Lib/STemWin_CM7_wc32.a(WM.o)
 .text._PaintTransChildren
                0x08008744       0xae Middlewares/STemWin/Lib/STemWin_CM7_wc32.a(WM.o)
 *fill*         0x080087f2        0x2 
 .text.WM__PaintWinAndOverlays
                0x080087f4       0x78 Middlewares/STemWin/Lib/STemWin_CM7_wc32.a(WM.o)
 .text._cbPaintMemDev
                0x0800886c       0x6c Middlewares/STemWin/Lib/STemWin_CM7_wc32.a(WM.o)
 .text.WM__ClipAtParentBorders
                0x080088d8       0x58 Middlewares/STemWin/Lib/STemWin_CM7_wc32.a(WM.o)
                0x080088d8                WM__ClipAtParentBorders
 .text.WM__InsertWindowIntoList
                0x08008930       0xac Middlewares/STemWin/Lib/STemWin_CM7_wc32.a(WM.o)
                0x08008930                WM__InsertWindowIntoList
 .text.WM__RemoveWindowFromList
                0x080089dc       0x3c Middlewares/STemWin/Lib/STemWin_CM7_wc32.a(WM.o)
                0x080089dc                WM__RemoveWindowFromList
 .text.WM__Client2Screen
                0x08008a18       0x10 Middlewares/STemWin/Lib/STemWin_CM7_wc32.a(WM.o)
                0x08008a18                WM__Client2Screen
 .text._SetClipRectUserIntersect
                0x08008a28       0x50 Middlewares/STemWin/Lib/STemWin_CM7_wc32.a(WM.o)
 .text.WM__ActivateClipRect
                0x08008a78       0x48 Middlewares/STemWin/Lib/STemWin_CM7_wc32.a(WM.o)
                0x08008a78                WM__ActivateClipRect
 .text.WM__IsWindow
                0x08008ac0       0x20 Middlewares/STemWin/Lib/STemWin_CM7_wc32.a(WM.o)
                0x08008ac0                WM__IsWindow
 .text.WM__InvalidateDrawAndDescs
                0x08008ae0       0x50 Middlewares/STemWin/Lib/STemWin_CM7_wc32.a(WM.o)
                0x08008ae0                WM__InvalidateDrawAndDescs
 .text.WM__RectIsNZ
                0x08008b30       0x22 Middlewares/STemWin/Lib/STemWin_CM7_wc32.a(WM.o)
                0x08008b30                WM__RectIsNZ
 .text.WM_SendMessage
                0x08008b52        0x8 Middlewares/STemWin/Lib/STemWin_CM7_wc32.a(WM.o)
                0x08008b52                WM_SendMessage
 .text.WM__SendMsgNoData
                0x08008b5a       0x16 Middlewares/STemWin/Lib/STemWin_CM7_wc32.a(WM.o)
                0x08008b5a                WM__SendMsgNoData
 .text.WM__GetClientRectWin
                0x08008b70       0x18 Middlewares/STemWin/Lib/STemWin_CM7_wc32.a(WM.o)
                0x08008b70                WM__GetClientRectWin
 .text.WM__GetTopLevelLayer
                0x08008b88       0x28 Middlewares/STemWin/Lib/STemWin_CM7_wc32.a(WM.o)
                0x08008b88                WM__GetTopLevelLayer
 .text._Invalidate1Abs
                0x08008bb0       0xa0 Middlewares/STemWin/Lib/STemWin_CM7_wc32.a(WM.o)
 .text.WM__Invalidate1Abs
                0x08008c50        0x6 Middlewares/STemWin/Lib/STemWin_CM7_wc32.a(WM.o)
                0x08008c50                WM__Invalidate1Abs
 .text.WM_InvalidateWindowAndDescsEx
                0x08008c56       0x64 Middlewares/STemWin/Lib/STemWin_CM7_wc32.a(WM.o)
                0x08008c56                WM_InvalidateWindowAndDescsEx
 .text.WM__InvalidateRect
                0x08008cba       0x76 Middlewares/STemWin/Lib/STemWin_CM7_wc32.a(WM.o)
                0x08008cba                WM__InvalidateRect
 .text.WM__InvalidateParent
                0x08008d30       0x2a Middlewares/STemWin/Lib/STemWin_CM7_wc32.a(WM.o)
                0x08008d30                WM__InvalidateParent
 .text.WM__InvalidateRectEx
                0x08008d5a        0x6 Middlewares/STemWin/Lib/STemWin_CM7_wc32.a(WM.o)
                0x08008d5a                WM__InvalidateRectEx
 .text.WM__DetachWindow
                0x08008d60       0x2a Middlewares/STemWin/Lib/STemWin_CM7_wc32.a(WM.o)
                0x08008d60                WM__DetachWindow
 .text.WM_InvalidateRect
                0x08008d8a       0x78 Middlewares/STemWin/Lib/STemWin_CM7_wc32.a(WM.o)
                0x08008d8a                WM_InvalidateRect
 .text.WM_InvalidateWindow
                0x08008e02        0x6 Middlewares/STemWin/Lib/STemWin_CM7_wc32.a(WM.o)
                0x08008e02                WM_InvalidateWindow
 .text.WM__SelectTopLevelLayer
                0x08008e08       0x14 Middlewares/STemWin/Lib/STemWin_CM7_wc32.a(WM.o)
                0x08008e08                WM__SelectTopLevelLayer
 .text.WM_SelectWindow
                0x08008e1c       0x40 Middlewares/STemWin/Lib/STemWin_CM7_wc32.a(WM.o)
                0x08008e1c                WM_SelectWindow
 .text.WM_CreateWindowAsChild
                0x08008e5c      0x160 Middlewares/STemWin/Lib/STemWin_CM7_wc32.a(WM.o)
                0x08008e5c                WM_CreateWindowAsChild
 .text.WM_DeleteWindow
                0x08008fbc      0x118 Middlewares/STemWin/Lib/STemWin_CM7_wc32.a(WM.o)
                0x08008fbc                WM_DeleteWindow
 .text._Exec1Input
                0x080090d4       0x84 Middlewares/STemWin/Lib/STemWin_CM7_wc32.a(WM.o)
 .text.WM_GetActiveWindow
                0x08009158        0xc Middlewares/STemWin/Lib/STemWin_CM7_wc32.a(WM.o)
                0x08009158                WM_GetActiveWindow
 .text.WM__GetNextIVR
                0x08009164      0x184 Middlewares/STemWin/Lib/STemWin_CM7_wc32.a(WM.o)
                0x08009164                WM__GetNextIVR
 .text.WM__InitIVRSearch
                0x080092e8      0x100 Middlewares/STemWin/Lib/STemWin_CM7_wc32.a(WM.o)
                0x080092e8                WM__InitIVRSearch
 .text.WM_SetDefault
                0x080093e8       0x14 Middlewares/STemWin/Lib/STemWin_CM7_wc32.a(WM.o)
                0x080093e8                WM_SetDefault
 .text.WM__Paint1
                0x080093fc       0x94 Middlewares/STemWin/Lib/STemWin_CM7_wc32.a(WM.o)
                0x080093fc                WM__Paint1
 .text.WM__Paint
                0x08009490       0xb4 Middlewares/STemWin/Lib/STemWin_CM7_wc32.a(WM.o)
                0x08009490                WM__Paint
 .text._Exec1Draw
                0x08009544       0x8c Middlewares/STemWin/Lib/STemWin_CM7_wc32.a(WM.o)
 .text.WM__DeleteSecure
                0x080095d0       0x1c Middlewares/STemWin/Lib/STemWin_CM7_wc32.a(WM.o)
                0x080095d0                WM__DeleteSecure
 .text.WM_Exec  0x080095ec       0x78 Middlewares/STemWin/Lib/STemWin_CM7_wc32.a(WM.o)
                0x080095ec                WM_Exec
 .text.WM_Activate
                0x08009664       0x10 Middlewares/STemWin/Lib/STemWin_CM7_wc32.a(WM.o)
                0x08009664                WM_Activate
 .text.WM_Deactivate
                0x08009674       0x14 Middlewares/STemWin/Lib/STemWin_CM7_wc32.a(WM.o)
                0x08009674                WM_Deactivate
 .text.WM_DefaultProc
                0x08009688       0x48 Middlewares/STemWin/Lib/STemWin_CM7_wc32.a(WM.o)
                0x08009688                WM_DefaultProc
 .text._cbBackWin
                0x080096d0       0x68 Middlewares/STemWin/Lib/STemWin_CM7_wc32.a(WM.o)
 .text.WM_Init  0x08009738       0xf0 Middlewares/STemWin/Lib/STemWin_CM7_wc32.a(WM.o)
                0x08009738                WM_Init
 .text.WM_ForEachDesc
                0x08009828        0x4 Middlewares/STemWin/Lib/STemWin_CM7_wc32.a(WM_Lib.o)
                0x08009828                WM_ForEachDesc
 .text.WM_GetClientRectEx
                0x0800982c        0x4 Middlewares/STemWin/Lib/STemWin_CM7_wc32.a(WM_Lib.o)
                0x0800982c                WM_GetClientRectEx
 .text.WM_GetClientRect
                0x08009830       0x1c Middlewares/STemWin/Lib/STemWin_CM7_wc32.a(WM_Lib.o)
                0x08009830                WM_GetClientRect
 .text.WM_GetClientWindow
                0x0800984c       0x1a Middlewares/STemWin/Lib/STemWin_CM7_wc32.a(WM_Lib.o)
                0x0800984c                WM_GetClientWindow
 *fill*         0x08009866        0x2 
 .text.WM_GetDesktopWindow
                0x08009868       0x18 Middlewares/STemWin/Lib/STemWin_CM7_wc32.a(WM_Lib.o)
                0x08009868                WM_GetDesktopWindow
 .text.WM_CheckScrollBounds
                0x08009880       0x1e Middlewares/STemWin/Lib/STemWin_CM7_wc32.a(WM_Lib.o)
                0x08009880                WM_CheckScrollBounds
 .text.WM_CheckScrollPos
                0x0800989e       0x2e Middlewares/STemWin/Lib/STemWin_CM7_wc32.a(WM_Lib.o)
                0x0800989e                WM_CheckScrollPos
 .text.WM_GetFirstChild
                0x080098cc       0x10 Middlewares/STemWin/Lib/STemWin_CM7_wc32.a(WM_Lib.o)
                0x080098cc                WM_GetFirstChild
 .text.WM_GetFlags
                0x080098dc        0xe Middlewares/STemWin/Lib/STemWin_CM7_wc32.a(WM_Lib.o)
                0x080098dc                WM_GetFlags
 *fill*         0x080098ea        0x2 
 .text.WM_GetFocusedWindow
                0x080098ec       0x14 Middlewares/STemWin/Lib/STemWin_CM7_wc32.a(WM_Lib.o)
                0x080098ec                WM_GetFocusedWindow
 .text.WM_GetId
                0x08009900       0x20 Middlewares/STemWin/Lib/STemWin_CM7_wc32.a(WM_Lib.o)
                0x08009900                WM_GetId
 .text._GetDialogItem
                0x08009920       0x46 Middlewares/STemWin/Lib/STemWin_CM7_wc32.a(WM_Lib.o)
 .text.WM_GetDialogItem
                0x08009966       0x42 Middlewares/STemWin/Lib/STemWin_CM7_wc32.a(WM_Lib.o)
                0x08009966                WM_GetDialogItem
 .text.WM_GetInsideRectEx
                0x080099a8       0x16 Middlewares/STemWin/Lib/STemWin_CM7_wc32.a(WM_Lib.o)
                0x080099a8                WM_GetInsideRectEx
 .text.WM_GetNextSibling
                0x080099be       0x10 Middlewares/STemWin/Lib/STemWin_CM7_wc32.a(WM_Lib.o)
                0x080099be                WM_GetNextSibling
 .text.WM_GetWindowOrgX
                0x080099ce       0x10 Middlewares/STemWin/Lib/STemWin_CM7_wc32.a(WM_Lib.o)
                0x080099ce                WM_GetWindowOrgX
 .text.WM_GetParent
                0x080099de       0x10 Middlewares/STemWin/Lib/STemWin_CM7_wc32.a(WM_Lib.o)
                0x080099de                WM_GetParent
 .text.WM_BringToBottom
                0x080099ee       0x86 Middlewares/STemWin/Lib/STemWin_CM7_wc32.a(WM_Lib.o)
                0x080099ee                WM_BringToBottom
 .text.WM_GetScrollbarH
                0x08009a74        0xa Middlewares/STemWin/Lib/STemWin_CM7_wc32.a(WM_Lib.o)
                0x08009a74                WM_GetScrollbarH
 .text.WM_GetScrollbarV
                0x08009a7e        0xa Middlewares/STemWin/Lib/STemWin_CM7_wc32.a(WM_Lib.o)
                0x08009a7e                WM_GetScrollbarV
 .text.WM_GetScrollPartner
                0x08009a88       0x2a Middlewares/STemWin/Lib/STemWin_CM7_wc32.a(WM_Lib.o)
                0x08009a88                WM_GetScrollPartner
 .text.WM_GetScrollState
                0x08009ab2       0x14 Middlewares/STemWin/Lib/STemWin_CM7_wc32.a(WM_Lib.o)
                0x08009ab2                WM_GetScrollState
 .text.WM_GetWindowRectEx
                0x08009ac6       0x16 Middlewares/STemWin/Lib/STemWin_CM7_wc32.a(WM_Lib.o)
                0x08009ac6                WM_GetWindowRectEx
 .text.WM_GetInsideRectExScrollbar
                0x08009adc       0xac Middlewares/STemWin/Lib/STemWin_CM7_wc32.a(WM_Lib.o)
                0x08009adc                WM_GetInsideRectExScrollbar
 .text.WM_HasCaptured
                0x08009b88       0x1c Middlewares/STemWin/Lib/STemWin_CM7_wc32.a(WM_Lib.o)
                0x08009b88                WM_HasCaptured
 .text.WM_HasFocus
                0x08009ba4       0x1c Middlewares/STemWin/Lib/STemWin_CM7_wc32.a(WM_Lib.o)
                0x08009ba4                WM_HasFocus
 .text.WM_IsFocusable
                0x08009bc0       0x30 Middlewares/STemWin/Lib/STemWin_CM7_wc32.a(WM_Lib.o)
                0x08009bc0                WM_IsFocusable
 .text.WM_IsWindow
                0x08009bf0        0x4 Middlewares/STemWin/Lib/STemWin_CM7_wc32.a(WM_Lib.o)
                0x08009bf0                WM_IsWindow
 .text.WM_OnKey
                0x08009bf4       0x34 Middlewares/STemWin/Lib/STemWin_CM7_wc32.a(WM_Lib.o)
                0x08009bf4                WM_OnKey
 .text.WM_ResizeWindow
                0x08009c28       0xf6 Middlewares/STemWin/Lib/STemWin_CM7_wc32.a(WM_Lib.o)
                0x08009c28                WM_ResizeWindow
 .text.WM_SendMessageNoPara
                0x08009d1e        0x4 Middlewares/STemWin/Lib/STemWin_CM7_wc32.a(WM_Lib.o)
                0x08009d1e                WM_SendMessageNoPara
 .text.WM_SendToParent
                0x08009d22       0x1c Middlewares/STemWin/Lib/STemWin_CM7_wc32.a(WM_Lib.o)
                0x08009d22                WM_SendToParent
 .text.WM_NotifyParent
                0x08009d3e       0x14 Middlewares/STemWin/Lib/STemWin_CM7_wc32.a(WM_Lib.o)
                0x08009d3e                WM_NotifyParent
 *fill*         0x08009d52        0x2 
 .text.WM_SetFocus
                0x08009d54       0x9c Middlewares/STemWin/Lib/STemWin_CM7_wc32.a(WM_Lib.o)
                0x08009d54                WM_SetFocus
 .text.WM_SetScrollState
                0x08009df0       0x18 Middlewares/STemWin/Lib/STemWin_CM7_wc32.a(WM_Lib.o)
                0x08009df0                WM_SetScrollState
 .text.WM_SetSize
                0x08009e08       0x4c Middlewares/STemWin/Lib/STemWin_CM7_wc32.a(WM_Lib.o)
                0x08009e08                WM_SetSize
 .text.WM_SetUserClipRect
                0x08009e54       0x18 Middlewares/STemWin/Lib/STemWin_CM7_wc32.a(WM_Lib.o)
                0x08009e54                WM_SetUserClipRect
 .text.WM_InvalidateWindowAndDescs
                0x08009e6c       0x26 Middlewares/STemWin/Lib/STemWin_CM7_wc32.a(WM_Lib.o)
                0x08009e6c                WM_InvalidateWindowAndDescs
 .text.WM_ShowWindow
                0x08009e92       0x28 Middlewares/STemWin/Lib/STemWin_CM7_wc32.a(WM_Lib.o)
                0x08009e92                WM_ShowWindow
 *fill*         0x08009eba        0x2 
 .text.WM_ValidateWindow
                0x08009ebc       0x30 Middlewares/STemWin/Lib/STemWin_CM7_wc32.a(WM_Lib.o)
                0x08009ebc                WM_ValidateWindow
 .text._MoveDescendents
                0x08009eec       0x72 Middlewares/STemWin/Lib/STemWin_CM7_wc32.a(WM_Move.o)
 .text.WM__MoveWindow
                0x08009f5e       0xa8 Middlewares/STemWin/Lib/STemWin_CM7_wc32.a(WM_Move.o)
                0x08009f5e                WM__MoveWindow
 .text.WM_MoveWindow
                0x0800a006        0x4 Middlewares/STemWin/Lib/STemWin_CM7_wc32.a(WM_Move.o)
                0x0800a006                WM_MoveWindow
 .text._cbTimer
                0x0800a00a       0x2c Middlewares/STemWin/Lib/STemWin_CM7_wc32.a(WM_Timer.o)
 .text.WM_DeleteTimer
                0x0800a036       0x26 Middlewares/STemWin/Lib/STemWin_CM7_wc32.a(WM_Timer.o)
                0x0800a036                WM_DeleteTimer
 .text.WM__DeleteAssocTimer
                0x0800a05c       0x4a Middlewares/STemWin/Lib/STemWin_CM7_wc32.a(WM_Timer.o)
                0x0800a05c                WM__DeleteAssocTimer
 *fill*         0x0800a0a6        0x2 
 .text.WM_CreateTimer
                0x0800a0a8       0x60 Middlewares/STemWin/Lib/STemWin_CM7_wc32.a(WM_Timer.o)
                0x0800a0a8                WM_CreateTimer
 .text.WM_RestartTimer
                0x0800a108       0x2c Middlewares/STemWin/Lib/STemWin_CM7_wc32.a(WM_Timer.o)
                0x0800a108                WM_RestartTimer
 .text.WM__ForEachDesc
                0x0800a134       0x2a Middlewares/STemWin/Lib/STemWin_CM7_wc32.a(WM__Private.o)
                0x0800a134                WM__ForEachDesc
 .text.WM__GetFirstSibling
                0x0800a15e       0x12 Middlewares/STemWin/Lib/STemWin_CM7_wc32.a(WM__Private.o)
                0x0800a15e                WM__GetFirstSibling
 .text.WM__GetLastSibling
                0x0800a170       0x18 Middlewares/STemWin/Lib/STemWin_CM7_wc32.a(WM__Private.o)
                0x0800a170                WM__GetLastSibling
 .text.WM__GetPrevSibling
                0x0800a188       0x26 Middlewares/STemWin/Lib/STemWin_CM7_wc32.a(WM__Private.o)
                0x0800a188                WM__GetPrevSibling
 .text.WM__IsAncestor
                0x0800a1ae       0x22 Middlewares/STemWin/Lib/STemWin_CM7_wc32.a(WM__Private.o)
                0x0800a1ae                WM__IsAncestor
 .text.WM__IsAncestorOrSelf
                0x0800a1d0        0xc Middlewares/STemWin/Lib/STemWin_CM7_wc32.a(WM__Private.o)
                0x0800a1d0                WM__IsAncestorOrSelf
 .text.WM__IsChild
                0x0800a1dc       0x28 Middlewares/STemWin/Lib/STemWin_CM7_wc32.a(WM__Private.o)
                0x0800a1dc                WM__IsChild
 .text.WM__GetFocusedChild
                0x0800a204       0x24 Middlewares/STemWin/Lib/STemWin_CM7_wc32.a(WM__Private.o)
                0x0800a204                WM__GetFocusedChild
 .text.WM__IsEnabled
                0x0800a228       0x12 Middlewares/STemWin/Lib/STemWin_CM7_wc32.a(WM__Private.o)
                0x0800a228                WM__IsEnabled
 .text.WM__Screen2Client
                0x0800a23a       0x14 Middlewares/STemWin/Lib/STemWin_CM7_wc32.a(WM__Private.o)
                0x0800a23a                WM__Screen2Client
 *fill*         0x0800a24e        0x2 
 .text.WM__SendMessage
                0x0800a250       0x3c Middlewares/STemWin/Lib/STemWin_CM7_wc32.a(WM__Private.o)
                0x0800a250                WM__SendMessage
 .text.WM__SendMessageNoPara
                0x0800a28c       0x28 Middlewares/STemWin/Lib/STemWin_CM7_wc32.a(WM__Private.o)
                0x0800a28c                WM__SendMessageNoPara
 .text.WM__UpdateChildPositions
                0x0800a2b4       0xec Middlewares/STemWin/Lib/STemWin_CM7_wc32.a(WM__Private.o)
                0x0800a2b4                WM__UpdateChildPositions
 .text.WM__AddCriticalHandle
                0x0800a3a0       0x10 Middlewares/STemWin/Lib/STemWin_CM7_wc32.a(WM__Private.o)
                0x0800a3a0                WM__AddCriticalHandle
 .text.WM__GetClientRectEx
                0x0800a3b0       0x22 Middlewares/STemWin/Lib/STemWin_CM7_wc32.a(WM__Private.o)
                0x0800a3b0                WM__GetClientRectEx
 .text._OnButtonPressed
                0x0800a3d2       0x30 Middlewares/STemWin/Lib/STemWin_CM7_wc32.a(BUTTON.o)
 .text._OnButtonReleased
                0x0800a402       0x40 Middlewares/STemWin/Lib/STemWin_CM7_wc32.a(BUTTON.o)
 .text._OnTouchDefault
                0x0800a442       0x40 Middlewares/STemWin/Lib/STemWin_CM7_wc32.a(BUTTON.o)
 *fill*         0x0800a482        0x2 
 .text.BUTTON_Callback
                0x0800a484       0xd8 Middlewares/STemWin/Lib/STemWin_CM7_wc32.a(BUTTON.o)
                0x0800a484                BUTTON_Callback
 .text.BUTTON_CreateUser
                0x0800a55c       0x70 Middlewares/STemWin/Lib/STemWin_CM7_wc32.a(BUTTON.o)
                0x0800a55c                BUTTON_CreateUser
 .text.BUTTON_SetText
                0x0800a5cc       0x52 Middlewares/STemWin/Lib/STemWin_CM7_wc32.a(BUTTON.o)
                0x0800a5cc                BUTTON_SetText
 .text.BUTTON_CreateIndirect
                0x0800a61e       0x46 Middlewares/STemWin/Lib/STemWin_CM7_wc32.a(BUTTON.o)
                0x0800a61e                BUTTON_CreateIndirect
 .text._Create  0x0800a664       0x36 Middlewares/STemWin/Lib/STemWin_CM7_wc32.a(BUTTON_Skin.o)
 .text._Paint   0x0800a69a       0x84 Middlewares/STemWin/Lib/STemWin_CM7_wc32.a(BUTTON_Skin.o)
 *fill*         0x0800a71e        0x2 
 .text.BUTTON_DrawSkinFlex
                0x0800a720      0x238 Middlewares/STemWin/Lib/STemWin_CM7_wc32.a(BUTTON_SkinFlex.o)
                0x0800a720                BUTTON_DrawSkinFlex
 .text.GUI_CreateDialogBox
                0x0800a958       0xae Middlewares/STemWin/Lib/STemWin_CM7_wc32.a(DIALOG.o)
                0x0800a958                GUI_CreateDialogBox
 .text.FRAMEWIN__GetBorderSize
                0x0800aa06       0x44 Middlewares/STemWin/Lib/STemWin_CM7_wc32.a(FRAMEWIN.o)
                0x0800aa06                FRAMEWIN__GetBorderSize
 .text._SetActive
                0x0800aa4a       0x38 Middlewares/STemWin/Lib/STemWin_CM7_wc32.a(FRAMEWIN.o)
 .text.FRAMEWIN__cbClient
                0x0800aa82       0xe2 Middlewares/STemWin/Lib/STemWin_CM7_wc32.a(FRAMEWIN.o)
 .text.FRAMEWIN__CalcTitleHeight
                0x0800ab64       0x22 Middlewares/STemWin/Lib/STemWin_CM7_wc32.a(FRAMEWIN.o)
                0x0800ab64                FRAMEWIN__CalcTitleHeight
 .text.FRAMEWIN__GetTitleLimits
                0x0800ab86       0x8a Middlewares/STemWin/Lib/STemWin_CM7_wc32.a(FRAMEWIN.o)
                0x0800ab86                FRAMEWIN__GetTitleLimits
 .text.FRAMEWIN__CalcPositions
                0x0800ac10       0xec Middlewares/STemWin/Lib/STemWin_CM7_wc32.a(FRAMEWIN.o)
                0x0800ac10                FRAMEWIN__CalcPositions
 .text.FRAMEWIN_SetText
                0x0800acfc       0x3e Middlewares/STemWin/Lib/STemWin_CM7_wc32.a(FRAMEWIN.o)
                0x0800acfc                FRAMEWIN_SetText
 *fill*         0x0800ad3a        0x2 
 .text.FRAMEWIN_CreateUser
                0x0800ad3c       0xf4 Middlewares/STemWin/Lib/STemWin_CM7_wc32.a(FRAMEWIN.o)
                0x0800ad3c                FRAMEWIN_CreateUser
 .text.FRAMEWIN_CreateIndirect
                0x0800ae30       0x44 Middlewares/STemWin/Lib/STemWin_CM7_wc32.a(FRAMEWIN.o)
                0x0800ae30                FRAMEWIN_CreateIndirect
 .text.FRAMEWIN_SetActive
                0x0800ae74        0x8 Middlewares/STemWin/Lib/STemWin_CM7_wc32.a(FRAMEWIN.o)
                0x0800ae74                FRAMEWIN_SetActive
 .text.FRAMEWIN_Callback
                0x0800ae7c      0x27c Middlewares/STemWin/Lib/STemWin_CM7_wc32.a(FRAMEWIN.o)
                0x0800ae7c                FRAMEWIN_Callback
 .text.FRAMEWIN_GetActive
                0x0800b0f8       0x24 Middlewares/STemWin/Lib/STemWin_CM7_wc32.a(FRAMEWIN.o)