Archive member included to satisfy reference by file (symbol)

c:/program files (x86)/gnu tools arm embedded/7 2018-q2-update/bin/../lib/gcc/arm-none-eabi/7.3.1/../../../../arm-none-eabi/lib/thumb/v7-m\libc_nano.a(lib_a-exit.o)
                              c:/program files (x86)/gnu tools arm embedded/7 2018-q2-update/bin/../lib/gcc/arm-none-eabi/7.3.1/../../../../arm-none-eabi/lib/thumb/v7-m/crt0.o (exit)
c:/program files (x86)/gnu tools arm embedded/7 2018-q2-update/bin/../lib/gcc/arm-none-eabi/7.3.1/../../../../arm-none-eabi/lib/thumb/v7-m\libc_nano.a(lib_a-impure.o)
                              c:/program files (x86)/gnu tools arm embedded/7 2018-q2-update/bin/../lib/gcc/arm-none-eabi/7.3.1/../../../../arm-none-eabi/lib/thumb/v7-m\libc_nano.a(lib_a-exit.o) (_global_impure_ptr)
c:/program files (x86)/gnu tools arm embedded/7 2018-q2-update/bin/../lib/gcc/arm-none-eabi/7.3.1/../../../../arm-none-eabi/lib/thumb/v7-m\libc_nano.a(lib_a-init.o)
                              c:/program files (x86)/gnu tools arm embedded/7 2018-q2-update/bin/../lib/gcc/arm-none-eabi/7.3.1/../../../../arm-none-eabi/lib/thumb/v7-m/crt0.o (__libc_init_array)
c:/program files (x86)/gnu tools arm embedded/7 2018-q2-update/bin/../lib/gcc/arm-none-eabi/7.3.1/../../../../arm-none-eabi/lib/thumb/v7-m\libc_nano.a(lib_a-malloc.o)
                              build/user_spi.o (malloc)
c:/program files (x86)/gnu tools arm embedded/7 2018-q2-update/bin/../lib/gcc/arm-none-eabi/7.3.1/../../../../arm-none-eabi/lib/thumb/v7-m\libc_nano.a(lib_a-memset.o)
                              c:/program files (x86)/gnu tools arm embedded/7 2018-q2-update/bin/../lib/gcc/arm-none-eabi/7.3.1/../../../../arm-none-eabi/lib/thumb/v7-m/crt0.o (memset)
c:/program files (x86)/gnu tools arm embedded/7 2018-q2-update/bin/../lib/gcc/arm-none-eabi/7.3.1/../../../../arm-none-eabi/lib/thumb/v7-m\libc_nano.a(lib_a-nano-freer.o)
                              c:/program files (x86)/gnu tools arm embedded/7 2018-q2-update/bin/../lib/gcc/arm-none-eabi/7.3.1/../../../../arm-none-eabi/lib/thumb/v7-m\libc_nano.a(lib_a-malloc.o) (_free_r)
c:/program files (x86)/gnu tools arm embedded/7 2018-q2-update/bin/../lib/gcc/arm-none-eabi/7.3.1/../../../../arm-none-eabi/lib/thumb/v7-m\libc_nano.a(lib_a-nano-mallocr.o)
                              c:/program files (x86)/gnu tools arm embedded/7 2018-q2-update/bin/../lib/gcc/arm-none-eabi/7.3.1/../../../../arm-none-eabi/lib/thumb/v7-m\libc_nano.a(lib_a-malloc.o) (_malloc_r)
c:/program files (x86)/gnu tools arm embedded/7 2018-q2-update/bin/../lib/gcc/arm-none-eabi/7.3.1/../../../../arm-none-eabi/lib/thumb/v7-m\libc_nano.a(lib_a-sbrkr.o)
                              c:/program files (x86)/gnu tools arm embedded/7 2018-q2-update/bin/../lib/gcc/arm-none-eabi/7.3.1/../../../../arm-none-eabi/lib/thumb/v7-m\libc_nano.a(lib_a-nano-mallocr.o) (_sbrk_r)
c:/program files (x86)/gnu tools arm embedded/7 2018-q2-update/bin/../lib/gcc/arm-none-eabi/7.3.1/../../../../arm-none-eabi/lib/thumb/v7-m\libc_nano.a(lib_a-mlock.o)
                              c:/program files (x86)/gnu tools arm embedded/7 2018-q2-update/bin/../lib/gcc/arm-none-eabi/7.3.1/../../../../arm-none-eabi/lib/thumb/v7-m\libc_nano.a(lib_a-nano-freer.o) (__malloc_lock)
c:/program files (x86)/gnu tools arm embedded/7 2018-q2-update/bin/../lib/gcc/arm-none-eabi/7.3.1/../../../../arm-none-eabi/lib/thumb/v7-m\libc_nano.a(lib_a-reent.o)
                              c:/program files (x86)/gnu tools arm embedded/7 2018-q2-update/bin/../lib/gcc/arm-none-eabi/7.3.1/../../../../arm-none-eabi/lib/thumb/v7-m\libc_nano.a(lib_a-sbrkr.o) (errno)
c:/program files (x86)/gnu tools arm embedded/7 2018-q2-update/bin/../lib/gcc/arm-none-eabi/7.3.1/../../../../arm-none-eabi/lib/thumb/v7-m\libnosys.a(sbrk.o)
                              c:/program files (x86)/gnu tools arm embedded/7 2018-q2-update/bin/../lib/gcc/arm-none-eabi/7.3.1/../../../../arm-none-eabi/lib/thumb/v7-m\libc_nano.a(lib_a-sbrkr.o) (_sbrk)
c:/program files (x86)/gnu tools arm embedded/7 2018-q2-update/bin/../lib/gcc/arm-none-eabi/7.3.1/../../../../arm-none-eabi/lib/thumb/v7-m\libnosys.a(_exit.o)
                              c:/program files (x86)/gnu tools arm embedded/7 2018-q2-update/bin/../lib/gcc/arm-none-eabi/7.3.1/../../../../arm-none-eabi/lib/thumb/v7-m\libc_nano.a(lib_a-exit.o) (_exit)

Allocating common symbols
Common symbol       size              file

SPI_Sensor          0x4               build/main.o
hdma_usart2_rx      0x44              build/main.o
errno               0x4               c:/program files (x86)/gnu tools arm embedded/7 2018-q2-update/bin/../lib/gcc/arm-none-eabi/7.3.1/../../../../arm-none-eabi/lib/thumb/v7-m\libc_nano.a(lib_a-reent.o)
Rx_data             0x2               build/main.o
uwTick              0x4               build/stm32f1xx_hal.o
pFlash              0x20              build/stm32f1xx_hal_flash.o
hdma_usart1_tx      0x44              build/main.o
[...]
Memory Configuration

Name             Origin             Length             Attributes
RAM              0x20000000         0x00005000         xrw
FLASH            0x08000000         0x00010000         xr
*default*        0x00000000         0xffffffff

Linker script and memory map

LOAD c:/program files (x86)/gnu tools arm embedded/7 2018-q2-update/bin/../lib/gcc/arm-none-eabi/7.3.1/thumb/v7-m/crti.o
LOAD c:/program files (x86)/gnu tools arm embedded/7 2018-q2-update/bin/../lib/gcc/arm-none-eabi/7.3.1/thumb/v7-m/crtbegin.o
LOAD c:/program files (x86)/gnu tools arm embedded/7 2018-q2-update/bin/../lib/gcc/arm-none-eabi/7.3.1/../../../../arm-none-eabi/lib/thumb/v7-m/crt0.o
LOAD build/user_spi.o
LOAD build/main.o
LOAD build/stm32f1xx_it.o
LOAD build/stm32f1xx_hal_msp.o
LOAD build/stm32f1xx_hal_gpio_ex.o
LOAD build/stm32f1xx_hal_tim.o
LOAD build/stm32f1xx_hal_tim_ex.o
LOAD build/stm32f1xx_hal_uart.o
LOAD build/stm32f1xx_hal.o
LOAD build/stm32f1xx_hal_rcc.o
LOAD build/stm32f1xx_hal_rcc_ex.o
LOAD build/stm32f1xx_hal_gpio.o
LOAD build/stm32f1xx_hal_dma.o
LOAD build/stm32f1xx_hal_cortex.o
LOAD build/stm32f1xx_hal_pwr.o
LOAD build/stm32f1xx_hal_flash.o
LOAD build/stm32f1xx_hal_flash_ex.o
LOAD build/stm32f1xx_hal_exti.o
LOAD build/system_stm32f1xx.o
LOAD build/stm32f1xx_hal_spi.o
LOAD build/startup_stm32f103xb.o
LOAD c:/program files (x86)/gnu tools arm embedded/7 2018-q2-update/bin/../lib/gcc/arm-none-eabi/7.3.1/../../../../arm-none-eabi/lib/thumb/v7-m\libc_nano.a
LOAD c:/program files (x86)/gnu tools arm embedded/7 2018-q2-update/bin/../lib/gcc/arm-none-eabi/7.3.1/../../../../arm-none-eabi/lib/thumb/v7-m\libm.a
LOAD c:/program files (x86)/gnu tools arm embedded/7 2018-q2-update/bin/../lib/gcc/arm-none-eabi/7.3.1/../../../../arm-none-eabi/lib/thumb/v7-m\libnosys.a
START GROUP
LOAD c:/program files (x86)/gnu tools arm embedded/7 2018-q2-update/bin/../lib/gcc/arm-none-eabi/7.3.1/thumb/v7-m\libgcc.a
LOAD c:/program files (x86)/gnu tools arm embedded/7 2018-q2-update/bin/../lib/gcc/arm-none-eabi/7.3.1/../../../../arm-none-eabi/lib/thumb/v7-m\libc_nano.a
END GROUP
START GROUP
LOAD c:/program files (x86)/gnu tools arm embedded/7 2018-q2-update/bin/../lib/gcc/arm-none-eabi/7.3.1/thumb/v7-m\libgcc.a
LOAD c:/program files (x86)/gnu tools arm embedded/7 2018-q2-update/bin/../lib/gcc/arm-none-eabi/7.3.1/../../../../arm-none-eabi/lib/thumb/v7-m\libc_nano.a
END GROUP
LOAD c:/program files (x86)/gnu tools arm embedded/7 2018-q2-update/bin/../lib/gcc/arm-none-eabi/7.3.1/thumb/v7-m/crtend.o
LOAD c:/program files (x86)/gnu tools arm embedded/7 2018-q2-update/bin/../lib/gcc/arm-none-eabi/7.3.1/thumb/v7-m/crtn.o
                0x20005000                _estack = 0x20005000
                0x00000200                _Min_Heap_Size = 0x200
                0x00000400                _Min_Stack_Size = 0x400

.isr_vector     0x08000000      0x10c
                0x08000000                . = ALIGN (0x4)
 *(.isr_vector)
 .isr_vector    0x08000000      0x10c build/startup_stm32f103xb.o
                0x08000000                g_pfnVectors
                0x0800010c                . = ALIGN (0x4)

.text           0x0800010c     0x2448
                0x0800010c                . = ALIGN (0x4)
 *(.text)
 .text          0x0800010c       0x40 c:/program files (x86)/gnu tools arm embedded/7 2018-q2-update/bin/../lib/gcc/arm-none-eabi/7.3.1/thumb/v7-m/crtbegin.o
 *(.text*)
 .text.user_init_ss_pin
                0x0800014c       0x54 build/user_spi.o
                0x0800014c                user_init_ss_pin
 .text.user_spi_init
                0x080001a0       0x70 build/user_spi.o
                0x080001a0                user_spi_init
 .text.user_spi_creat
                0x08000210       0x1c build/user_spi.o
                0x08000210                user_spi_creat
 .text.spi_device1_cb
                0x0800022c       0x14 build/user_spi.o
                0x0800022c                spi_device1_cb
 .text.spi_device2_cb
                0x08000240       0x14 build/user_spi.o
                0x08000240                spi_device2_cb
 .text.spi_callback
                0x08000254       0x24 build/user_spi.o
                0x08000254                spi_callback
 .text.spi_user_send_data
                0x08000278       0x4c build/user_spi.o
                0x08000278                spi_user_send_data
 .text.MX_GPIO_Init
                0x080002c4       0x98 build/main.o
 .text.MX_DMA_Init
                0x0800035c       0x74 build/main.o
 .text.MX_USART1_UART_Init
                0x080003d0       0x2c build/main.o
 .text.MX_USART2_UART_Init
                0x080003fc       0x2c build/main.o
 .text.MX_SPI1_Init
                0x08000428       0x40 build/main.o
 .text.MX_TIM1_Init
                0x08000468       0x5c build/main.o
 .text.HAL_UART_RxCpltCallback
                0x080004c4       0x24 build/main.o
                0x080004c4                HAL_UART_RxCpltCallback
 .text.SystemClock_Config
                0x080004e8       0x52 build/main.o
                0x080004e8                SystemClock_Config
 *fill*         0x0800053a        0x2 
 .text.main     0x0800053c       0x54 build/main.o
                0x0800053c                main
 .text.HAL_SPI_TxRxCpltCallback
                0x08000590       0x20 build/main.o
                0x08000590                HAL_SPI_TxRxCpltCallback
 .text.HAL_TIM_PeriodElapsedCallback
                0x080005b0       0x20 build/main.o
                0x080005b0                HAL_TIM_PeriodElapsedCallback
 .text.Error_Handler
                0x080005d0        0x2 build/main.o
                0x080005d0                Error_Handler
 .text.NMI_Handler
                0x080005d2        0x2 build/stm32f1xx_it.o
                0x080005d2                NMI_Handler
 .text.HardFault_Handler
                0x080005d4        0x2 build/stm32f1xx_it.o
                0x080005d4                HardFault_Handler
 .text.MemManage_Handler
                0x080005d6        0x2 build/stm32f1xx_it.o
                0x080005d6                MemManage_Handler
 .text.BusFault_Handler
                0x080005d8        0x2 build/stm32f1xx_it.o
                0x080005d8                BusFault_Handler
 .text.UsageFault_Handler
                0x080005da        0x2 build/stm32f1xx_it.o
                0x080005da                UsageFault_Handler
 .text.SVC_Handler
                0x080005dc        0x2 build/stm32f1xx_it.o
                0x080005dc                SVC_Handler
 .text.DebugMon_Handler
                0x080005de        0x2 build/stm32f1xx_it.o
                0x080005de                DebugMon_Handler
 .text.PendSV_Handler
                0x080005e0        0x2 build/stm32f1xx_it.o
                0x080005e0                PendSV_Handler
 .text.SysTick_Handler
                0x080005e2        0x8 build/stm32f1xx_it.o
                0x080005e2                SysTick_Handler
 *fill*         0x080005ea        0x2 
 .text.DMA1_Channel2_IRQHandler
                0x080005ec       0x10 build/stm32f1xx_it.o
                0x080005ec                DMA1_Channel2_IRQHandler
 .text.DMA1_Channel3_IRQHandler
                0x080005fc       0x10 build/stm32f1xx_it.o
                0x080005fc                DMA1_Channel3_IRQHandler
 .text.DMA1_Channel4_IRQHandler
                0x0800060c       0x10 build/stm32f1xx_it.o
                0x0800060c                DMA1_Channel4_IRQHandler
 .text.DMA1_Channel5_IRQHandler
                0x0800061c       0x10 build/stm32f1xx_it.o
                0x0800061c                DMA1_Channel5_IRQHandler
 .text.DMA1_Channel6_IRQHandler
                0x0800062c       0x10 build/stm32f1xx_it.o
                0x0800062c                DMA1_Channel6_IRQHandler
 .text.TIM1_UP_IRQHandler
                0x0800063c       0x10 build/stm32f1xx_it.o
                0x0800063c                TIM1_UP_IRQHandler
 .text.SPI1_IRQHandler
                0x0800064c       0x10 build/stm32f1xx_it.o
                0x0800064c                SPI1_IRQHandler
 .text.HAL_MspInit
                0x0800065c       0x44 build/stm32f1xx_hal_msp.o
                0x0800065c                HAL_MspInit
 .text.HAL_SPI_MspInit
                0x080006a0       0xec build/stm32f1xx_hal_msp.o
                0x080006a0                HAL_SPI_MspInit
 .text.HAL_SPI_MspDeInit
                0x0800078c       0x40 build/stm32f1xx_hal_msp.o
                0x0800078c                HAL_SPI_MspDeInit
 .text.HAL_TIM_Base_MspInit
                0x080007cc       0x40 build/stm32f1xx_hal_msp.o
                0x080007cc                HAL_TIM_Base_MspInit
 .text.HAL_UART_MspInit
                0x0800080c      0x16c build/stm32f1xx_hal_msp.o
                0x0800080c                HAL_UART_MspInit
 .text.TIM_TI1_ConfigInputStage
                0x08000978       0x24 build/stm32f1xx_hal_tim.o
 .text.TIM_TI2_ConfigInputStage
                0x0800099c       0x26 build/stm32f1xx_hal_tim.o
 .text.TIM_ITRx_SetConfig
                0x080009c2       0x10 build/stm32f1xx_hal_tim.o
 .text.HAL_TIM_Base_Start_IT
                0x080009d2       0x22 build/stm32f1xx_hal_tim.o
                0x080009d2                HAL_TIM_Base_Start_IT
 .text.HAL_TIM_OC_DelayElapsedCallback
                0x080009f4        0x2 build/stm32f1xx_hal_tim.o
                0x080009f4                HAL_TIM_OC_DelayElapsedCallback
 .text.HAL_TIM_IC_CaptureCallback
                0x080009f6        0x2 build/stm32f1xx_hal_tim.o
                0x080009f6                HAL_TIM_IC_CaptureCallback
 .text.HAL_TIM_PWM_PulseFinishedCallback
                0x080009f8        0x2 build/stm32f1xx_hal_tim.o
                0x080009f8                HAL_TIM_PWM_PulseFinishedCallback
 .text.HAL_TIM_TriggerCallback
                0x080009fa        0x2 build/stm32f1xx_hal_tim.o
                0x080009fa                HAL_TIM_TriggerCallback
 .text.HAL_TIM_IRQHandler
                0x080009fc      0x17a build/stm32f1xx_hal_tim.o
                0x080009fc                HAL_TIM_IRQHandler
 *fill*         0x08000b76        0x2 
 .text.TIM_Base_SetConfig
                0x08000b78       0x74 build/stm32f1xx_hal_tim.o
                0x08000b78                TIM_Base_SetConfig
 .text.HAL_TIM_Base_Init
                0x08000bec       0x32 build/stm32f1xx_hal_tim.o
                0x08000bec                HAL_TIM_Base_Init
 .text.TIM_ETR_SetConfig
                0x08000c1e       0x16 build/stm32f1xx_hal_tim.o
                0x08000c1e                TIM_ETR_SetConfig
 .text.HAL_TIM_ConfigClockSource
                0x08000c34       0xda build/stm32f1xx_hal_tim.o
                0x08000c34                HAL_TIM_ConfigClockSource
 .text.HAL_TIMEx_MasterConfigSynchronization
                0x08000d0e       0x46 build/stm32f1xx_hal_tim_ex.o
                0x08000d0e                HAL_TIMEx_MasterConfigSynchronization
 .text.HAL_TIMEx_CommutCallback
                0x08000d54        0x2 build/stm32f1xx_hal_tim_ex.o
                0x08000d54                HAL_TIMEx_CommutCallback
 .text.HAL_TIMEx_BreakCallback
                0x08000d56        0x2 build/stm32f1xx_hal_tim_ex.o
                0x08000d56                HAL_TIMEx_BreakCallback
 .text.UART_EndTxTransfer
                0x08000d58       0x12 build/stm32f1xx_hal_uart.o
 .text.UART_EndRxTransfer
                0x08000d6a       0x1c build/stm32f1xx_hal_uart.o
 *fill*         0x08000d86        0x2 
 .text.UART_SetConfig
                0x08000d88       0xcc build/stm32f1xx_hal_uart.o
 .text.HAL_UART_Init
                0x08000e54       0x5e build/stm32f1xx_hal_uart.o
                0x08000e54                HAL_UART_Init
 *fill*         0x08000eb2        0x2 
 .text.HAL_UART_Receive_DMA
                0x08000eb4       0xa8 build/stm32f1xx_hal_uart.o
                0x08000eb4                HAL_UART_Receive_DMA
 .text.UART_DMAReceiveCplt
                0x08000f5c       0x3e build/stm32f1xx_hal_uart.o
 .text.HAL_UART_RxHalfCpltCallback
                0x08000f9a        0x2 build/stm32f1xx_hal_uart.o
                0x08000f9a                HAL_UART_RxHalfCpltCallback
 .text.UART_DMARxHalfCplt
                0x08000f9c        0xa build/stm32f1xx_hal_uart.o
 .text.HAL_UART_ErrorCallback
                0x08000fa6        0x2 build/stm32f1xx_hal_uart.o
                0x08000fa6                HAL_UART_ErrorCallback
 .text.UART_DMAError
                0x08000fa8       0x58 build/stm32f1xx_hal_uart.o
 .text.HAL_InitTick
                0x08001000       0x4c build/stm32f1xx_hal.o
                0x08001000                HAL_InitTick
 .text.HAL_Init
                0x0800104c       0x24 build/stm32f1xx_hal.o
                0x0800104c                HAL_Init
 .text.HAL_IncTick
                0x08001070       0x18 build/stm32f1xx_hal.o
                0x08001070                HAL_IncTick
 .text.HAL_GetTick
                0x08001088        0xc build/stm32f1xx_hal.o
                0x08001088                HAL_GetTick
 .text.RCC_Delay
                0x08001094       0x2c build/stm32f1xx_hal_rcc.o
 .text.HAL_RCC_OscConfig
                0x080010c0      0x410 build/stm32f1xx_hal_rcc.o
                0x080010c0                HAL_RCC_OscConfig
 .text.HAL_RCC_GetSysClockFreq
                0x080014d0       0x70 build/stm32f1xx_hal_rcc.o
                0x080014d0                HAL_RCC_GetSysClockFreq
 .text.HAL_RCC_ClockConfig
                0x08001540      0x168 build/stm32f1xx_hal_rcc.o
                0x08001540                HAL_RCC_ClockConfig
 .text.HAL_RCC_GetHCLKFreq
                0x080016a8        0xc build/stm32f1xx_hal_rcc.o
                0x080016a8                HAL_RCC_GetHCLKFreq
 .text.HAL_RCC_GetPCLK1Freq
                0x080016b4       0x20 build/stm32f1xx_hal_rcc.o
                0x080016b4                HAL_RCC_GetPCLK1Freq
 .text.HAL_RCC_GetPCLK2Freq
                0x080016d4       0x20 build/stm32f1xx_hal_rcc.o
                0x080016d4                HAL_RCC_GetPCLK2Freq
 .text.HAL_GPIO_Init
                0x080016f4      0x1d8 build/stm32f1xx_hal_gpio.o
                0x080016f4                HAL_GPIO_Init
 .text.HAL_GPIO_DeInit
                0x080018cc       0xf8 build/stm32f1xx_hal_gpio.o
                0x080018cc                HAL_GPIO_DeInit
 .text.HAL_GPIO_WritePin
                0x080019c4        0xc build/stm32f1xx_hal_gpio.o
                0x080019c4                HAL_GPIO_WritePin
 .text.HAL_GPIO_TogglePin
                0x080019d0        0xe build/stm32f1xx_hal_gpio.o
                0x080019d0                HAL_GPIO_TogglePin
 .text.DMA_SetConfig
                0x080019de       0x2c build/stm32f1xx_hal_dma.o
 *fill*         0x08001a0a        0x2 
 .text.HAL_DMA_Init
                0x08001a0c       0x6c build/stm32f1xx_hal_dma.o
                0x08001a0c                HAL_DMA_Init
 .text.HAL_DMA_DeInit
                0x08001a78       0x68 build/stm32f1xx_hal_dma.o
                0x08001a78                HAL_DMA_DeInit
 .text.HAL_DMA_Start_IT
                0x08001ae0       0x74 build/stm32f1xx_hal_dma.o
                0x08001ae0                HAL_DMA_Start_IT
 .text.HAL_DMA_Abort_IT
                0x08001b54       0x98 build/stm32f1xx_hal_dma.o
                0x08001b54                HAL_DMA_Abort_IT
 .text.HAL_DMA_IRQHandler
                0x08001bec      0x144 build/stm32f1xx_hal_dma.o
                0x08001bec                HAL_DMA_IRQHandler
 .text.HAL_NVIC_SetPriorityGrouping
                0x08001d30       0x24 build/stm32f1xx_hal_cortex.o
                0x08001d30                HAL_NVIC_SetPriorityGrouping
 .text.HAL_NVIC_SetPriority
                0x08001d54       0x68 build/stm32f1xx_hal_cortex.o
                0x08001d54                HAL_NVIC_SetPriority
 .text.HAL_NVIC_EnableIRQ
                0x08001dbc       0x1c build/stm32f1xx_hal_cortex.o
                0x08001dbc                HAL_NVIC_EnableIRQ
 .text.HAL_NVIC_DisableIRQ
                0x08001dd8       0x24 build/stm32f1xx_hal_cortex.o
                0x08001dd8                HAL_NVIC_DisableIRQ
 .text.HAL_SYSTICK_Config
                0x08001dfc       0x2c build/stm32f1xx_hal_cortex.o
                0x08001dfc                HAL_SYSTICK_Config
 .text.SystemInit
                0x08001e28       0x4c build/system_stm32f1xx.o
                0x08001e28                SystemInit
 .text.SPI_WaitFlagStateUntilTimeout
                0x08001e74       0x90 build/stm32f1xx_hal_spi.o
 .text.SPI_EndRxTxTransaction
                0x08001f04       0x28 build/stm32f1xx_hal_spi.o
 .text.SPI_EndRxTransaction
                0x08001f2c       0x7c build/stm32f1xx_hal_spi.o
 .text.HAL_SPI_Init
                0x08001fa8       0x7c build/stm32f1xx_hal_spi.o
                0x08001fa8                HAL_SPI_Init
 .text.HAL_SPI_DeInit
                0x08002024       0x2c build/stm32f1xx_hal_spi.o
                0x08002024                HAL_SPI_DeInit
 .text.HAL_SPI_TransmitReceive_DMA
                0x08002050      0x150 build/stm32f1xx_hal_spi.o
                0x08002050                HAL_SPI_TransmitReceive_DMA
 .text.HAL_SPI_RxCpltCallback
                0x080021a0        0x2 build/stm32f1xx_hal_spi.o
                0x080021a0                HAL_SPI_RxCpltCallback
 .text.HAL_SPI_RxHalfCpltCallback
                0x080021a2        0x2 build/stm32f1xx_hal_spi.o
                0x080021a2                HAL_SPI_RxHalfCpltCallback
 .text.SPI_DMAHalfReceiveCplt
                0x080021a4        0xa build/stm32f1xx_hal_spi.o
 .text.HAL_SPI_TxRxHalfCpltCallback
                0x080021ae        0x2 build/stm32f1xx_hal_spi.o
                0x080021ae                HAL_SPI_TxRxHalfCpltCallback
 .text.SPI_DMAHalfTransmitReceiveCplt
                0x080021b0        0xa build/stm32f1xx_hal_spi.o
 .text.HAL_SPI_ErrorCallback
                0x080021ba        0x2 build/stm32f1xx_hal_spi.o
                0x080021ba                HAL_SPI_ErrorCallback
 .text.SPI_DMAError
                0x080021bc       0x22 build/stm32f1xx_hal_spi.o
 .text.SPI_DMAReceiveCplt
                0x080021de       0x56 build/stm32f1xx_hal_spi.o
 .text.SPI_DMATransmitReceiveCplt
                0x08002234       0x5c build/stm32f1xx_hal_spi.o
 .text.HAL_SPI_IRQHandler
                0x08002290      0x104 build/stm32f1xx_hal_spi.o
                0x08002290                HAL_SPI_IRQHandler
 .text.SPI_DMAAbortOnError
                0x08002394       0x10 build/stm32f1xx_hal_spi.o
 .text.Reset_Handler
                0x080023a4       0x48 build/startup_stm32f103xb.o
                0x080023a4                Reset_Handler
 .text.Default_Handler
                0x080023ec        0x2 build/startup_stm32f103xb.o
                0x080023ec                RTC_Alarm_IRQHandler
                0x080023ec                EXTI2_IRQHandler
                0x080023ec                TIM1_CC_IRQHandler
                0x080023ec                PVD_IRQHandler
                0x080023ec                EXTI3_IRQHandler
                0x080023ec                EXTI0_IRQHandler
                0x080023ec                I2C2_EV_IRQHandler
                0x080023ec                ADC1_2_IRQHandler
                0x080023ec                TAMPER_IRQHandler
                0x080023ec                USART3_IRQHandler
                0x080023ec                RTC_IRQHandler
                0x080023ec                DMA1_Channel7_IRQHandler
                0x080023ec                CAN1_RX1_IRQHandler
                0x080023ec                TIM4_IRQHandler
                0x080023ec                I2C1_EV_IRQHandler
                0x080023ec                TIM3_IRQHandler
                0x080023ec                RCC_IRQHandler
                0x080023ec                TIM1_TRG_COM_IRQHandler
                0x080023ec                DMA1_Channel1_IRQHandler
                0x080023ec                Default_Handler
                0x080023ec                EXTI15_10_IRQHandler
                0x080023ec                EXTI9_5_IRQHandler
                0x080023ec                SPI2_IRQHandler
                0x080023ec                EXTI4_IRQHandler
                0x080023ec                USB_LP_CAN1_RX0_IRQHandler
                0x080023ec                USB_HP_CAN1_TX_IRQHandler
                0x080023ec                WWDG_IRQHandler
                0x080023ec                TIM2_IRQHandler
                0x080023ec                TIM1_BRK_IRQHandler
                0x080023ec                EXTI1_IRQHandler
                0x080023ec                USART2_IRQHandler
                0x080023ec                I2C2_ER_IRQHandler
                0x080023ec                CAN1_SCE_IRQHandler
                0x080023ec                FLASH_IRQHandler
                0x080023ec                USART1_IRQHandler
                0x080023ec                I2C1_ER_IRQHandler
                0x080023ec                USBWakeUp_IRQHandler
 *fill*         0x080023ee        0x2 
 .text.__libc_init_array
                0x080023f0       0x48 c:/program files (x86)/gnu tools arm embedded/7 2018-q2-update/bin/../lib/gcc/arm-none-eabi/7.3.1/../../../../arm-none-eabi/lib/thumb/v7-m\libc_nano.a(lib_a-init.o)
                0x080023f0                __libc_init_array
 .text.malloc   0x08002438       0x10 c:/program files (x86)/gnu tools arm embedded/7 2018-q2-update/bin/../lib/gcc/arm-none-eabi/7.3.1/../../../../arm-none-eabi/lib/thumb/v7-m\libc_nano.a(lib_a-malloc.o)
                0x08002438                malloc
 .text._malloc_r
                0x08002448       0xb4 c:/program files (x86)/gnu tools arm embedded/7 2018-q2-update/bin/../lib/gcc/arm-none-eabi/7.3.1/../../../../arm-none-eabi/lib/thumb/v7-m\libc_nano.a(lib_a-nano-mallocr.o)
                0x08002448                _malloc_r
 .text._sbrk_r  0x080024fc       0x20 c:/program files (x86)/gnu tools arm embedded/7 2018-q2-update/bin/../lib/gcc/arm-none-eabi/7.3.1/../../../../arm-none-eabi/lib/thumb/v7-m\libc_nano.a(lib_a-sbrkr.o)
                0x080024fc                _sbrk_r
 .text.__malloc_lock
                0x0800251c        0x2 c:/program files (x86)/gnu tools arm embedded/7 2018-q2-update/bin/../lib/gcc/arm-none-eabi/7.3.1/../../../../arm-none-eabi/lib/thumb/v7-m\libc_nano.a(lib_a-mlock.o)
                0x0800251c                __malloc_lock
 .text.__malloc_unlock
                0x0800251e        0x2 c:/program files (x86)/gnu tools arm embedded/7 2018-q2-update/bin/../lib/gcc/arm-none-eabi/7.3.1/../../../../arm-none-eabi/lib/thumb/v7-m\libc_nano.a(lib_a-mlock.o)
                0x0800251e                __malloc_unlock
 .text._sbrk    0x08002520       0x1c c:/program files (x86)/gnu tools arm embedded/7 2018-q2-update/bin/../lib/gcc/arm-none-eabi/7.3.1/../../../../arm-none-eabi/lib/thumb/v7-m\libnosys.a(sbrk.o)
                0x08002520                _sbrk
 *(.glue_7)
 .glue_7        0x0800253c        0x0 linker stubs
 *(.glue_7t)
 .glue_7t       0x0800253c        0x0 linker stubs
 *(.eh_frame)
 .eh_frame      0x0800253c        0x0 c:/program files (x86)/gnu tools arm embedded/7 2018-q2-update/bin/../lib/gcc/arm-none-eabi/7.3.1/thumb/v7-m/crtbegin.o
 *(.init)
 .init          0x0800253c        0x4 c:/program files (x86)/gnu tools arm embedded/7 2018-q2-update/bin/../lib/gcc/arm-none-eabi/7.3.1/thumb/v7-m/crti.o
                0x0800253c                _init
 .init          0x08002540        0x8 c:/program files (x86)/gnu tools arm embedded/7 2018-q2-update/bin/../lib/gcc/arm-none-eabi/7.3.1/thumb/v7-m/crtn.o
 *(.fini)
 .fini          0x08002548        0x4 c:/program files (x86)/gnu tools arm embedded/7 2018-q2-update/bin/../lib/gcc/arm-none-eabi/7.3.1/thumb/v7-m/crti.o
                0x08002548                _fini
 .fini          0x0800254c        0x8 c:/program files (x86)/gnu tools arm embedded/7 2018-q2-update/bin/../lib/gcc/arm-none-eabi/7.3.1/thumb/v7-m/crtn.o
                0x08002554                . = ALIGN (0x4)
                0x08002554                _etext = .

.vfp11_veneer   0x08002554        0x0
 .vfp11_veneer  0x08002554        0x0 linker stubs

.v4_bx          0x08002554        0x0
 .v4_bx         0x08002554        0x0 linker stubs

.iplt           0x08002554        0x0
 .iplt          0x08002554        0x0 c:/program files (x86)/gnu tools arm embedded/7 2018-q2-update/bin/../lib/gcc/arm-none-eabi/7.3.1/thumb/v7-m/crtbegin.o

.rodata         0x08002554       0x2c
                0x08002554                . = ALIGN (0x4)
 *(.rodata)
 .rodata        0x08002554       0x12 build/stm32f1xx_hal_rcc.o
 *(.rodata*)
 *fill*         0x08002566        0x2 
 .rodata.AHBPrescTable
                0x08002568       0x10 build/system_stm32f1xx.o
                0x08002568                AHBPrescTable
 .rodata.APBPrescTable
                0x08002578        0x8 build/system_stm32f1xx.o
                0x08002578                APBPrescTable
                0x08002580                . = ALIGN (0x4)

.rel.dyn        0x08002580        0x0
 .rel.iplt      0x08002580        0x0 c:/program files (x86)/gnu tools arm embedded/7 2018-q2-update/bin/../lib/gcc/arm-none-eabi/7.3.1/thumb/v7-m/crtbegin.o

.ARM.extab
 *(.ARM.extab* .gnu.linkonce.armextab.*)

.ARM            0x08002580        0x0
                0x08002580                __exidx_start = .
 *(.ARM.exidx*)
                0x08002580                __exidx_end = .

.preinit_array  0x08002580        0x0
                0x08002580                PROVIDE (__preinit_array_start = .)
 *(.preinit_array*)
                0x08002580                PROVIDE (__preinit_array_end = .)

.init_array     0x08002580        0x4
                0x08002580                PROVIDE (__init_array_start = .)
 *(SORT_BY_NAME(.init_array.*))
 *(.init_array*)
 .init_array    0x08002580        0x4 c:/program files (x86)/gnu tools arm embedded/7 2018-q2-update/bin/../lib/gcc/arm-none-eabi/7.3.1/thumb/v7-m/crtbegin.o
                0x08002584                PROVIDE (__init_array_end = .)

.fini_array     0x08002584        0x4
                [!provide]                PROVIDE (__fini_array_start = .)
 *(SORT_BY_NAME(.fini_array.*))
 *(.fini_array*)
 .fini_array    0x08002584        0x4 c:/program files (x86)/gnu tools arm embedded/7 2018-q2-update/bin/../lib/gcc/arm-none-eabi/7.3.1/thumb/v7-m/crtbegin.o
                [!provide]                PROVIDE (__fini_array_end = .)
                0x08002588                _sidata = LOADADDR (.data)

.data           0x20000000       0x70 load address 0x08002588
                0x20000000                . = ALIGN (0x4)
                0x20000000                _sdata = .
 *(.data)
 *(.data*)
 .data.uwTickFreq
                0x20000000        0x1 build/stm32f1xx_hal.o
                0x20000000                uwTickFreq
 *fill*         0x20000001        0x3 
 .data.uwTickPrio
                0x20000004        0x4 build/stm32f1xx_hal.o
                0x20000004                uwTickPrio
 .data.SystemCoreClock
                0x20000008        0x4 build/system_stm32f1xx.o
                0x20000008                SystemCoreClock
 .data._impure_ptr
                0x2000000c        0x4 c:/program files (x86)/gnu tools arm embedded/7 2018-q2-update/bin/../lib/gcc/arm-none-eabi/7.3.1/../../../../arm-none-eabi/lib/thumb/v7-m\libc_nano.a(lib_a-impure.o)
                0x2000000c                _impure_ptr
 .data.impure_data
                0x20000010       0x60 c:/program files (x86)/gnu tools arm embedded/7 2018-q2-update/bin/../lib/gcc/arm-none-eabi/7.3.1/../../../../arm-none-eabi/lib/thumb/v7-m\libc_nano.a(lib_a-impure.o)
                0x20000070                . = ALIGN (0x4)
                0x20000070                _edata = .

.igot.plt       0x20000070        0x0 load address 0x080025f8
 .igot.plt      0x20000070        0x0 c:/program files (x86)/gnu tools arm embedded/7 2018-q2-update/bin/../lib/gcc/arm-none-eabi/7.3.1/thumb/v7-m/crtbegin.o
                0x20000070                . = ALIGN (0x4)

.bss            0x20000070      0x2ac load address 0x080025f8
                0x20000070                _sbss = .
                0x20000070                __bss_start__ = _sbss
 *(.bss)
 .bss           0x20000070       0x1c c:/program files (x86)/gnu tools arm embedded/7 2018-q2-update/bin/../lib/gcc/arm-none-eabi/7.3.1/thumb/v7-m/crtbegin.o
 *(.bss*)
 .bss.Transfer_cplt
                0x2000008c        0x1 build/main.o
                0x2000008c                Transfer_cplt
 *fill*         0x2000008d        0x3 
 .bss.__malloc_free_list
                0x20000090        0x4 c:/program files (x86)/gnu tools arm embedded/7 2018-q2-update/bin/../lib/gcc/arm-none-eabi/7.3.1/../../../../arm-none-eabi/lib/thumb/v7-m\libc_nano.a(lib_a-nano-mallocr.o)
                0x20000090                __malloc_free_list
 .bss.__malloc_sbrk_start
                0x20000094        0x4 c:/program files (x86)/gnu tools arm embedded/7 2018-q2-update/bin/../lib/gcc/arm-none-eabi/7.3.1/../../../../arm-none-eabi/lib/thumb/v7-m\libc_nano.a(lib_a-nano-mallocr.o)
                0x20000094                __malloc_sbrk_start
 .bss.heap_end.4102
                0x20000098        0x4 c:/program files (x86)/gnu tools arm embedded/7 2018-q2-update/bin/../lib/gcc/arm-none-eabi/7.3.1/../../../../arm-none-eabi/lib/thumb/v7-m\libnosys.a(sbrk.o)
 *(COMMON)
 COMMON         0x2000009c      0x278 build/main.o
                0x2000009c                SPI_Sensor
                0x200000a0                hdma_usart2_rx
                0x200000e4                Rx_data
                0x200000e8                hdma_usart1_tx
                0x2000012c                hdma_usart1_rx
                0x20000170                huart1
                0x200001b0                buffer
                0x200001b4                htim1
                0x200001f4                hspi1
                0x2000024c                huart2
                0x2000028c                hdma_spi1_rx
                0x200002d0                hdma_spi1_tx
 COMMON         0x20000314        0x4 build/stm32f1xx_hal.o
                0x20000314                uwTick
 COMMON         0x20000318        0x4 c:/program files (x86)/gnu tools arm embedded/7 2018-q2-update/bin/../lib/gcc/arm-none-eabi/7.3.1/../../../../arm-none-eabi/lib/thumb/v7-m\libc_nano.a(lib_a-reent.o)
                0x20000318                errno
                0x2000031c                . = ALIGN (0x4)
                0x2000031c                _ebss = .
                0x2000031c                __bss_end__ = _ebss

._user_heap_stack
                0x2000031c      0x604 load address 0x080025f8
                0x20000320                . = ALIGN (0x8)
 *fill*         0x2000031c        0x4 
                0x20000320                PROVIDE (end = .)
                [!provide]                PROVIDE (_end = .)
                0x20000520                . = (. + _Min_Heap_Size)
 *fill*         0x20000320      0x200 
                0x20000920                . = (. + _Min_Stack_Size)
 *fill*         0x20000520      0x400 
                0x20000920                . = ALIGN (0x8)

/DISCARD/
 libc.a(*)
 libm.a(*)
 libgcc.a(*)

.ARM.attributes
                0x00000000       0x29
 *(.ARM.attributes)
 .ARM.attributes
                0x00000000       0x1d c:/program files (x86)/gnu tools arm embedded/7 2018-q2-update/bin/../lib/gcc/arm-none-eabi/7.3.1/thumb/v7-m/crti.o
 .ARM.attributes
                0x0000001d       0x2d c:/program files (x86)/gnu tools arm embedded/7 2018-q2-update/bin/../lib/gcc/arm-none-eabi/7.3.1/thumb/v7-m/crtbegin.o
 .ARM.attributes
                0x0000004a       0x33 build/user_spi.o
 .ARM.attributes
                0x0000007d       0x33 build/main.o
 .ARM.attributes
                0x000000b0       0x33 build/stm32f1xx_it.o
 .ARM.attributes
                0x000000e3       0x33 build/stm32f1xx_hal_msp.o
 .ARM.attributes
                0x00000116       0x33 build/stm32f1xx_hal_tim.o
 .ARM.attributes
                0x00000149       0x33 build/stm32f1xx_hal_tim_ex.o
 .ARM.attributes
                0x0000017c       0x33 build/stm32f1xx_hal_uart.o
 .ARM.attributes
                0x000001af       0x33 build/stm32f1xx_hal.o
 .ARM.attributes
                0x000001e2       0x33 build/stm32f1xx_hal_rcc.o
 .ARM.attributes
                0x00000215       0x33 build/stm32f1xx_hal_gpio.o
 .ARM.attributes
                0x00000248       0x33 build/stm32f1xx_hal_dma.o
 .ARM.attributes
                0x0000027b       0x33 build/stm32f1xx_hal_cortex.o
 .ARM.attributes
                0x000002ae       0x33 build/system_stm32f1xx.o
 .ARM.attributes
                0x000002e1       0x33 build/stm32f1xx_hal_spi.o
 .ARM.attributes
                0x00000314       0x21 build/startup_stm32f103xb.o
 .ARM.attributes
                0x00000335       0x2d c:/program files (x86)/gnu tools arm embedded/7 2018-q2-update/bin/../lib/gcc/arm-none-eabi/7.3.1/../../../../arm-none-eabi/lib/thumb/v7-m\libc_nano.a(lib_a-impure.o)
 .ARM.attributes
                0x00000362       0x2d c:/program files (x86)/gnu tools arm embedded/7 2018-q2-update/bin/../lib/gcc/arm-none-eabi/7.3.1/../../../../arm-none-eabi/lib/thumb/v7-m\libc_nano.a(lib_a-init.o)
 .ARM.attributes
                0x0000038f       0x2d c:/program files (x86)/gnu tools arm embedded/7 2018-q2-update/bin/../lib/gcc/arm-none-eabi/7.3.1/../../../../arm-none-eabi/lib/thumb/v7-m\libc_nano.a(lib_a-malloc.o)
 .ARM.attributes
                0x000003bc       0x2d c:/program files (x86)/gnu tools arm embedded/7 2018-q2-update/bin/../lib/gcc/arm-none-eabi/7.3.1/../../../../arm-none-eabi/lib/thumb/v7-m\libc_nano.a(lib_a-nano-mallocr.o)
 .ARM.attributes
                0x000003e9       0x2d c:/program files (x86)/gnu tools arm embedded/7 2018-q2-update/bin/../lib/gcc/arm-none-eabi/7.3.1/../../../../arm-none-eabi/lib/thumb/v7-m\libc_nano.a(lib_a-sbrkr.o)
 .ARM.attributes
                0x00000416       0x2d c:/program files (x86)/gnu tools arm embedded/7 2018-q2-update/bin/../lib/gcc/arm-none-eabi/7.3.1/../../../../arm-none-eabi/lib/thumb/v7-m\libc_nano.a(lib_a-mlock.o)
 .ARM.attributes
                0x00000443       0x2d c:/program files (x86)/gnu tools arm embedded/7 2018-q2-update/bin/../lib/gcc/arm-none-eabi/7.3.1/../../../../arm-none-eabi/lib/thumb/v7-m\libc_nano.a(lib_a-reent.o)
 .ARM.attributes
                0x00000470       0x2d c:/program files (x86)/gnu tools arm embedded/7 2018-q2-update/bin/../lib/gcc/arm-none-eabi/7.3.1/../../../../arm-none-eabi/lib/thumb/v7-m\libnosys.a(sbrk.o)
 .ARM.attributes
                0x0000049d       0x1d c:/program files (x86)/gnu tools arm embedded/7 2018-q2-update/bin/../lib/gcc/arm-none-eabi/7.3.1/thumb/v7-m/crtn.o
OUTPUT(build/Demo.elf elf32-littlearm)

.debug_info     0x00000000     0xfee0
 .debug_info    0x00000000     0x1462 build/user_spi.o
 .debug_info    0x00001462     0x1805 build/main.o
 .debug_info    0x00002c67      0xb73 build/stm32f1xx_it.o
 .debug_info    0x000037da     0x1398 build/stm32f1xx_hal_msp.o
 .debug_info    0x00004b72     0x346c build/stm32f1xx_hal_tim.o
 .debug_info    0x00007fde     0x1607 build/stm32f1xx_hal_tim_ex.o
 .debug_info    0x000095e5     0x180e build/stm32f1xx_hal_uart.o
 .debug_info    0x0000adf3      0x857 build/stm32f1xx_hal.o
 .debug_info    0x0000b64a      0xa9a build/stm32f1xx_hal_rcc.o
 .debug_info    0x0000c0e4      0x700 build/stm32f1xx_hal_gpio.o
 .debug_info    0x0000c7e4      0x8b8 build/stm32f1xx_hal_dma.o
 .debug_info    0x0000d09c      0xd55 build/stm32f1xx_hal_cortex.o
 .debug_info    0x0000ddf1      0x489 build/system_stm32f1xx.o
 .debug_info    0x0000e27a     0x1c44 build/stm32f1xx_hal_spi.o
 .debug_info    0x0000febe       0x22 build/startup_stm32f103xb.o

.debug_abbrev   0x00000000     0x203b
 .debug_abbrev  0x00000000      0x268 build/user_spi.o
 .debug_abbrev  0x00000268      0x2bc build/main.o
 .debug_abbrev  0x00000524      0x1a1 build/stm32f1xx_it.o
 .debug_abbrev  0x000006c5      0x218 build/stm32f1xx_hal_msp.o
 .debug_abbrev  0x000008dd      0x286 build/stm32f1xx_hal_tim.o
 .debug_abbrev  0x00000b63      0x26d build/stm32f1xx_hal_tim_ex.o
 .debug_abbrev  0x00000dd0      0x2ad build/stm32f1xx_hal_uart.o
 .debug_abbrev  0x0000107d      0x1fe build/stm32f1xx_hal.o
 .debug_abbrev  0x0000127b      0x272 build/stm32f1xx_hal_rcc.o
 .debug_abbrev  0x000014ed      0x213 build/stm32f1xx_hal_gpio.o
 .debug_abbrev  0x00001700      0x258 build/stm32f1xx_hal_dma.o
 .debug_abbrev  0x00001958      0x318 build/stm32f1xx_hal_cortex.o
 .debug_abbrev  0x00001c70      0x133 build/system_stm32f1xx.o
 .debug_abbrev  0x00001da3      0x286 build/stm32f1xx_hal_spi.o
 .debug_abbrev  0x00002029       0x12 build/startup_stm32f103xb.o

.debug_loc      0x00000000     0xba6f
 .debug_loc     0x00000000      0x2ce build/user_spi.o
 .debug_loc     0x000002ce      0x2fb build/main.o
 .debug_loc     0x000005c9      0x100 build/stm32f1xx_it.o
 .debug_loc     0x000006c9      0x29e build/stm32f1xx_hal_msp.o
 .debug_loc     0x00000967     0x43f5 build/stm32f1xx_hal_tim.o
 .debug_loc     0x00004d5c     0x15e9 build/stm32f1xx_hal_tim_ex.o
 .debug_loc     0x00006345     0x19e7 build/stm32f1xx_hal_uart.o
 .debug_loc     0x00007d2c      0x1b0 build/stm32f1xx_hal.o
 .debug_loc     0x00007edc      0x683 build/stm32f1xx_hal_rcc.o
 .debug_loc     0x0000855f      0x497 build/stm32f1xx_hal_gpio.o
 .debug_loc     0x000089f6      0x8f6 build/stm32f1xx_hal_dma.o
 .debug_loc     0x000092ec      0x63d build/stm32f1xx_hal_cortex.o
 .debug_loc     0x00009929       0xdf build/system_stm32f1xx.o
 .debug_loc     0x00009a08     0x2067 build/stm32f1xx_hal_spi.o

.debug_aranges  0x00000000      0xd88
 .debug_aranges
                0x00000000       0x58 build/user_spi.o
 .debug_aranges
                0x00000058       0x88 build/main.o
 .debug_aranges
                0x000000e0       0x98 build/stm32f1xx_it.o
 .debug_aranges
                0x00000178       0x50 build/stm32f1xx_hal_msp.o
 .debug_aranges
                0x000001c8      0x3a8 build/stm32f1xx_hal_tim.o
 .debug_aranges
                0x00000570      0x150 build/stm32f1xx_hal_tim_ex.o
 .debug_aranges
                0x000006c0      0x1d0 build/stm32f1xx_hal_uart.o
 .debug_aranges
                0x00000890       0xe0 build/stm32f1xx_hal.o
 .debug_aranges
                0x00000970       0x90 build/stm32f1xx_hal_rcc.o
 .debug_aranges
                0x00000a00       0x58 build/stm32f1xx_hal_gpio.o
 .debug_aranges
                0x00000a58       0x80 build/stm32f1xx_hal_dma.o
 .debug_aranges
                0x00000ad8       0x90 build/stm32f1xx_hal_cortex.o
 .debug_aranges
                0x00000b68       0x28 build/system_stm32f1xx.o
 .debug_aranges
                0x00000b90      0x1d0 build/stm32f1xx_hal_spi.o
 .debug_aranges
                0x00000d60       0x28 build/startup_stm32f103xb.o

.debug_ranges   0x00000000      0xd20
 .debug_ranges  0x00000000       0x48 build/user_spi.o
 .debug_ranges  0x00000048       0x78 build/main.o
 .debug_ranges  0x000000c0       0x88 build/stm32f1xx_it.o
 .debug_ranges  0x00000148       0x40 build/stm32f1xx_hal_msp.o
 .debug_ranges  0x00000188      0x398 build/stm32f1xx_hal_tim.o
 .debug_ranges  0x00000520      0x140 build/stm32f1xx_hal_tim_ex.o
 .debug_ranges  0x00000660      0x1c0 build/stm32f1xx_hal_uart.o
 .debug_ranges  0x00000820       0xd0 build/stm32f1xx_hal.o
 .debug_ranges  0x000008f0       0xa0 build/stm32f1xx_hal_rcc.o
 .debug_ranges  0x00000990       0x48 build/stm32f1xx_hal_gpio.o
 .debug_ranges  0x000009d8       0x70 build/stm32f1xx_hal_dma.o
 .debug_ranges  0x00000a48       0xe0 build/stm32f1xx_hal_cortex.o
 .debug_ranges  0x00000b28       0x18 build/system_stm32f1xx.o
 .debug_ranges  0x00000b40      0x1c0 build/stm32f1xx_hal_spi.o
 .debug_ranges  0x00000d00       0x20 build/startup_stm32f103xb.o

.debug_line     0x00000000     0x5add
 .debug_line    0x00000000      0x3ce build/user_spi.o
 .debug_line    0x000003ce      0x42a build/main.o
 .debug_line    0x000007f8      0x328 build/stm32f1xx_it.o
 .debug_line    0x00000b20      0x38c build/stm32f1xx_hal_msp.o
 .debug_line    0x00000eac     0x136d build/stm32f1xx_hal_tim.o
 .debug_line    0x00002219      0x85c build/stm32f1xx_hal_tim_ex.o
 .debug_line    0x00002a75      0xb61 build/stm32f1xx_hal_uart.o
 .debug_line    0x000035d6      0x3e0 build/stm32f1xx_hal.o
 .debug_line    0x000039b6      0x527 build/stm32f1xx_hal_rcc.o
 .debug_line    0x00003edd      0x3b1 build/stm32f1xx_hal_gpio.o
 .debug_line    0x0000428e      0x596 build/stm32f1xx_hal_dma.o
 .debug_line    0x00004824      0x3cc build/stm32f1xx_hal_cortex.o
 .debug_line    0x00004bf0      0x21c build/system_stm32f1xx.o
 .debug_line    0x00004e0c      0xc5f build/stm32f1xx_hal_spi.o
 .debug_line    0x00005a6b       0x72 build/startup_stm32f103xb.o

.debug_str      0x00000000     0x3eea
 .debug_str     0x00000000      0xad0 build/user_spi.o
                                0xbad (size before relaxing)
 .debug_str     0x00000ad0      0xac9 build/main.o
                               0x11fb (size before relaxing)
 .debug_str     0x00001599      0x18d build/stm32f1xx_it.o
                                0x9ac (size before relaxing)
 .debug_str     0x00001726      0x103 build/stm32f1xx_hal_msp.o
                                0xe57 (size before relaxing)
 .debug_str     0x00001829      0xd69 build/stm32f1xx_hal_tim.o
                               0x14df (size before relaxing)
 .debug_str     0x00002592      0x4d5 build/stm32f1xx_hal_tim_ex.o
                                0xcf7 (size before relaxing)
 .debug_str     0x00002a67      0x511 build/stm32f1xx_hal_uart.o
                                0xc27 (size before relaxing)
 .debug_str     0x00002f78      0x25c build/stm32f1xx_hal.o
                                0x83b (size before relaxing)
 .debug_str     0x000031d4      0x1ad build/stm32f1xx_hal_rcc.o
                                0x690 (size before relaxing)
 .debug_str     0x00003381      0x104 build/stm32f1xx_hal_gpio.o
                                0x4ae (size before relaxing)
 .debug_str     0x00003485      0x1c7 build/stm32f1xx_hal_dma.o
                                0x6ab (size before relaxing)
 .debug_str     0x0000364c      0x391 build/stm32f1xx_hal_cortex.o
                                0x95d (size before relaxing)
 .debug_str     0x000039dd       0x4f build/system_stm32f1xx.o
                                0x322 (size before relaxing)
 .debug_str     0x00003a2c      0x49a build/stm32f1xx_hal_spi.o
                                0xbd2 (size before relaxing)
 .debug_str     0x00003ec6       0x24 build/startup_stm32f103xb.o
                                 0x43 (size before relaxing)

.comment        0x00000000       0x7f
 .comment       0x00000000       0x7f build/user_spi.o
                                 0x80 (size before relaxing)
 .comment       0x0000007f       0x80 build/main.o
 .comment       0x0000007f       0x80 build/stm32f1xx_it.o
 .comment       0x0000007f       0x80 build/stm32f1xx_hal_msp.o
 .comment       0x0000007f       0x80 build/stm32f1xx_hal_tim.o
 .comment       0x0000007f       0x80 build/stm32f1xx_hal_tim_ex.o
 .comment       0x0000007f       0x80 build/stm32f1xx_hal_uart.o
 .comment       0x0000007f       0x80 build/stm32f1xx_hal.o
 .comment       0x0000007f       0x80 build/stm32f1xx_hal_rcc.o
 .comment       0x0000007f       0x80 build/stm32f1xx_hal_gpio.o
 .comment       0x0000007f       0x80 build/stm32f1xx_hal_dma.o
 .comment       0x0000007f       0x80 build/stm32f1xx_hal_cortex.o
 .comment       0x0000007f       0x80 build/system_stm32f1xx.o
 .comment       0x0000007f       0x80 build/stm32f1xx_hal_spi.o

.debug_frame    0x00000000     0x2990
 .debug_frame   0x00000000      0x10c build/user_spi.o
 .debug_frame   0x0000010c      0x19c build/main.o
 .debug_frame   0x000002a8      0x170 build/stm32f1xx_it.o
 .debug_frame   0x00000418       0xf0 build/stm32f1xx_hal_msp.o
 .debug_frame   0x00000508      0xbdc build/stm32f1xx_hal_tim.o
 .debug_frame   0x000010e4      0x430 build/stm32f1xx_hal_tim_ex.o
 .debug_frame   0x00001514      0x570 build/stm32f1xx_hal_uart.o
 .debug_frame   0x00001a84      0x1e4 build/stm32f1xx_hal.o
 .debug_frame   0x00001c68      0x1cc build/stm32f1xx_hal_rcc.o
 .debug_frame   0x00001e34      0x104 build/stm32f1xx_hal_gpio.o
 .debug_frame   0x00001f38      0x168 build/stm32f1xx_hal_dma.o
 .debug_frame   0x000020a0      0x13c build/stm32f1xx_hal_cortex.o
 .debug_frame   0x000021dc       0x30 build/system_stm32f1xx.o
 .debug_frame   0x0000220c      0x624 build/stm32f1xx_hal_spi.o
 .debug_frame   0x00002830       0x2c c:/program files (x86)/gnu tools arm embedded/7 2018-q2-update/bin/../lib/gcc/arm-none-eabi/7.3.1/../../../../arm-none-eabi/lib/thumb/v7-m\libc_nano.a(lib_a-init.o)
 .debug_frame   0x0000285c       0x30 c:/program files (x86)/gnu tools arm embedded/7 2018-q2-update/bin/../lib/gcc/arm-none-eabi/7.3.1/../../../../arm-none-eabi/lib/thumb/v7-m\libc_nano.a(lib_a-malloc.o)
 .debug_frame   0x0000288c       0x2c c:/program files (x86)/gnu tools arm embedded/7 2018-q2-update/bin/../lib/gcc/arm-none-eabi/7.3.1/../../../../arm-none-eabi/lib/thumb/v7-m\libc_nano.a(lib_a-nano-mallocr.o)
 .debug_frame   0x000028b8       0x2c c:/program files (x86)/gnu tools arm embedded/7 2018-q2-update/bin/../lib/gcc/arm-none-eabi/7.3.1/../../../../arm-none-eabi/lib/thumb/v7-m\libc_nano.a(lib_a-sbrkr.o)
 .debug_frame   0x000028e4       0x30 c:/program files (x86)/gnu tools arm embedded/7 2018-q2-update/bin/../lib/gcc/arm-none-eabi/7.3.1/../../../../arm-none-eabi/lib/thumb/v7-m\libc_nano.a(lib_a-mlock.o)
 .debug_frame   0x00002914       0x5c c:/program files (x86)/gnu tools arm embedded/7 2018-q2-update/bin/../lib/gcc/arm-none-eabi/7.3.1/../../../../arm-none-eabi/lib/thumb/v7-m\libc_nano.a(lib_a-reent.o)
 .debug_frame   0x00002970       0x20 c:/program files (x86)/gnu tools arm embedded/7 2018-q2-update/bin/../lib/gcc/arm-none-eabi/7.3.1/../../../../arm-none-eabi/lib/thumb/v7-m\libnosys.a(sbrk.o)

Cross Reference Table

Symbol                                            File
ADC1_2_IRQHandler                                 build/startup_stm32f103xb.o
AHBPrescTable                                     build/system_stm32f1xx.o
                                                  build/stm32f1xx_hal_rcc.o
APBPrescTable                                     build/system_stm32f1xx.o
                                                  build/stm32f1xx_hal_rcc.o
BusFault_Handler                                  build/stm32f1xx_it.o
CAN1_RX1_IRQHandler                               build/startup_stm32f103xb.o
CAN1_SCE_IRQHandler                               build/startup_stm32f103xb.o
DMA1_Channel1_IRQHandler                          build/startup_stm32f103xb.o
DMA1_Channel2_IRQHandler                          build/stm32f1xx_it.o
DMA1_Channel3_IRQHandler                          build/stm32f1xx_it.o
DMA1_Channel4_IRQHandler                          build/stm32f1xx_it.o
DMA1_Channel5_IRQHandler                          build/stm32f1xx_it.o
DMA1_Channel6_IRQHandler                          build/stm32f1xx_it.o
DMA1_Channel7_IRQHandler                          build/startup_stm32f103xb.o
DebugMon_Handler                                  build/stm32f1xx_it.o
Default_Handler                                   build/startup_stm32f103xb.o
EXTI0_IRQHandler                                  build/startup_stm32f103xb.o
EXTI15_10_IRQHandler                              build/startup_stm32f103xb.o
EXTI1_IRQHandler                                  build/startup_stm32f103xb.o
EXTI2_IRQHandler                                  build/startup_stm32f103xb.o
EXTI3_IRQHandler                                  build/startup_stm32f103xb.o
EXTI4_IRQHandler                                  build/startup_stm32f103xb.o
EXTI9_5_IRQHandler                                build/startup_stm32f103xb.o
Error_Handler                                     build/main.o
                                                  build/stm32f1xx_hal_msp.o
FLASH_IRQHandler                                  build/startup_stm32f103xb.o
FLASH_PageErase                                   build/stm32f1xx_hal_flash_ex.o
                                                  build/stm32f1xx_hal_flash.o
FLASH_WaitForLastOperation                        build/stm32f1xx_hal_flash.o
                                                  build/stm32f1xx_hal_flash_ex.o
HAL_DBGMCU_DisableDBGSleepMode                    build/stm32f1xx_hal.o
HAL_DBGMCU_DisableDBGStandbyMode                  build/stm32f1xx_hal.o
HAL_DBGMCU_DisableDBGStopMode                     build/stm32f1xx_hal.o
HAL_DBGMCU_EnableDBGSleepMode                     build/stm32f1xx_hal.o
HAL_DBGMCU_EnableDBGStandbyMode                   build/stm32f1xx_hal.o
HAL_DBGMCU_EnableDBGStopMode                      build/stm32f1xx_hal.o
HAL_DMA_Abort                                     build/stm32f1xx_hal_dma.o
                                                  build/stm32f1xx_hal_spi.o
                                                  build/stm32f1xx_hal_uart.o
                                                  build/main.o
HAL_DMA_Abort_IT                                  build/stm32f1xx_hal_dma.o
                                                  build/stm32f1xx_hal_spi.o
                                                  build/stm32f1xx_hal_uart.o
                                                  build/stm32f1xx_hal_tim_ex.o
                                                  build/stm32f1xx_hal_tim.o
HAL_DMA_DeInit                                    build/stm32f1xx_hal_dma.o
                                                  build/stm32f1xx_hal_msp.o
HAL_DMA_GetError                                  build/stm32f1xx_hal_dma.o
                                                  build/stm32f1xx_hal_uart.o
HAL_DMA_GetState                                  build/stm32f1xx_hal_dma.o
HAL_DMA_IRQHandler                                build/stm32f1xx_hal_dma.o
                                                  build/stm32f1xx_it.o
HAL_DMA_Init                                      build/stm32f1xx_hal_dma.o
                                                  build/stm32f1xx_hal_msp.o
HAL_DMA_PollForTransfer                           build/stm32f1xx_hal_dma.o
HAL_DMA_RegisterCallback                          build/stm32f1xx_hal_dma.o
HAL_DMA_Start                                     build/stm32f1xx_hal_dma.o
HAL_DMA_Start_IT                                  build/stm32f1xx_hal_dma.o
                                                  build/stm32f1xx_hal_spi.o
                                                  build/stm32f1xx_hal_uart.o
                                                  build/stm32f1xx_hal_tim_ex.o
                                                  build/stm32f1xx_hal_tim.o
HAL_DMA_UnRegisterCallback                        build/stm32f1xx_hal_dma.o
HAL_DeInit                                        build/stm32f1xx_hal.o
HAL_Delay                                         build/stm32f1xx_hal.o
HAL_EXTI_ClearConfigLine                          build/stm32f1xx_hal_exti.o
HAL_EXTI_ClearPending                             build/stm32f1xx_hal_exti.o
HAL_EXTI_GenerateSWI                              build/stm32f1xx_hal_exti.o
HAL_EXTI_GetConfigLine                            build/stm32f1xx_hal_exti.o
HAL_EXTI_GetHandle                                build/stm32f1xx_hal_exti.o
HAL_EXTI_GetPending                               build/stm32f1xx_hal_exti.o
HAL_EXTI_IRQHandler                               build/stm32f1xx_hal_exti.o
HAL_EXTI_RegisterCallback                         build/stm32f1xx_hal_exti.o
HAL_EXTI_SetConfigLine                            build/stm32f1xx_hal_exti.o
HAL_FLASHEx_Erase                                 build/stm32f1xx_hal_flash_ex.o
HAL_FLASHEx_Erase_IT                              build/stm32f1xx_hal_flash_ex.o
HAL_FLASHEx_OBErase                               build/stm32f1xx_hal_flash_ex.o
HAL_FLASHEx_OBGetConfig                           build/stm32f1xx_hal_flash_ex.o
HAL_FLASHEx_OBGetUserData                         build/stm32f1xx_hal_flash_ex.o
HAL_FLASHEx_OBProgram                             build/stm32f1xx_hal_flash_ex.o
HAL_FLASH_EndOfOperationCallback                  build/stm32f1xx_hal_flash.o
HAL_FLASH_GetError                                build/stm32f1xx_hal_flash.o
HAL_FLASH_IRQHandler                              build/stm32f1xx_hal_flash.o
HAL_FLASH_Lock                                    build/stm32f1xx_hal_flash.o
HAL_FLASH_OB_Launch                               build/stm32f1xx_hal_flash.o
HAL_FLASH_OB_Lock                                 build/stm32f1xx_hal_flash.o
HAL_FLASH_OB_Unlock                               build/stm32f1xx_hal_flash.o
HAL_FLASH_OperationErrorCallback                  build/stm32f1xx_hal_flash.o
HAL_FLASH_Program                                 build/stm32f1xx_hal_flash.o
HAL_FLASH_Program_IT                              build/stm32f1xx_hal_flash.o
HAL_FLASH_Unlock                                  build/stm32f1xx_hal_flash.o
HAL_GPIOEx_ConfigEventout                         build/stm32f1xx_hal_gpio_ex.o
HAL_GPIOEx_DisableEventout                        build/stm32f1xx_hal_gpio_ex.o
HAL_GPIOEx_EnableEventout                         build/stm32f1xx_hal_gpio_ex.o
HAL_GPIO_DeInit                                   build/stm32f1xx_hal_gpio.o
                                                  build/stm32f1xx_hal_msp.o
                                                  build/user_spi.o
HAL_GPIO_EXTI_Callback                            build/stm32f1xx_hal_gpio.o
HAL_GPIO_EXTI_IRQHandler                          build/stm32f1xx_hal_gpio.o
HAL_GPIO_Init                                     build/stm32f1xx_hal_gpio.o
                                                  build/stm32f1xx_hal_rcc.o
                                                  build/stm32f1xx_hal_msp.o
                                                  build/main.o
                                                  build/user_spi.o
HAL_GPIO_LockPin                                  build/stm32f1xx_hal_gpio.o
HAL_GPIO_ReadPin                                  build/stm32f1xx_hal_gpio.o
HAL_GPIO_TogglePin                                build/stm32f1xx_hal_gpio.o
                                                  build/main.o
HAL_GPIO_WritePin                                 build/stm32f1xx_hal_gpio.o
                                                  build/main.o
                                                  build/user_spi.o
HAL_GetDEVID                                      build/stm32f1xx_hal.o
HAL_GetHalVersion                                 build/stm32f1xx_hal.o
HAL_GetREVID                                      build/stm32f1xx_hal.o
HAL_GetTick                                       build/stm32f1xx_hal.o
                                                  build/stm32f1xx_hal_spi.o
                                                  build/stm32f1xx_hal_flash.o
                                                  build/stm32f1xx_hal_dma.o
                                                  build/stm32f1xx_hal_rcc_ex.o
                                                  build/stm32f1xx_hal_rcc.o
                                                  build/stm32f1xx_hal_uart.o
HAL_GetTickFreq                                   build/stm32f1xx_hal.o
HAL_GetTickPrio                                   build/stm32f1xx_hal.o
HAL_GetUIDw0                                      build/stm32f1xx_hal.o
HAL_GetUIDw1                                      build/stm32f1xx_hal.o
HAL_GetUIDw2                                      build/stm32f1xx_hal.o
HAL_HalfDuplex_EnableReceiver                     build/stm32f1xx_hal_uart.o
HAL_HalfDuplex_EnableTransmitter                  build/stm32f1xx_hal_uart.o
HAL_HalfDuplex_Init                               build/stm32f1xx_hal_uart.o
HAL_IncTick                                       build/stm32f1xx_hal.o
                                                  build/stm32f1xx_it.o
HAL_Init                                          build/stm32f1xx_hal.o
                                                  build/main.o
HAL_InitTick                                      build/stm32f1xx_hal.o
                                                  build/stm32f1xx_hal_rcc.o
HAL_LIN_Init                                      build/stm32f1xx_hal_uart.o
HAL_LIN_SendBreak                                 build/stm32f1xx_hal_uart.o
HAL_MspDeInit                                     build/stm32f1xx_hal.o
HAL_MspInit                                       build/stm32f1xx_hal_msp.o
HAL_MultiProcessor_EnterMuteMode                  build/stm32f1xx_hal_uart.o
HAL_MultiProcessor_ExitMuteMode                   build/stm32f1xx_hal_uart.o
HAL_MultiProcessor_Init                           build/stm32f1xx_hal_uart.o
HAL_NVIC_ClearPendingIRQ                          build/stm32f1xx_hal_cortex.o
HAL_NVIC_DisableIRQ                               build/stm32f1xx_hal_cortex.o
                                                  build/stm32f1xx_hal_msp.o
HAL_NVIC_EnableIRQ                                build/stm32f1xx_hal_cortex.o
                                                  build/stm32f1xx_hal_msp.o
                                                  build/main.o
HAL_NVIC_GetActive                                build/stm32f1xx_hal_cortex.o
HAL_NVIC_GetPendingIRQ                            build/stm32f1xx_hal_cortex.o
HAL_NVIC_GetPriority                              build/stm32f1xx_hal_cortex.o
HAL_NVIC_GetPriorityGrouping                      build/stm32f1xx_hal_cortex.o
HAL_NVIC_SetPendingIRQ                            build/stm32f1xx_hal_cortex.o
HAL_NVIC_SetPriority                              build/stm32f1xx_hal_cortex.o
                                                  build/stm32f1xx_hal.o
                                                  build/stm32f1xx_hal_msp.o
                                                  build/main.o
HAL_NVIC_SetPriorityGrouping                      build/stm32f1xx_hal_cortex.o
                                                  build/stm32f1xx_hal.o
HAL_NVIC_SystemReset                              build/stm32f1xx_hal_cortex.o
                                                  build/stm32f1xx_hal_flash.o
HAL_PWR_ConfigPVD                                 build/stm32f1xx_hal_pwr.o
HAL_PWR_DeInit                                    build/stm32f1xx_hal_pwr.o
HAL_PWR_DisableBkUpAccess                         build/stm32f1xx_hal_pwr.o
HAL_PWR_DisablePVD                                build/stm32f1xx_hal_pwr.o
HAL_PWR_DisableSEVOnPend                          build/stm32f1xx_hal_pwr.o
HAL_PWR_DisableSleepOnExit                        build/stm32f1xx_hal_pwr.o
HAL_PWR_DisableWakeUpPin                          build/stm32f1xx_hal_pwr.o
HAL_PWR_EnableBkUpAccess                          build/stm32f1xx_hal_pwr.o
HAL_PWR_EnablePVD                                 build/stm32f1xx_hal_pwr.o
HAL_PWR_EnableSEVOnPend                           build/stm32f1xx_hal_pwr.o
HAL_PWR_EnableSleepOnExit                         build/stm32f1xx_hal_pwr.o
HAL_PWR_EnableWakeUpPin                           build/stm32f1xx_hal_pwr.o
HAL_PWR_EnterSLEEPMode                            build/stm32f1xx_hal_pwr.o
HAL_PWR_EnterSTANDBYMode                          build/stm32f1xx_hal_pwr.o
HAL_PWR_EnterSTOPMode                             build/stm32f1xx_hal_pwr.o
HAL_PWR_PVDCallback                               build/stm32f1xx_hal_pwr.o
HAL_PWR_PVD_IRQHandler                            build/stm32f1xx_hal_pwr.o
HAL_RCCEx_GetPeriphCLKConfig                      build/stm32f1xx_hal_rcc_ex.o
HAL_RCCEx_GetPeriphCLKFreq                        build/stm32f1xx_hal_rcc_ex.o
HAL_RCCEx_PeriphCLKConfig                         build/stm32f1xx_hal_rcc_ex.o
HAL_RCC_CSSCallback                               build/stm32f1xx_hal_rcc.o
HAL_RCC_ClockConfig                               build/stm32f1xx_hal_rcc.o
                                                  build/main.o
HAL_RCC_DeInit                                    build/stm32f1xx_hal_rcc.o
HAL_RCC_DisableCSS                                build/stm32f1xx_hal_rcc.o
HAL_RCC_EnableCSS                                 build/stm32f1xx_hal_rcc.o
HAL_RCC_GetClockConfig                            build/stm32f1xx_hal_rcc.o
HAL_RCC_GetHCLKFreq                               build/stm32f1xx_hal_rcc.o
HAL_RCC_GetOscConfig                              build/stm32f1xx_hal_rcc.o
HAL_RCC_GetPCLK1Freq                              build/stm32f1xx_hal_rcc.o
                                                  build/stm32f1xx_hal_uart.o
HAL_RCC_GetPCLK2Freq                              build/stm32f1xx_hal_rcc.o
                                                  build/stm32f1xx_hal_rcc_ex.o
                                                  build/stm32f1xx_hal_uart.o
HAL_RCC_GetSysClockFreq                           build/stm32f1xx_hal_rcc.o
HAL_RCC_MCOConfig                                 build/stm32f1xx_hal_rcc.o
HAL_RCC_NMI_IRQHandler                            build/stm32f1xx_hal_rcc.o
HAL_RCC_OscConfig                                 build/stm32f1xx_hal_rcc.o
                                                  build/main.o
HAL_ResumeTick                                    build/stm32f1xx_hal.o
HAL_SPI_Abort                                     build/stm32f1xx_hal_spi.o
HAL_SPI_AbortCpltCallback                         build/stm32f1xx_hal_spi.o
HAL_SPI_Abort_IT                                  build/stm32f1xx_hal_spi.o
HAL_SPI_DMAPause                                  build/stm32f1xx_hal_spi.o
HAL_SPI_DMAResume                                 build/stm32f1xx_hal_spi.o
HAL_SPI_DMAStop                                   build/stm32f1xx_hal_spi.o
HAL_SPI_DeInit                                    build/stm32f1xx_hal_spi.o
                                                  build/user_spi.o
HAL_SPI_ErrorCallback                             build/stm32f1xx_hal_spi.o
HAL_SPI_GetError                                  build/stm32f1xx_hal_spi.o
HAL_SPI_GetState                                  build/stm32f1xx_hal_spi.o
HAL_SPI_IRQHandler                                build/stm32f1xx_hal_spi.o
                                                  build/stm32f1xx_it.o
HAL_SPI_Init                                      build/stm32f1xx_hal_spi.o
                                                  build/main.o
                                                  build/user_spi.o
HAL_SPI_MspDeInit                                 build/stm32f1xx_hal_msp.o
HAL_SPI_MspInit                                   build/stm32f1xx_hal_msp.o
HAL_SPI_Receive                                   build/stm32f1xx_hal_spi.o
HAL_SPI_Receive_DMA                               build/stm32f1xx_hal_spi.o
HAL_SPI_Receive_IT                                build/stm32f1xx_hal_spi.o
HAL_SPI_RxCpltCallback                            build/stm32f1xx_hal_spi.o
HAL_SPI_RxHalfCpltCallback                        build/stm32f1xx_hal_spi.o
HAL_SPI_Transmit                                  build/stm32f1xx_hal_spi.o
HAL_SPI_TransmitReceive                           build/stm32f1xx_hal_spi.o
HAL_SPI_TransmitReceive_DMA                       build/stm32f1xx_hal_spi.o
                                                  build/user_spi.o
HAL_SPI_TransmitReceive_IT                        build/stm32f1xx_hal_spi.o
HAL_SPI_Transmit_DMA                              build/stm32f1xx_hal_spi.o
HAL_SPI_Transmit_IT                               build/stm32f1xx_hal_spi.o
HAL_SPI_TxCpltCallback                            build/stm32f1xx_hal_spi.o
HAL_SPI_TxHalfCpltCallback                        build/stm32f1xx_hal_spi.o
HAL_SPI_TxRxCpltCallback                          build/main.o
HAL_SPI_TxRxHalfCpltCallback                      build/stm32f1xx_hal_spi.o
HAL_SYSTICK_CLKSourceConfig                       build/stm32f1xx_hal_cortex.o
HAL_SYSTICK_Callback                              build/stm32f1xx_hal_cortex.o
HAL_SYSTICK_Config                                build/stm32f1xx_hal_cortex.o
                                                  build/stm32f1xx_hal.o
HAL_SYSTICK_IRQHandler                            build/stm32f1xx_hal_cortex.o
HAL_SetTickFreq                                   build/stm32f1xx_hal.o
HAL_SuspendTick                                   build/stm32f1xx_hal.o
HAL_TIMEx_BreakCallback                           build/stm32f1xx_hal_tim_ex.o
                                                  build/stm32f1xx_hal_tim.o
HAL_TIMEx_CommutCallback                          build/stm32f1xx_hal_tim_ex.o
                                                  build/stm32f1xx_hal_tim.o
HAL_TIMEx_CommutHalfCpltCallback                  build/stm32f1xx_hal_tim_ex.o
HAL_TIMEx_ConfigBreakDeadTime                     build/stm32f1xx_hal_tim_ex.o
HAL_TIMEx_ConfigCommutEvent                       build/stm32f1xx_hal_tim_ex.o
HAL_TIMEx_ConfigCommutEvent_DMA                   build/stm32f1xx_hal_tim_ex.o
HAL_TIMEx_ConfigCommutEvent_IT                    build/stm32f1xx_hal_tim_ex.o
HAL_TIMEx_HallSensor_DeInit                       build/stm32f1xx_hal_tim_ex.o
HAL_TIMEx_HallSensor_GetState                     build/stm32f1xx_hal_tim_ex.o
HAL_TIMEx_HallSensor_Init                         build/stm32f1xx_hal_tim_ex.o
HAL_TIMEx_HallSensor_MspDeInit                    build/stm32f1xx_hal_tim_ex.o
HAL_TIMEx_HallSensor_MspInit                      build/stm32f1xx_hal_tim_ex.o
HAL_TIMEx_HallSensor_Start                        build/stm32f1xx_hal_tim_ex.o
HAL_TIMEx_HallSensor_Start_DMA                    build/stm32f1xx_hal_tim_ex.o
HAL_TIMEx_HallSensor_Start_IT                     build/stm32f1xx_hal_tim_ex.o
HAL_TIMEx_HallSensor_Stop                         build/stm32f1xx_hal_tim_ex.o
HAL_TIMEx_HallSensor_Stop_DMA                     build/stm32f1xx_hal_tim_ex.o
HAL_TIMEx_HallSensor_Stop_IT                      build/stm32f1xx_hal_tim_ex.o
HAL_TIMEx_MasterConfigSynchronization             build/stm32f1xx_hal_tim_ex.o
                                                  build/main.o
HAL_TIMEx_OCN_Start                               build/stm32f1xx_hal_tim_ex.o
HAL_TIMEx_OCN_Start_DMA                           build/stm32f1xx_hal_tim_ex.o
HAL_TIMEx_OCN_Start_IT                            build/stm32f1xx_hal_tim_ex.o
HAL_TIMEx_OCN_Stop                                build/stm32f1xx_hal_tim_ex.o
HAL_TIMEx_OCN_Stop_DMA                            build/stm32f1xx_hal_tim_ex.o
HAL_TIMEx_OCN_Stop_IT                             build/stm32f1xx_hal_tim_ex.o
HAL_TIMEx_OnePulseN_Start                         build/stm32f1xx_hal_tim_ex.o
HAL_TIMEx_OnePulseN_Start_IT                      build/stm32f1xx_hal_tim_ex.o
HAL_TIMEx_OnePulseN_Stop                          build/stm32f1xx_hal_tim_ex.o
HAL_TIMEx_OnePulseN_Stop_IT                       build/stm32f1xx_hal_tim_ex.o
HAL_TIMEx_PWMN_Start                              build/stm32f1xx_hal_tim_ex.o
HAL_TIMEx_PWMN_Start_DMA                          build/stm32f1xx_hal_tim_ex.o
HAL_TIMEx_PWMN_Start_IT                           build/stm32f1xx_hal_tim_ex.o
HAL_TIMEx_PWMN_Stop                               build/stm32f1xx_hal_tim_ex.o
HAL_TIMEx_PWMN_Stop_DMA                           build/stm32f1xx_hal_tim_ex.o
HAL_TIMEx_PWMN_Stop_IT                            build/stm32f1xx_hal_tim_ex.o
HAL_TIMEx_RemapConfig                             build/stm32f1xx_hal_tim_ex.o
HAL_TIM_Base_DeInit                               build/stm32f1xx_hal_tim.o
HAL_TIM_Base_GetState                             build/stm32f1xx_hal_tim.o
HAL_TIM_Base_Init                                 build/stm32f1xx_hal_tim.o
                                                  build/main.o
HAL_TIM_Base_MspDeInit                            build/stm32f1xx_hal_msp.o
HAL_TIM_Base_MspInit                              build/stm32f1xx_hal_msp.o
HAL_TIM_Base_Start                                build/stm32f1xx_hal_tim.o
HAL_TIM_Base_Start_DMA                            build/stm32f1xx_hal_tim.o
HAL_TIM_Base_Start_IT                             build/stm32f1xx_hal_tim.o
                                                  build/main.o
HAL_TIM_Base_Stop                                 build/stm32f1xx_hal_tim.o
HAL_TIM_Base_Stop_DMA                             build/stm32f1xx_hal_tim.o
HAL_TIM_Base_Stop_IT                              build/stm32f1xx_hal_tim.o
HAL_TIM_ConfigClockSource                         build/stm32f1xx_hal_tim.o
                                                  build/main.o
HAL_TIM_ConfigOCrefClear                          build/stm32f1xx_hal_tim.o
HAL_TIM_ConfigTI1Input                            build/stm32f1xx_hal_tim.o
HAL_TIM_DMABurst_ReadStart                        build/stm32f1xx_hal_tim.o
HAL_TIM_DMABurst_ReadStop                         build/stm32f1xx_hal_tim.o
HAL_TIM_DMABurst_WriteStart                       build/stm32f1xx_hal_tim.o
HAL_TIM_DMABurst_WriteStop                        build/stm32f1xx_hal_tim.o
HAL_TIM_Encoder_DeInit                            build/stm32f1xx_hal_tim.o
HAL_TIM_Encoder_GetState                          build/stm32f1xx_hal_tim.o
HAL_TIM_Encoder_Init                              build/stm32f1xx_hal_tim.o
HAL_TIM_Encoder_MspDeInit                         build/stm32f1xx_hal_tim.o
HAL_TIM_Encoder_MspInit                           build/stm32f1xx_hal_tim.o
HAL_TIM_Encoder_Start                             build/stm32f1xx_hal_tim.o
HAL_TIM_Encoder_Start_DMA                         build/stm32f1xx_hal_tim.o
HAL_TIM_Encoder_Start_IT                          build/stm32f1xx_hal_tim.o
HAL_TIM_Encoder_Stop                              build/stm32f1xx_hal_tim.o
HAL_TIM_Encoder_Stop_DMA                          build/stm32f1xx_hal_tim.o
HAL_TIM_Encoder_Stop_IT                           build/stm32f1xx_hal_tim.o
HAL_TIM_ErrorCallback                             build/stm32f1xx_hal_tim.o
HAL_TIM_GenerateEvent                             build/stm32f1xx_hal_tim.o
HAL_TIM_IC_CaptureCallback                        build/stm32f1xx_hal_tim.o
HAL_TIM_IC_CaptureHalfCpltCallback                build/stm32f1xx_hal_tim.o
HAL_TIM_IC_ConfigChannel                          build/stm32f1xx_hal_tim.o
HAL_TIM_IC_DeInit                                 build/stm32f1xx_hal_tim.o
HAL_TIM_IC_GetState                               build/stm32f1xx_hal_tim.o
HAL_TIM_IC_Init                                   build/stm32f1xx_hal_tim.o
HAL_TIM_IC_MspDeInit                              build/stm32f1xx_hal_tim.o
HAL_TIM_IC_MspInit                                build/stm32f1xx_hal_tim.o
HAL_TIM_IC_Start                                  build/stm32f1xx_hal_tim.o
HAL_TIM_IC_Start_DMA                              build/stm32f1xx_hal_tim.o
HAL_TIM_IC_Start_IT                               build/stm32f1xx_hal_tim.o
HAL_TIM_IC_Stop                                   build/stm32f1xx_hal_tim.o
HAL_TIM_IC_Stop_DMA                               build/stm32f1xx_hal_tim.o
HAL_TIM_IC_Stop_IT                                build/stm32f1xx_hal_tim.o
HAL_TIM_IRQHandler                                build/stm32f1xx_hal_tim.o
                                                  build/stm32f1xx_it.o
HAL_TIM_OC_ConfigChannel                          build/stm32f1xx_hal_tim.o
HAL_TIM_OC_DeInit                                 build/stm32f1xx_hal_tim.o
HAL_TIM_OC_DelayElapsedCallback                   build/stm32f1xx_hal_tim.o
HAL_TIM_OC_GetState                               build/stm32f1xx_hal_tim.o
HAL_TIM_OC_Init                                   build/stm32f1xx_hal_tim.o
HAL_TIM_OC_MspDeInit                              build/stm32f1xx_hal_tim.o
HAL_TIM_OC_MspInit                                build/stm32f1xx_hal_tim.o
HAL_TIM_OC_Start                                  build/stm32f1xx_hal_tim.o
HAL_TIM_OC_Start_DMA                              build/stm32f1xx_hal_tim.o
HAL_TIM_OC_Start_IT                               build/stm32f1xx_hal_tim.o
HAL_TIM_OC_Stop                                   build/stm32f1xx_hal_tim.o
HAL_TIM_OC_Stop_DMA                               build/stm32f1xx_hal_tim.o
HAL_TIM_OC_Stop_IT                                build/stm32f1xx_hal_tim.o
HAL_TIM_OnePulse_ConfigChannel                    build/stm32f1xx_hal_tim.o
HAL_TIM_OnePulse_DeInit                           build/stm32f1xx_hal_tim.o
HAL_TIM_OnePulse_GetState                         build/stm32f1xx_hal_tim.o
HAL_TIM_OnePulse_Init                             build/stm32f1xx_hal_tim.o
HAL_TIM_OnePulse_MspDeInit                        build/stm32f1xx_hal_tim.o
HAL_TIM_OnePulse_MspInit                          build/stm32f1xx_hal_tim.o
HAL_TIM_OnePulse_Start                            build/stm32f1xx_hal_tim.o
HAL_TIM_OnePulse_Start_IT                         build/stm32f1xx_hal_tim.o
HAL_TIM_OnePulse_Stop                             build/stm32f1xx_hal_tim.o
HAL_TIM_OnePulse_Stop_IT                          build/stm32f1xx_hal_tim.o
HAL_TIM_PWM_ConfigChannel                         build/stm32f1xx_hal_tim.o
HAL_TIM_PWM_DeInit                                build/stm32f1xx_hal_tim.o
HAL_TIM_PWM_GetState                              build/stm32f1xx_hal_tim.o
HAL_TIM_PWM_Init                                  build/stm32f1xx_hal_tim.o
HAL_TIM_PWM_MspDeInit                             build/stm32f1xx_hal_tim.o
HAL_TIM_PWM_MspInit                               build/stm32f1xx_hal_tim.o
HAL_TIM_PWM_PulseFinishedCallback                 build/stm32f1xx_hal_tim.o
HAL_TIM_PWM_PulseFinishedHalfCpltCallback         build/stm32f1xx_hal_tim.o
HAL_TIM_PWM_Start                                 build/stm32f1xx_hal_tim.o
HAL_TIM_PWM_Start_DMA                             build/stm32f1xx_hal_tim.o
HAL_TIM_PWM_Start_IT                              build/stm32f1xx_hal_tim.o
HAL_TIM_PWM_Stop                                  build/stm32f1xx_hal_tim.o
HAL_TIM_PWM_Stop_DMA                              build/stm32f1xx_hal_tim.o
HAL_TIM_PWM_Stop_IT                               build/stm32f1xx_hal_tim.o
HAL_TIM_PeriodElapsedCallback                     build/main.o
HAL_TIM_PeriodElapsedHalfCpltCallback             build/stm32f1xx_hal_tim.o
HAL_TIM_ReadCapturedValue                         build/stm32f1xx_hal_tim.o
HAL_TIM_SlaveConfigSynchro                        build/stm32f1xx_hal_tim.o
HAL_TIM_SlaveConfigSynchro_IT                     build/stm32f1xx_hal_tim.o
HAL_TIM_TriggerCallback                           build/stm32f1xx_hal_tim.o
HAL_TIM_TriggerHalfCpltCallback                   build/stm32f1xx_hal_tim.o
HAL_UART_Abort                                    build/stm32f1xx_hal_uart.o
HAL_UART_AbortCpltCallback                        build/stm32f1xx_hal_uart.o
HAL_UART_AbortReceive                             build/stm32f1xx_hal_uart.o
HAL_UART_AbortReceiveCpltCallback                 build/stm32f1xx_hal_uart.o
HAL_UART_AbortReceive_IT                          build/stm32f1xx_hal_uart.o
HAL_UART_AbortTransmit                            build/stm32f1xx_hal_uart.o
HAL_UART_AbortTransmitCpltCallback                build/stm32f1xx_hal_uart.o
HAL_UART_AbortTransmit_IT                         build/stm32f1xx_hal_uart.o
HAL_UART_Abort_IT                                 build/stm32f1xx_hal_uart.o
HAL_UART_DMAPause                                 build/stm32f1xx_hal_uart.o
HAL_UART_DMAResume                                build/stm32f1xx_hal_uart.o
HAL_UART_DMAStop                                  build/stm32f1xx_hal_uart.o
HAL_UART_DMA_Tx_Stop                              build/main.o
HAL_UART_DeInit                                   build/stm32f1xx_hal_uart.o
HAL_UART_ErrorCallback                            build/stm32f1xx_hal_uart.o
HAL_UART_GetError                                 build/stm32f1xx_hal_uart.o
HAL_UART_GetState                                 build/stm32f1xx_hal_uart.o
HAL_UART_IRQHandler                               build/stm32f1xx_hal_uart.o
HAL_UART_Init                                     build/stm32f1xx_hal_uart.o
                                                  build/main.o
HAL_UART_MspDeInit                                build/stm32f1xx_hal_msp.o
HAL_UART_MspInit                                  build/stm32f1xx_hal_msp.o
HAL_UART_Receive                                  build/stm32f1xx_hal_uart.o
HAL_UART_Receive_DMA                              build/stm32f1xx_hal_uart.o
                                                  build/main.o
HAL_UART_Receive_IT                               build/stm32f1xx_hal_uart.o
HAL_UART_RxCpltCallback                           build/main.o
HAL_UART_RxHalfCpltCallback                       build/stm32f1xx_hal_uart.o
HAL_UART_Transmit                                 build/stm32f1xx_hal_uart.o
HAL_UART_Transmit_DMA                             build/stm32f1xx_hal_uart.o
HAL_UART_Transmit_IT                              build/stm32f1xx_hal_uart.o
HAL_UART_TxCpltCallback                           build/main.o
HAL_UART_TxHalfCpltCallback                       build/stm32f1xx_hal_uart.o
HardFault_Handler                                 build/stm32f1xx_it.o
I2C1_ER_IRQHandler                                build/startup_stm32f103xb.o
I2C1_EV_IRQHandler                                build/startup_stm32f103xb.o
I2C2_ER_IRQHandler                                build/startup_stm32f103xb.o
I2C2_EV_IRQHandler                                build/startup_stm32f103xb.o
MemManage_Handler                                 build/stm32f1xx_it.o
NMI_Handler                                       build/stm32f1xx_it.o
PVD_IRQHandler                                    build/startup_stm32f103xb.o
PendSV_Handler                                    build/stm32f1xx_it.o
RCC_IRQHandler                                    build/startup_stm32f103xb.o
RTC_Alarm_IRQHandler                              build/startup_stm32f103xb.o
RTC_IRQHandler                                    build/startup_stm32f103xb.o
Reset_Handler                                     build/startup_stm32f103xb.o
Rx_data                                           build/main.o
SPI1_IRQHandler                                   build/stm32f1xx_it.o
SPI2_IRQHandler                                   build/startup_stm32f103xb.o
SPI_Sensor                                        build/main.o
SVC_Handler                                       build/stm32f1xx_it.o
SysTick_Handler                                   build/stm32f1xx_it.o
SystemClock_Config                                build/main.o
SystemCoreClock                                   build/system_stm32f1xx.o
                                                  build/stm32f1xx_hal_spi.o
                                                  build/stm32f1xx_hal_rcc.o
                                                  build/stm32f1xx_hal.o
SystemCoreClockUpdate                             build/system_stm32f1xx.o
SystemInit                                        build/system_stm32f1xx.o
                                                  build/startup_stm32f103xb.o
TAMPER_IRQHandler                                 build/startup_stm32f103xb.o
TIM1_BRK_IRQHandler                               build/startup_stm32f103xb.o
TIM1_CC_IRQHandler                                build/startup_stm32f103xb.o
TIM1_TRG_COM_IRQHandler                           build/startup_stm32f103xb.o
TIM1_UP_IRQHandler                                build/stm32f1xx_it.o
TIM2_IRQHandler                                   build/startup_stm32f103xb.o
TIM3_IRQHandler                                   build/startup_stm32f103xb.o
TIM4_IRQHandler                                   build/startup_stm32f103xb.o
TIMEx_DMACommutationCplt                          build/stm32f1xx_hal_tim_ex.o
                                                  build/stm32f1xx_hal_tim.o
TIMEx_DMACommutationHalfCplt                      build/stm32f1xx_hal_tim_ex.o
                                                  build/stm32f1xx_hal_tim.o
TIM_Base_SetConfig                                build/stm32f1xx_hal_tim.o
                                                  build/stm32f1xx_hal_tim_ex.o
TIM_CCxChannelCmd                                 build/stm32f1xx_hal_tim.o
                                                  build/stm32f1xx_hal_tim_ex.o
TIM_DMACaptureCplt                                build/stm32f1xx_hal_tim.o
                                                  build/stm32f1xx_hal_tim_ex.o
TIM_DMACaptureHalfCplt                            build/stm32f1xx_hal_tim.o
                                                  build/stm32f1xx_hal_tim_ex.o
TIM_DMADelayPulseCplt                             build/stm32f1xx_hal_tim.o
                                                  build/stm32f1xx_hal_tim_ex.o
TIM_DMADelayPulseHalfCplt                         build/stm32f1xx_hal_tim.o
                                                  build/stm32f1xx_hal_tim_ex.o
TIM_DMAError                                      build/stm32f1xx_hal_tim.o
                                                  build/stm32f1xx_hal_tim_ex.o
TIM_ETR_SetConfig                                 build/stm32f1xx_hal_tim.o
TIM_OC2_SetConfig                                 build/stm32f1xx_hal_tim.o
                                                  build/stm32f1xx_hal_tim_ex.o
TIM_TI1_SetConfig                                 build/stm32f1xx_hal_tim.o
                                                  build/stm32f1xx_hal_tim_ex.o
Transfer_cplt                                     build/main.o
USART1_IRQHandler                                 build/startup_stm32f103xb.o
USART2_IRQHandler                                 build/startup_stm32f103xb.o
USART3_IRQHandler                                 build/startup_stm32f103xb.o
USBWakeUp_IRQHandler                              build/startup_stm32f103xb.o
USB_HP_CAN1_TX_IRQHandler                         build/startup_stm32f103xb.o
USB_LP_CAN1_RX0_IRQHandler                        build/startup_stm32f103xb.o
UsageFault_Handler                                build/stm32f1xx_it.o
WWDG_IRQHandler                                   build/startup_stm32f103xb.o
__bss_end__                                       c:/program files (x86)/gnu tools arm embedded/7 2018-q2-update/bin/../lib/gcc/arm-none-eabi/7.3.1/../../../../arm-none-eabi/lib/thumb/v7-m/crt0.o
__bss_start__                                     c:/program files (x86)/gnu tools arm embedded/7 2018-q2-update/bin/../lib/gcc/arm-none-eabi/7.3.1/../../../../arm-none-eabi/lib/thumb/v7-m/crt0.o
__call_exitprocs                                  c:/program files (x86)/gnu tools arm embedded/7 2018-q2-update/bin/../lib/gcc/arm-none-eabi/7.3.1/../../../../arm-none-eabi/lib/thumb/v7-m\libc_nano.a(lib_a-exit.o)
__deregister_frame_info                           c:/program files (x86)/gnu tools arm embedded/7 2018-q2-update/bin/../lib/gcc/arm-none-eabi/7.3.1/thumb/v7-m/crtbegin.o
__dso_handle                                      c:/program files (x86)/gnu tools arm embedded/7 2018-q2-update/bin/../lib/gcc/arm-none-eabi/7.3.1/thumb/v7-m/crtbegin.o
__init_array_end                                  c:/program files (x86)/gnu tools arm embedded/7 2018-q2-update/bin/../lib/gcc/arm-none-eabi/7.3.1/../../../../arm-none-eabi/lib/thumb/v7-m\libc_nano.a(lib_a-init.o)
__init_array_start                                c:/program files (x86)/gnu tools arm embedded/7 2018-q2-update/bin/../lib/gcc/arm-none-eabi/7.3.1/../../../../arm-none-eabi/lib/thumb/v7-m\libc_nano.a(lib_a-init.o)
__libc_fini_array                                 c:/program files (x86)/gnu tools arm embedded/7 2018-q2-update/bin/../lib/gcc/arm-none-eabi/7.3.1/../../../../arm-none-eabi/lib/thumb/v7-m/crt0.o
__libc_init_array                                 c:/program files (x86)/gnu tools arm embedded/7 2018-q2-update/bin/../lib/gcc/arm-none-eabi/7.3.1/../../../../arm-none-eabi/lib/thumb/v7-m\libc_nano.a(lib_a-init.o)
                                                  build/startup_stm32f103xb.o
                                                  c:/program files (x86)/gnu tools arm embedded/7 2018-q2-update/bin/../lib/gcc/arm-none-eabi/7.3.1/../../../../arm-none-eabi/lib/thumb/v7-m/crt0.o
__malloc_free_list                                c:/program files (x86)/gnu tools arm embedded/7 2018-q2-update/bin/../lib/gcc/arm-none-eabi/7.3.1/../../../../arm-none-eabi/lib/thumb/v7-m\libc_nano.a(lib_a-nano-mallocr.o)
                                                  c:/program files (x86)/gnu tools arm embedded/7 2018-q2-update/bin/../lib/gcc/arm-none-eabi/7.3.1/../../../../arm-none-eabi/lib/thumb/v7-m\libc_nano.a(lib_a-nano-freer.o)
__malloc_lock                                     c:/program files (x86)/gnu tools arm embedded/7 2018-q2-update/bin/../lib/gcc/arm-none-eabi/7.3.1/../../../../arm-none-eabi/lib/thumb/v7-m\libc_nano.a(lib_a-mlock.o)
                                                  c:/program files (x86)/gnu tools arm embedded/7 2018-q2-update/bin/../lib/gcc/arm-none-eabi/7.3.1/../../../../arm-none-eabi/lib/thumb/v7-m\libc_nano.a(lib_a-nano-mallocr.o)
                                                  c:/program files (x86)/gnu tools arm embedded/7 2018-q2-update/bin/../lib/gcc/arm-none-eabi/7.3.1/../../../../arm-none-eabi/lib/thumb/v7-m\libc_nano.a(lib_a-nano-freer.o)
__malloc_sbrk_start                               c:/program files (x86)/gnu tools arm embedded/7 2018-q2-update/bin/../lib/gcc/arm-none-eabi/7.3.1/../../../../arm-none-eabi/lib/thumb/v7-m\libc_nano.a(lib_a-nano-mallocr.o)
__malloc_unlock                                   c:/program files (x86)/gnu tools arm embedded/7 2018-q2-update/bin/../lib/gcc/arm-none-eabi/7.3.1/../../../../arm-none-eabi/lib/thumb/v7-m\libc_nano.a(lib_a-mlock.o)
                                                  c:/program files (x86)/gnu tools arm embedded/7 2018-q2-update/bin/../lib/gcc/arm-none-eabi/7.3.1/../../../../arm-none-eabi/lib/thumb/v7-m\libc_nano.a(lib_a-nano-mallocr.o)
                                                  c:/program files (x86)/gnu tools arm embedded/7 2018-q2-update/bin/../lib/gcc/arm-none-eabi/7.3.1/../../../../arm-none-eabi/lib/thumb/v7-m\libc_nano.a(lib_a-nano-freer.o)
__preinit_array_end                               c:/program files (x86)/gnu tools arm embedded/7 2018-q2-update/bin/../lib/gcc/arm-none-eabi/7.3.1/../../../../arm-none-eabi/lib/thumb/v7-m\libc_nano.a(lib_a-init.o)
__preinit_array_start                             c:/program files (x86)/gnu tools arm embedded/7 2018-q2-update/bin/../lib/gcc/arm-none-eabi/7.3.1/../../../../arm-none-eabi/lib/thumb/v7-m\libc_nano.a(lib_a-init.o)
__register_frame_info                             c:/program files (x86)/gnu tools arm embedded/7 2018-q2-update/bin/../lib/gcc/arm-none-eabi/7.3.1/thumb/v7-m/crtbegin.o
__sf_fake_stderr                                  c:/program files (x86)/gnu tools arm embedded/7 2018-q2-update/bin/../lib/gcc/arm-none-eabi/7.3.1/../../../../arm-none-eabi/lib/thumb/v7-m\libc_nano.a(lib_a-impure.o)
__sf_fake_stdin                                   c:/program files (x86)/gnu tools arm embedded/7 2018-q2-update/bin/../lib/gcc/arm-none-eabi/7.3.1/../../../../arm-none-eabi/lib/thumb/v7-m\libc_nano.a(lib_a-impure.o)
__sf_fake_stdout                                  c:/program files (x86)/gnu tools arm embedded/7 2018-q2-update/bin/../lib/gcc/arm-none-eabi/7.3.1/../../../../arm-none-eabi/lib/thumb/v7-m\libc_nano.a(lib_a-impure.o)
__stack                                           c:/program files (x86)/gnu tools arm embedded/7 2018-q2-update/bin/../lib/gcc/arm-none-eabi/7.3.1/../../../../arm-none-eabi/lib/thumb/v7-m/crt0.o
_ebss                                             build/startup_stm32f103xb.o
_edata                                            build/startup_stm32f103xb.o
_estack                                           build/startup_stm32f103xb.o
_exit                                             c:/program files (x86)/gnu tools arm embedded/7 2018-q2-update/bin/../lib/gcc/arm-none-eabi/7.3.1/../../../../arm-none-eabi/lib/thumb/v7-m\libnosys.a(_exit.o)
                                                  c:/program files (x86)/gnu tools arm embedded/7 2018-q2-update/bin/../lib/gcc/arm-none-eabi/7.3.1/../../../../arm-none-eabi/lib/thumb/v7-m\libc_nano.a(lib_a-exit.o)
_fini                                             c:/program files (x86)/gnu tools arm embedded/7 2018-q2-update/bin/../lib/gcc/arm-none-eabi/7.3.1/thumb/v7-m/crti.o
_free_r                                           c:/program files (x86)/gnu tools arm embedded/7 2018-q2-update/bin/../lib/gcc/arm-none-eabi/7.3.1/../../../../arm-none-eabi/lib/thumb/v7-m\libc_nano.a(lib_a-nano-freer.o)
                                                  c:/program files (x86)/gnu tools arm embedded/7 2018-q2-update/bin/../lib/gcc/arm-none-eabi/7.3.1/../../../../arm-none-eabi/lib/thumb/v7-m\libc_nano.a(lib_a-reent.o)
                                                  c:/program files (x86)/gnu tools arm embedded/7 2018-q2-update/bin/../lib/gcc/arm-none-eabi/7.3.1/../../../../arm-none-eabi/lib/thumb/v7-m\libc_nano.a(lib_a-malloc.o)
_global_impure_ptr                                c:/program files (x86)/gnu tools arm embedded/7 2018-q2-update/bin/../lib/gcc/arm-none-eabi/7.3.1/../../../../arm-none-eabi/lib/thumb/v7-m\libc_nano.a(lib_a-impure.o)
                                                  c:/program files (x86)/gnu tools arm embedded/7 2018-q2-update/bin/../lib/gcc/arm-none-eabi/7.3.1/../../../../arm-none-eabi/lib/thumb/v7-m\libc_nano.a(lib_a-exit.o)
_impure_ptr                                       c:/program files (x86)/gnu tools arm embedded/7 2018-q2-update/bin/../lib/gcc/arm-none-eabi/7.3.1/../../../../arm-none-eabi/lib/thumb/v7-m\libc_nano.a(lib_a-impure.o)
                                                  c:/program files (x86)/gnu tools arm embedded/7 2018-q2-update/bin/../lib/gcc/arm-none-eabi/7.3.1/../../../../arm-none-eabi/lib/thumb/v7-m\libc_nano.a(lib_a-reent.o)
                                                  c:/program files (x86)/gnu tools arm embedded/7 2018-q2-update/bin/../lib/gcc/arm-none-eabi/7.3.1/../../../../arm-none-eabi/lib/thumb/v7-m\libc_nano.a(lib_a-malloc.o)
_init                                             c:/program files (x86)/gnu tools arm embedded/7 2018-q2-update/bin/../lib/gcc/arm-none-eabi/7.3.1/thumb/v7-m/crti.o
                                                  c:/program files (x86)/gnu tools arm embedded/7 2018-q2-update/bin/../lib/gcc/arm-none-eabi/7.3.1/../../../../arm-none-eabi/lib/thumb/v7-m\libc_nano.a(lib_a-init.o)
_mainCRTStartup                                   c:/program files (x86)/gnu tools arm embedded/7 2018-q2-update/bin/../lib/gcc/arm-none-eabi/7.3.1/../../../../arm-none-eabi/lib/thumb/v7-m/crt0.o
_malloc_r                                         c:/program files (x86)/gnu tools arm embedded/7 2018-q2-update/bin/../lib/gcc/arm-none-eabi/7.3.1/../../../../arm-none-eabi/lib/thumb/v7-m\libc_nano.a(lib_a-nano-mallocr.o)
                                                  c:/program files (x86)/gnu tools arm embedded/7 2018-q2-update/bin/../lib/gcc/arm-none-eabi/7.3.1/../../../../arm-none-eabi/lib/thumb/v7-m\libc_nano.a(lib_a-malloc.o)
_reclaim_reent                                    c:/program files (x86)/gnu tools arm embedded/7 2018-q2-update/bin/../lib/gcc/arm-none-eabi/7.3.1/../../../../arm-none-eabi/lib/thumb/v7-m\libc_nano.a(lib_a-reent.o)
_sbrk                                             c:/program files (x86)/gnu tools arm embedded/7 2018-q2-update/bin/../lib/gcc/arm-none-eabi/7.3.1/../../../../arm-none-eabi/lib/thumb/v7-m\libnosys.a(sbrk.o)
                                                  c:/program files (x86)/gnu tools arm embedded/7 2018-q2-update/bin/../lib/gcc/arm-none-eabi/7.3.1/../../../../arm-none-eabi/lib/thumb/v7-m\libc_nano.a(lib_a-sbrkr.o)
_sbrk_r                                           c:/program files (x86)/gnu tools arm embedded/7 2018-q2-update/bin/../lib/gcc/arm-none-eabi/7.3.1/../../../../arm-none-eabi/lib/thumb/v7-m\libc_nano.a(lib_a-sbrkr.o)
                                                  c:/program files (x86)/gnu tools arm embedded/7 2018-q2-update/bin/../lib/gcc/arm-none-eabi/7.3.1/../../../../arm-none-eabi/lib/thumb/v7-m\libc_nano.a(lib_a-nano-mallocr.o)
_sbss                                             build/startup_stm32f103xb.o
_sdata                                            build/startup_stm32f103xb.o
_sidata                                           build/startup_stm32f103xb.o
_start                                            c:/program files (x86)/gnu tools arm embedded/7 2018-q2-update/bin/../lib/gcc/arm-none-eabi/7.3.1/../../../../arm-none-eabi/lib/thumb/v7-m/crt0.o
atexit                                            c:/program files (x86)/gnu tools arm embedded/7 2018-q2-update/bin/../lib/gcc/arm-none-eabi/7.3.1/../../../../arm-none-eabi/lib/thumb/v7-m/crt0.o
buffer                                            build/main.o
cleanup_glue                                      c:/program files (x86)/gnu tools arm embedded/7 2018-q2-update/bin/../lib/gcc/arm-none-eabi/7.3.1/../../../../arm-none-eabi/lib/thumb/v7-m\libc_nano.a(lib_a-reent.o)
end                                               c:/program files (x86)/gnu tools arm embedded/7 2018-q2-update/bin/../lib/gcc/arm-none-eabi/7.3.1/../../../../arm-none-eabi/lib/thumb/v7-m\libnosys.a(sbrk.o)
errno                                             c:/program files (x86)/gnu tools arm embedded/7 2018-q2-update/bin/../lib/gcc/arm-none-eabi/7.3.1/../../../../arm-none-eabi/lib/thumb/v7-m\libc_nano.a(lib_a-reent.o)
                                                  c:/program files (x86)/gnu tools arm embedded/7 2018-q2-update/bin/../lib/gcc/arm-none-eabi/7.3.1/../../../../arm-none-eabi/lib/thumb/v7-m\libc_nano.a(lib_a-sbrkr.o)
exit                                              c:/program files (x86)/gnu tools arm embedded/7 2018-q2-update/bin/../lib/gcc/arm-none-eabi/7.3.1/../../../../arm-none-eabi/lib/thumb/v7-m\libc_nano.a(lib_a-exit.o)
                                                  c:/program files (x86)/gnu tools arm embedded/7 2018-q2-update/bin/../lib/gcc/arm-none-eabi/7.3.1/../../../../arm-none-eabi/lib/thumb/v7-m/crt0.o
free                                              c:/program files (x86)/gnu tools arm embedded/7 2018-q2-update/bin/../lib/gcc/arm-none-eabi/7.3.1/../../../../arm-none-eabi/lib/thumb/v7-m\libc_nano.a(lib_a-malloc.o)
                                                  build/user_spi.o
g_pfnVectors                                      build/startup_stm32f103xb.o
hardware_init_hook                                c:/program files (x86)/gnu tools arm embedded/7 2018-q2-update/bin/../lib/gcc/arm-none-eabi/7.3.1/../../../../arm-none-eabi/lib/thumb/v7-m/crt0.o
hdma_spi1_rx                                      build/main.o
                                                  build/stm32f1xx_hal_msp.o
                                                  build/stm32f1xx_it.o
hdma_spi1_tx                                      build/main.o