Archive member included to satisfy reference by file (symbol)

c:/vsarm/armcc/bin/../lib/gcc/arm-none-eabi/7.3.1/../../../../arm-none-eabi/lib/thumb/v7e-m/fpv4-sp/hard\libc_nano.a(lib_a-atoi.o)
                              build/netif.o (atoi)
c:/vsarm/armcc/bin/../lib/gcc/arm-none-eabi/7.3.1/../../../../arm-none-eabi/lib/thumb/v7e-m/fpv4-sp/hard\libc_nano.a(lib_a-exit.o)
                              c:/vsarm/armcc/bin/../lib/gcc/arm-none-eabi/7.3.1/../../../../arm-none-eabi/lib/thumb/v7e-m/fpv4-sp/hard/crt0.o (exit)
c:/vsarm/armcc/bin/../lib/gcc/arm-none-eabi/7.3.1/../../../../arm-none-eabi/lib/thumb/v7e-m/fpv4-sp/hard\libc_nano.a(lib_a-impure.o)
                              c:/vsarm/armcc/bin/../lib/gcc/arm-none-eabi/7.3.1/../../../../arm-none-eabi/lib/thumb/v7e-m/fpv4-sp/hard\libc_nano.a(lib_a-exit.o) (_global_impure_ptr)
c:/vsarm/armcc/bin/../lib/gcc/arm-none-eabi/7.3.1/../../../../arm-none-eabi/lib/thumb/v7e-m/fpv4-sp/hard\libc_nano.a(lib_a-init.o)
                              c:/vsarm/armcc/bin/../lib/gcc/arm-none-eabi/7.3.1/../../../../arm-none-eabi/lib/thumb/v7e-m/fpv4-sp/hard/crt0.o (__libc_init_array)
c:/vsarm/armcc/bin/../lib/gcc/arm-none-eabi/7.3.1/../../../../arm-none-eabi/lib/thumb/v7e-m/fpv4-sp/hard\libc_nano.a(lib_a-locale.o)
                              build/ip4_addr.o (__locale_ctype_ptr)
c:/vsarm/armcc/bin/../lib/gcc/arm-none-eabi/7.3.1/../../../../arm-none-eabi/lib/thumb/v7e-m/fpv4-sp/hard\libc_nano.a(lib_a-malloc.o)
                              build/usbh_cdc.o (malloc)
c:/vsarm/armcc/bin/../lib/gcc/arm-none-eabi/7.3.1/../../../../arm-none-eabi/lib/thumb/v7e-m/fpv4-sp/hard\libc_nano.a(lib_a-mbtowc_r.o)
                              c:/vsarm/armcc/bin/../lib/gcc/arm-none-eabi/7.3.1/../../../../arm-none-eabi/lib/thumb/v7e-m/fpv4-sp/hard\libc_nano.a(lib_a-locale.o) (__ascii_mbtowc)
c:/vsarm/armcc/bin/../lib/gcc/arm-none-eabi/7.3.1/../../../../arm-none-eabi/lib/thumb/v7e-m/fpv4-sp/hard\libc_nano.a(lib_a-memcmp.o)
                              build/bridgeif_fdb.o (memcmp)
c:/vsarm/armcc/bin/../lib/gcc/arm-none-eabi/7.3.1/../../../../arm-none-eabi/lib/thumb/v7e-m/fpv4-sp/hard\libc_nano.a(lib_a-memcpy-stub.o)
                              build/ethernetif.o (memcpy)
c:/vsarm/armcc/bin/../lib/gcc/arm-none-eabi/7.3.1/../../../../arm-none-eabi/lib/thumb/v7e-m/fpv4-sp/hard\libc_nano.a(lib_a-memmove.o)
                              build/def.o (memmove)
c:/vsarm/armcc/bin/../lib/gcc/arm-none-eabi/7.3.1/../../../../arm-none-eabi/lib/thumb/v7e-m/fpv4-sp/hard\libc_nano.a(lib_a-memset.o)
                              c:/vsarm/armcc/bin/../lib/gcc/arm-none-eabi/7.3.1/../../../../arm-none-eabi/lib/thumb/v7e-m/fpv4-sp/hard/crt0.o (memset)
c:/vsarm/armcc/bin/../lib/gcc/arm-none-eabi/7.3.1/../../../../arm-none-eabi/lib/thumb/v7e-m/fpv4-sp/hard\libc_nano.a(lib_a-nano-freer.o)
                              c:/vsarm/armcc/bin/../lib/gcc/arm-none-eabi/7.3.1/../../../../arm-none-eabi/lib/thumb/v7e-m/fpv4-sp/hard\libc_nano.a(lib_a-malloc.o) (_free_r)
c:/vsarm/armcc/bin/../lib/gcc/arm-none-eabi/7.3.1/../../../../arm-none-eabi/lib/thumb/v7e-m/fpv4-sp/hard\libc_nano.a(lib_a-nano-mallocr.o)
                              c:/vsarm/armcc/bin/../lib/gcc/arm-none-eabi/7.3.1/../../../../arm-none-eabi/lib/thumb/v7e-m/fpv4-sp/hard\libc_nano.a(lib_a-malloc.o) (_malloc_r)
c:/vsarm/armcc/bin/../lib/gcc/arm-none-eabi/7.3.1/../../../../arm-none-eabi/lib/thumb/v7e-m/fpv4-sp/hard\libc_nano.a(lib_a-printf.o)
                              build/ethernetif.o (printf)
c:/vsarm/armcc/bin/../lib/gcc/arm-none-eabi/7.3.1/../../../../arm-none-eabi/lib/thumb/v7e-m/fpv4-sp/hard\libc_nano.a(lib_a-rand.o)
                              build/tcp.o (rand)
c:/vsarm/armcc/bin/../lib/gcc/arm-none-eabi/7.3.1/../../../../arm-none-eabi/lib/thumb/v7e-m/fpv4-sp/hard\libc_nano.a(lib_a-sbrkr.o)
                              c:/vsarm/armcc/bin/../lib/gcc/arm-none-eabi/7.3.1/../../../../arm-none-eabi/lib/thumb/v7e-m/fpv4-sp/hard\libc_nano.a(lib_a-nano-mallocr.o) (_sbrk_r)
c:/vsarm/armcc/bin/../lib/gcc/arm-none-eabi/7.3.1/../../../../arm-none-eabi/lib/thumb/v7e-m/fpv4-sp/hard\libc_nano.a(lib_a-strcmp.o)
                              c:/vsarm/armcc/bin/../lib/gcc/arm-none-eabi/7.3.1/../../../../arm-none-eabi/lib/thumb/v7e-m/fpv4-sp/hard\libc_nano.a(lib_a-locale.o) (strcmp)
c:/vsarm/armcc/bin/../lib/gcc/arm-none-eabi/7.3.1/../../../../arm-none-eabi/lib/thumb/v7e-m/fpv4-sp/hard\libc_nano.a(lib_a-strlen.o)
                              build/def.o (strlen)
c:/vsarm/armcc/bin/../lib/gcc/arm-none-eabi/7.3.1/../../../../arm-none-eabi/lib/thumb/v7e-m/fpv4-sp/hard\libc_nano.a(lib_a-strncmp.o)
                              build/def.o (strncmp)
c:/vsarm/armcc/bin/../lib/gcc/arm-none-eabi/7.3.1/../../../../arm-none-eabi/lib/thumb/v7e-m/fpv4-sp/hard\libc_nano.a(lib_a-strtol.o)
                              c:/vsarm/armcc/bin/../lib/gcc/arm-none-eabi/7.3.1/../../../../arm-none-eabi/lib/thumb/v7e-m/fpv4-sp/hard\libc_nano.a(lib_a-atoi.o) (_strtol_r)
[...]
Memory Configuration

Name             Origin             Length             Attributes
RAM              0x20000000         0x00050000         xrw
FLASH            0x08008000         0x000f8000         xr
*default*        0x00000000         0xffffffff

Linker script and memory map

LOAD c:/vsarm/armcc/bin/../lib/gcc/arm-none-eabi/7.3.1/thumb/v7e-m/fpv4-sp/hard/crti.o
LOAD c:/vsarm/armcc/bin/../lib/gcc/arm-none-eabi/7.3.1/thumb/v7e-m/fpv4-sp/hard/crtbegin.o
LOAD c:/vsarm/armcc/bin/../lib/gcc/arm-none-eabi/7.3.1/../../../../arm-none-eabi/lib/thumb/v7e-m/fpv4-sp/hard/crt0.o
LOAD build/main.o
LOAD build/freertos.o
LOAD build/stm32f7xx_it.o
LOAD build/stm32f7xx_hal_msp.o
LOAD build/stm32f7xx_hal_timebase_tim.o
LOAD build/bsp_driver_sd.o
LOAD build/sd_diskio.o
LOAD build/fatfs_platform.o
LOAD build/fatfs.o
LOAD build/ethernetif.o
LOAD build/lwip.o
LOAD build/usb_host.o
LOAD build/usbh_conf.o
LOAD build/usbh_platform.o
LOAD build/stm32f7xx_hal_eth.o
LOAD build/stm32f7xx_hal_rcc.o
LOAD build/stm32f7xx_hal_rcc_ex.o
LOAD build/stm32f7xx_hal_flash.o
LOAD build/stm32f7xx_hal_flash_ex.o
LOAD build/stm32f7xx_hal_gpio.o
LOAD build/stm32f7xx_hal_dma.o
LOAD build/stm32f7xx_hal_dma_ex.o
LOAD build/stm32f7xx_hal_pwr.o
LOAD build/stm32f7xx_hal_pwr_ex.o
LOAD build/stm32f7xx_hal_cortex.o
LOAD build/stm32f7xx_hal.o
LOAD build/stm32f7xx_hal_i2c.o
LOAD build/stm32f7xx_hal_i2c_ex.o
LOAD build/stm32f7xx_hal_exti.o
LOAD build/stm32f7xx_hal_hcd.o
LOAD build/stm32f7xx_ll_usb.o
LOAD build/stm32f7xx_hal_adc.o
LOAD build/stm32f7xx_hal_adc_ex.o
LOAD build/stm32f7xx_hal_crc.o
LOAD build/stm32f7xx_hal_crc_ex.o
LOAD build/stm32f7xx_hal_dcmi.o
LOAD build/stm32f7xx_hal_dcmi_ex.o
LOAD build/stm32f7xx_hal_dma2d.o
LOAD build/stm32f7xx_ll_fmc.o
LOAD build/stm32f7xx_hal_sdram.o
LOAD build/stm32f7xx_hal_ltdc.o
LOAD build/stm32f7xx_hal_ltdc_ex.o
LOAD build/stm32f7xx_hal_dsi.o
LOAD build/stm32f7xx_hal_qspi.o
LOAD build/stm32f7xx_hal_rtc.o
LOAD build/stm32f7xx_hal_rtc_ex.o
LOAD build/stm32f7xx_hal_sai.o
LOAD build/stm32f7xx_hal_sai_ex.o
LOAD build/stm32f7xx_ll_sdmmc.o
LOAD build/stm32f7xx_hal_sd.o
LOAD build/stm32f7xx_hal_spdifrx.o
LOAD build/stm32f7xx_hal_spi.o
LOAD build/stm32f7xx_hal_spi_ex.o
LOAD build/stm32f7xx_hal_tim.o
LOAD build/stm32f7xx_hal_tim_ex.o
LOAD build/stm32f7xx_hal_uart.o
LOAD build/stm32f7xx_hal_uart_ex.o
LOAD build/system_stm32f7xx.o
LOAD build/diskio.o
LOAD build/ff.o
LOAD build/ff_gen_drv.o
LOAD build/syscall.o
LOAD build/croutine.o
LOAD build/event_groups.o
LOAD build/list.o
LOAD build/queue.o
LOAD build/stream_buffer.o
LOAD build/tasks.o
LOAD build/timers.o
LOAD build/cmsis_os.o
LOAD build/heap_4.o
LOAD build/port.o
LOAD build/auth.o
LOAD build/ccp.o
LOAD build/chap_ms.o
LOAD build/chap-md5.o
LOAD build/chap-new.o
LOAD build/demand.o
LOAD build/eap.o
LOAD build/eui64.o
LOAD build/fsm.o
LOAD build/ipcp.o
LOAD build/ipv6cp.o
LOAD build/lcp.o
LOAD build/magic.o
LOAD build/mppe.o
LOAD build/multilink.o
LOAD build/ppp.o
LOAD build/pppapi.o
LOAD build/pppcrypt.o
LOAD build/pppoe.o
LOAD build/pppol2tp.o
LOAD build/pppos.o
LOAD build/upap.o
LOAD build/utils.o
LOAD build/vj.o
LOAD build/bridgeif.o
LOAD build/bridgeif_fdb.o
LOAD build/ethernet.o
LOAD build/lowpan6.o
LOAD build/lowpan6_ble.o
LOAD build/lowpan6_common.o
LOAD build/slipif.o
LOAD build/zepif.o
LOAD build/ecp.o
LOAD build/api_lib.o
LOAD build/api_msg.o
LOAD build/err.o
LOAD build/if_api.o
LOAD build/netbuf.o
LOAD build/netdb.o
LOAD build/netifapi.o
LOAD build/sockets.o
LOAD build/tcpip.o
LOAD build/altcp.o
LOAD build/altcp_alloc.o
LOAD build/altcp_tcp.o
LOAD build/def.o
LOAD build/dns.o
LOAD build/inet_chksum.o
LOAD build/init.o
LOAD build/ip.o
LOAD build/mem.o
LOAD build/memp.o
LOAD build/netif.o
LOAD build/pbuf.o
LOAD build/raw.o
LOAD build/stats.o
LOAD build/sys.o
LOAD build/tcp.o
LOAD build/tcp_in.o
LOAD build/tcp_out.o
LOAD build/timeouts.o
LOAD build/udp.o
LOAD build/autoip.o
LOAD build/dhcp.o
LOAD build/etharp.o
LOAD build/icmp.o
LOAD build/igmp.o
LOAD build/ip4.o
LOAD build/ip4_addr.o
LOAD build/ip4_frag.o
LOAD build/dhcp6.o
LOAD build/ethip6.o
LOAD build/icmp6.o
LOAD build/inet6.o
LOAD build/ip6.o
LOAD build/ip6_addr.o
LOAD build/ip6_frag.o
LOAD build/mld6.o
LOAD build/nd6.o
LOAD build/sys_arch.o
LOAD build/mqtt.o
LOAD build/usbh_core.o
LOAD build/usbh_ctlreq.o
LOAD build/usbh_ioreq.o
LOAD build/usbh_pipes.o
LOAD build/usbh_cdc.o
LOAD build/nvm.o
LOAD build/printEx.o
LOAD build/startup_stm32f746xx.o
LOAD c:/vsarm/armcc/bin/../lib/gcc/arm-none-eabi/7.3.1/../../../../arm-none-eabi/lib/thumb/v7e-m/fpv4-sp/hard\libc_nano.a
LOAD c:/vsarm/armcc/bin/../lib/gcc/arm-none-eabi/7.3.1/../../../../arm-none-eabi/lib/thumb/v7e-m/fpv4-sp/hard\libm.a
LOAD c:/vsarm/armcc/bin/../lib/gcc/arm-none-eabi/7.3.1/../../../../arm-none-eabi/lib/thumb/v7e-m/fpv4-sp/hard\libnosys.a
START GROUP
LOAD c:/vsarm/armcc/bin/../lib/gcc/arm-none-eabi/7.3.1/thumb/v7e-m/fpv4-sp/hard\libgcc.a
LOAD c:/vsarm/armcc/bin/../lib/gcc/arm-none-eabi/7.3.1/../../../../arm-none-eabi/lib/thumb/v7e-m/fpv4-sp/hard\libc_nano.a
END GROUP
START GROUP
LOAD c:/vsarm/armcc/bin/../lib/gcc/arm-none-eabi/7.3.1/thumb/v7e-m/fpv4-sp/hard\libgcc.a
LOAD c:/vsarm/armcc/bin/../lib/gcc/arm-none-eabi/7.3.1/../../../../arm-none-eabi/lib/thumb/v7e-m/fpv4-sp/hard\libc_nano.a
END GROUP
LOAD c:/vsarm/armcc/bin/../lib/gcc/arm-none-eabi/7.3.1/thumb/v7e-m/fpv4-sp/hard/crtend.o
LOAD c:/vsarm/armcc/bin/../lib/gcc/arm-none-eabi/7.3.1/thumb/v7e-m/fpv4-sp/hard/crtn.o
                0x20050000                _estack = 0x20050000
                0x00000400                _Min_Heap_Size = 0x400
                0x00000800                _Min_Stack_Size = 0x800

.isr_vector     0x08008000      0x1c8
                0x08008000                . = ALIGN (0x4)
 *(.isr_vector)
 .isr_vector    0x08008000      0x1c8 build/startup_stm32f746xx.o
                0x08008000                g_pfnVectors
                0x080081c8                . = ALIGN (0x4)

.text           0x080081d0    0x16338
                0x080081d0                . = ALIGN (0x4)
 *(.text)
 .text          0x080081d0       0x40 c:/vsarm/armcc/bin/../lib/gcc/arm-none-eabi/7.3.1/thumb/v7e-m/fpv4-sp/hard/crtbegin.o
 .text          0x08008210       0x10 c:/vsarm/armcc/bin/../lib/gcc/arm-none-eabi/7.3.1/../../../../arm-none-eabi/lib/thumb/v7e-m/fpv4-sp/hard\libc_nano.a(lib_a-strlen.o)
                0x08008210                strlen
 .text          0x08008220       0xa0 c:/vsarm/armcc/bin/../lib/gcc/arm-none-eabi/7.3.1/../../../../arm-none-eabi/lib/thumb/v7e-m/fpv4-sp/hard\libc_nano.a(lib_a-memchr.o)
                0x08008220                memchr
 .text          0x080082c0       0x30 c:/vsarm/armcc/bin/../lib/gcc/arm-none-eabi/7.3.1/thumb/v7e-m/fpv4-sp/hard\libgcc.a(_aeabi_uldivmod.o)
                0x080082c0                __aeabi_uldivmod
 .text          0x080082f0      0x2cc c:/vsarm/armcc/bin/../lib/gcc/arm-none-eabi/7.3.1/thumb/v7e-m/fpv4-sp/hard\libgcc.a(_udivmoddi4.o)
                0x080082f0                __udivmoddi4
 .text          0x080085bc        0x4 c:/vsarm/armcc/bin/../lib/gcc/arm-none-eabi/7.3.1/thumb/v7e-m/fpv4-sp/hard\libgcc.a(_dvmd_tls.o)
                0x080085bc                __aeabi_idiv0
                0x080085bc                __aeabi_ldiv0
 *(.text*)
 .text.MX_SDMMC1_SD_Init
                0x080085c0       0x20 build/main.o
 .text.MX_GPIO_Init
                0x080085e0      0x2a8 build/main.o
 .text.MX_ADC3_Init
                0x08008888       0x5c build/main.o
 .text.MX_CRC_Init
                0x080088e4       0x24 build/main.o
 .text.MX_DCMI_Init
                0x08008908       0x30 build/main.o
 .text.MX_DMA2D_Init
                0x08008938       0x30 build/main.o
 .text.MX_FMC_Init
                0x08008968       0x5c build/main.o
 .text.MX_I2C1_Init
                0x080089c4       0x44 build/main.o
 .text.MX_I2C3_Init
                0x08008a08       0x44 build/main.o
 .text.MX_LTDC_Init
                0x08008a4c       0xe8 build/main.o
 .text.MX_QUADSPI_Init
                0x08008b34       0x2c build/main.o
 .text.MX_RTC_Init
                0x08008b60       0xc4 build/main.o
 .text.MX_SAI2_Init
                0x08008c24       0x90 build/main.o
 .text.MX_SPDIFRX_Init
                0x08008cb4       0x2c build/main.o
 .text.MX_SPI2_Init
                0x08008ce0       0x44 build/main.o
 .text.MX_TIM8_Init
                0x08008d24       0x58 build/main.o
 .text.MX_TIM1_Init
                0x08008d7c       0xbc build/main.o
 .text.MX_TIM2_Init
                0x08008e38       0x80 build/main.o
 .text.MX_TIM3_Init
                0x08008eb8       0x84 build/main.o
 .text.MX_TIM5_Init
                0x08008f3c       0x84 build/main.o
 .text.MX_TIM12_Init
                0x08008fc0       0x54 build/main.o
 .text.MX_USART1_UART_Init
                0x08009014       0x30 build/main.o
 .text.MX_USART6_UART_Init
                0x08009044       0x34 build/main.o
 .text.get_config_from_flash
                0x08009078       0xa8 build/main.o
                0x08009078                get_config_from_flash
 .text.StartDefaultTask
                0x08009120       0x24 build/main.o
                0x08009120                StartDefaultTask
 .text.SystemClock_Config
                0x08009144       0xf4 build/main.o
                0x08009144                SystemClock_Config
 .text.main     0x08009238       0xa8 build/main.o
                0x08009238                main
 .text.HAL_TIM_PeriodElapsedCallback
                0x080092e0       0x18 build/main.o
                0x080092e0                HAL_TIM_PeriodElapsedCallback
 .text.Error_Handler
                0x080092f8        0x2 build/main.o
                0x080092f8                Error_Handler
 .text.vApplicationIdleHook
                0x080092fa        0x2 build/freertos.o
                0x080092fa                vApplicationIdleHook
 .text.vApplicationStackOverflowHook
                0x080092fc        0x2 build/freertos.o
                0x080092fc                vApplicationStackOverflowHook
 .text.vApplicationMallocFailedHook
                0x080092fe        0x2 build/freertos.o
                0x080092fe                vApplicationMallocFailedHook
 .text.vApplicationGetIdleTaskMemory
                0x08009300       0x18 build/freertos.o
                0x08009300                vApplicationGetIdleTaskMemory
 .text.NMI_Handler
                0x08009318        0x2 build/stm32f7xx_it.o
                0x08009318                NMI_Handler
 .text.HardFault_Handler
                0x0800931a        0x2 build/stm32f7xx_it.o
                0x0800931a                HardFault_Handler
 .text.MemManage_Handler
                0x0800931c        0x2 build/stm32f7xx_it.o
                0x0800931c                MemManage_Handler
 .text.BusFault_Handler
                0x0800931e        0x2 build/stm32f7xx_it.o
                0x0800931e                BusFault_Handler
 .text.UsageFault_Handler
                0x08009320        0x2 build/stm32f7xx_it.o
                0x08009320                UsageFault_Handler
 .text.DebugMon_Handler
                0x08009322        0x2 build/stm32f7xx_it.o
                0x08009322                DebugMon_Handler
 .text.TIM6_DAC_IRQHandler
                0x08009324       0x10 build/stm32f7xx_it.o
                0x08009324                TIM6_DAC_IRQHandler
 .text.ETH_IRQHandler
                0x08009334       0x10 build/stm32f7xx_it.o
                0x08009334                ETH_IRQHandler
 .text.OTG_FS_IRQHandler
                0x08009344       0x10 build/stm32f7xx_it.o
                0x08009344                OTG_FS_IRQHandler
 .text.LTDC_IRQHandler
                0x08009354       0x10 build/stm32f7xx_it.o
                0x08009354                LTDC_IRQHandler
 .text.DMA2D_IRQHandler
                0x08009364       0x10 build/stm32f7xx_it.o
                0x08009364                DMA2D_IRQHandler
 .text.HAL_FMC_MspInit
                0x08009374       0xdc build/stm32f7xx_hal_msp.o
 .text.HAL_MspInit
                0x08009450       0x40 build/stm32f7xx_hal_msp.o
                0x08009450                HAL_MspInit
 .text.HAL_ADC_MspInit
                0x08009490       0x88 build/stm32f7xx_hal_msp.o
                0x08009490                HAL_ADC_MspInit
 .text.HAL_CRC_MspInit
                0x08009518       0x2c build/stm32f7xx_hal_msp.o
                0x08009518                HAL_CRC_MspInit
 .text.HAL_DCMI_MspInit
                0x08009544      0x114 build/stm32f7xx_hal_msp.o
                0x08009544                HAL_DCMI_MspInit
 .text.HAL_DMA2D_MspInit
                0x08009658       0x40 build/stm32f7xx_hal_msp.o
                0x08009658                HAL_DMA2D_MspInit
 .text.HAL_I2C_MspInit
                0x08009698       0xc0 build/stm32f7xx_hal_msp.o
                0x08009698                HAL_I2C_MspInit
 .text.HAL_LTDC_MspInit
                0x08009758      0x124 build/stm32f7xx_hal_msp.o
                0x08009758                HAL_LTDC_MspInit
 .text.HAL_QSPI_MspInit
                0x0800987c       0xe4 build/stm32f7xx_hal_msp.o
                0x0800987c                HAL_QSPI_MspInit
 .text.HAL_RTC_MspInit
                0x08009960       0x20 build/stm32f7xx_hal_msp.o
                0x08009960                HAL_RTC_MspInit
 .text.HAL_SD_MspInit
                0x08009980       0x98 build/stm32f7xx_hal_msp.o
                0x08009980                HAL_SD_MspInit
 .text.HAL_SPDIFRX_MspInit
                0x08009a18       0x60 build/stm32f7xx_hal_msp.o
                0x08009a18                HAL_SPDIFRX_MspInit
 .text.HAL_SPI_MspInit
                0x08009a78       0x90 build/stm32f7xx_hal_msp.o
                0x08009a78                HAL_SPI_MspInit
 .text.HAL_TIM_Base_MspInit
                0x08009b08       0xa8 build/stm32f7xx_hal_msp.o
                0x08009b08                HAL_TIM_Base_MspInit
 .text.HAL_TIM_PWM_MspInit
                0x08009bb0       0x2c build/stm32f7xx_hal_msp.o
                0x08009bb0                HAL_TIM_PWM_MspInit
 .text.HAL_TIM_MspPostInit
                0x08009bdc      0x130 build/stm32f7xx_hal_msp.o
                0x08009bdc                HAL_TIM_MspPostInit
 .text.HAL_UART_MspInit
                0x08009d0c       0xe0 build/stm32f7xx_hal_msp.o
                0x08009d0c                HAL_UART_MspInit
 .text.HAL_SDRAM_MspInit
                0x08009dec        0x8 build/stm32f7xx_hal_msp.o
                0x08009dec                HAL_SDRAM_MspInit
 .text.HAL_SAI_MspInit
                0x08009df4       0xac build/stm32f7xx_hal_msp.o
                0x08009df4                HAL_SAI_MspInit
 .text.HAL_InitTick
                0x08009ea0       0x7c build/stm32f7xx_hal_timebase_tim.o
                0x08009ea0                HAL_InitTick
 .text.BSP_SD_ReadBlocks_DMA
                0x08009f1c       0x18 build/bsp_driver_sd.o
                0x08009f1c                BSP_SD_ReadBlocks_DMA
 .text.BSP_SD_WriteBlocks_DMA
                0x08009f34       0x18 build/bsp_driver_sd.o
                0x08009f34                BSP_SD_WriteBlocks_DMA
 .text.BSP_SD_GetCardState
                0x08009f4c       0x14 build/bsp_driver_sd.o
                0x08009f4c                BSP_SD_GetCardState
 .text.BSP_SD_GetCardInfo
                0x08009f60       0x10 build/bsp_driver_sd.o
                0x08009f60                BSP_SD_GetCardInfo
 .text.HAL_SD_RxCpltCallback
                0x08009f70        0x8 build/bsp_driver_sd.o
                0x08009f70                HAL_SD_RxCpltCallback
 .text.BSP_SD_IsDetected
                0x08009f78       0x20 build/bsp_driver_sd.o
                0x08009f78                BSP_SD_IsDetected
 .text.BSP_SD_Init
                0x08009f98       0x34 build/bsp_driver_sd.o
                0x08009f98                BSP_SD_Init
 .text.SD_CheckStatus
                0x08009fcc       0x24 build/sd_diskio.o
 .text.SD_initialize
                0x08009ff0       0x74 build/sd_diskio.o
                0x08009ff0                SD_initialize
 .text.SD_status
                0x0800a064        0x8 build/sd_diskio.o
                0x0800a064                SD_status
 .text.SD_CheckStatusWithTimeout
                0x0800a06c       0x26 build/sd_diskio.o
 *fill*         0x0800a092        0x2 
 .text.SD_read  0x0800a094       0x78 build/sd_diskio.o
                0x0800a094                SD_read
 .text.SD_write
                0x0800a10c       0x78 build/sd_diskio.o
                0x0800a10c                SD_write
 .text.SD_ioctl
                0x0800a184       0x5c build/sd_diskio.o
                0x0800a184                SD_ioctl
 .text.BSP_SD_ReadCpltCallback
                0x0800a1e0       0x14 build/sd_diskio.o
                0x0800a1e0                BSP_SD_ReadCpltCallback
 .text.BSP_PlatformIsDetected
                0x0800a1f4       0x1c build/fatfs_platform.o
                0x0800a1f4                BSP_PlatformIsDetected
 .text.MX_FATFS_Init
                0x0800a210       0x1c build/fatfs.o
                0x0800a210                MX_FATFS_Init
 .text.low_level_input
                0x0800a22c       0xd8 build/ethernetif.o
 .text.ethernetif_input
                0x0800a304       0x4c build/ethernetif.o
                0x0800a304                ethernetif_input
 .text.low_level_output
                0x0800a350       0xbc build/ethernetif.o
 .text.low_level_init
                0x0800a40c      0x124 build/ethernetif.o
 .text.HAL_ETH_MspInit
                0x0800a530       0xf4 build/ethernetif.o
                0x0800a530                HAL_ETH_MspInit
 .text.HAL_ETH_RxCpltCallback
                0x0800a624       0x10 build/ethernetif.o
                0x0800a624                HAL_ETH_RxCpltCallback
 .text.ethernetif_init
                0x0800a634       0x48 build/ethernetif.o
                0x0800a634                ethernetif_init
 .text.sys_now  0x0800a67c        0x8 build/ethernetif.o
                0x0800a67c                sys_now
 .text.ethernetif_set_link
                0x0800a684       0x4c build/ethernetif.o
                0x0800a684                ethernetif_set_link
 .text.ethernetif_notify_conn_changed
                0x0800a6d0        0x2 build/ethernetif.o
                0x0800a6d0                ethernetif_notify_conn_changed
 *fill*         0x0800a6d2        0x2 
 .text.ethernetif_update_config
                0x0800a6d4       0xc8 build/ethernetif.o
                0x0800a6d4                ethernetif_update_config
 .text.MX_LWIP_Init
                0x0800a79c       0xb8 build/lwip.o
                0x0800a79c                MX_LWIP_Init
 .text.USBH_UserProcess
                0x0800a854       0x2c build/usb_host.o
 .text.MX_USB_HOST_Init
                0x0800a880       0x40 build/usb_host.o
                0x0800a880                MX_USB_HOST_Init
 .text.HAL_HCD_MspInit
                0x0800a8c0       0x88 build/usbh_conf.o
                0x0800a8c0                HAL_HCD_MspInit
 .text.HAL_HCD_SOF_Callback
                0x0800a948        0xc build/usbh_conf.o
                0x0800a948                HAL_HCD_SOF_Callback
 .text.HAL_HCD_Connect_Callback
                0x0800a954        0xc build/usbh_conf.o
                0x0800a954                HAL_HCD_Connect_Callback
 .text.HAL_HCD_Disconnect_Callback
                0x0800a960        0xc build/usbh_conf.o
                0x0800a960                HAL_HCD_Disconnect_Callback
 .text.HAL_HCD_HC_NotifyURBChange_Callback
                0x0800a96c        0xc build/usbh_conf.o
                0x0800a96c                HAL_HCD_HC_NotifyURBChange_Callback
 .text.HAL_HCD_PortEnabled_Callback
                0x0800a978        0xc build/usbh_conf.o
                0x0800a978                HAL_HCD_PortEnabled_Callback
 .text.HAL_HCD_PortDisabled_Callback
                0x0800a984        0xc build/usbh_conf.o
                0x0800a984                HAL_HCD_PortDisabled_Callback
 .text.USBH_LL_Init
                0x0800a990       0x54 build/usbh_conf.o
                0x0800a990                USBH_LL_Init
 .text.USBH_LL_GetSpeed
                0x0800a9e4       0x1c build/usbh_conf.o
                0x0800a9e4                USBH_LL_GetSpeed
 .text.USBH_LL_GetLastXferSize
                0x0800aa00        0xc build/usbh_conf.o
                0x0800aa00                USBH_LL_GetLastXferSize
 .text.USBH_LL_GetURBState
                0x0800aa0c        0xc build/usbh_conf.o
                0x0800aa0c                USBH_LL_GetURBState
 .text.USBH_LL_DriverVBUS
                0x0800aa18       0x1c build/usbh_conf.o
                0x0800aa18                USBH_LL_DriverVBUS
 .text.USBH_LL_SetToggle
                0x0800aa34       0x32 build/usbh_conf.o
                0x0800aa34                USBH_LL_SetToggle
 .text.USBH_Delay
                0x0800aa66        0x8 build/usbh_conf.o
                0x0800aa66                USBH_Delay
 .text.USBH_Get_USB_Status
                0x0800aa6e       0x12 build/usbh_conf.o
                0x0800aa6e                USBH_Get_USB_Status
 .text.USBH_LL_Start
                0x0800aa80       0x10 build/usbh_conf.o
                0x0800aa80                USBH_LL_Start
 .text.USBH_LL_Stop
                0x0800aa90       0x10 build/usbh_conf.o
                0x0800aa90                USBH_LL_Stop
 .text.USBH_LL_ResetPort
                0x0800aaa0       0x10 build/usbh_conf.o
                0x0800aaa0                USBH_LL_ResetPort
 .text.USBH_LL_OpenPipe
                0x0800aab0       0x26 build/usbh_conf.o
                0x0800aab0                USBH_LL_OpenPipe
 .text.USBH_LL_ClosePipe
                0x0800aad6       0x10 build/usbh_conf.o
                0x0800aad6                USBH_LL_ClosePipe
 .text.USBH_LL_SubmitURB
                0x0800aae6       0x2a build/usbh_conf.o
                0x0800aae6                USBH_LL_SubmitURB
 .text.MX_DriverVbusFS
                0x0800ab10       0x18 build/usbh_platform.o
                0x0800ab10                MX_DriverVbusFS
 .text.ETH_MACAddressConfig
                0x0800ab28       0x30 build/stm32f7xx_hal_eth.o
 .text.ETH_DMATransmissionEnable
                0x0800ab58       0x10 build/stm32f7xx_hal_eth.o
 .text.ETH_DMATransmissionDisable
                0x0800ab68       0x10 build/stm32f7xx_hal_eth.o
 .text.ETH_DMAReceptionEnable
                0x0800ab78       0x10 build/stm32f7xx_hal_eth.o
 .text.ETH_DMAReceptionDisable
                0x0800ab88       0x10 build/stm32f7xx_hal_eth.o
 .text.ETH_MACDMAConfig
                0x0800ab98      0x118 build/stm32f7xx_hal_eth.o
 .text.ETH_MACTransmissionEnable
                0x0800acb0       0x2a build/stm32f7xx_hal_eth.o
 .text.ETH_MACReceptionEnable
                0x0800acda       0x2a build/stm32f7xx_hal_eth.o
 .text.ETH_FlushTransmitFIFO
                0x0800ad04       0x2e build/stm32f7xx_hal_eth.o
 .text.ETH_MACReceptionDisable
                0x0800ad32       0x2a build/stm32f7xx_hal_eth.o
 .text.ETH_MACTransmissionDisable
                0x0800ad5c       0x2a build/stm32f7xx_hal_eth.o
 .text.HAL_ETH_DMATxDescListInit
                0x0800ad86       0x72 build/stm32f7xx_hal_eth.o
                0x0800ad86                HAL_ETH_DMATxDescListInit
 .text.HAL_ETH_DMARxDescListInit
                0x0800adf8       0x6c build/stm32f7xx_hal_eth.o
                0x0800adf8                HAL_ETH_DMARxDescListInit
 .text.HAL_ETH_TransmitFrame
                0x0800ae64      0x120 build/stm32f7xx_hal_eth.o
                0x0800ae64                HAL_ETH_TransmitFrame
 .text.HAL_ETH_GetReceivedFrame_IT
                0x0800af84       0x98 build/stm32f7xx_hal_eth.o
                0x0800af84                HAL_ETH_GetReceivedFrame_IT
 .text.HAL_ETH_TxCpltCallback
                0x0800b01c        0x2 build/stm32f7xx_hal_eth.o
                0x0800b01c                HAL_ETH_TxCpltCallback
 .text.HAL_ETH_ErrorCallback
                0x0800b01e        0x2 build/stm32f7xx_hal_eth.o
                0x0800b01e                HAL_ETH_ErrorCallback
 .text.HAL_ETH_IRQHandler
                0x0800b020       0x8c build/stm32f7xx_hal_eth.o
                0x0800b020                HAL_ETH_IRQHandler
 .text.HAL_ETH_ReadPHYRegister
                0x0800b0ac       0x78 build/stm32f7xx_hal_eth.o
                0x0800b0ac                HAL_ETH_ReadPHYRegister
 .text.HAL_ETH_WritePHYRegister
                0x0800b124       0x74 build/stm32f7xx_hal_eth.o
                0x0800b124                HAL_ETH_WritePHYRegister
 .text.HAL_ETH_Init
                0x0800b198      0x254 build/stm32f7xx_hal_eth.o
                0x0800b198                HAL_ETH_Init
 .text.HAL_ETH_Start
                0x0800b3ec       0x44 build/stm32f7xx_hal_eth.o
                0x0800b3ec                HAL_ETH_Start
 .text.HAL_ETH_Stop
                0x0800b430       0x44 build/stm32f7xx_hal_eth.o
                0x0800b430                HAL_ETH_Stop
 .text.HAL_ETH_ConfigMAC
                0x0800b474      0x130 build/stm32f7xx_hal_eth.o
                0x0800b474                HAL_ETH_ConfigMAC
 .text.HAL_RCC_OscConfig
                0x0800b5a4      0x434 build/stm32f7xx_hal_rcc.o
                0x0800b5a4                HAL_RCC_OscConfig
 .text.HAL_RCC_GetSysClockFreq
                0x0800b9d8       0xa8 build/stm32f7xx_hal_rcc.o
                0x0800b9d8                HAL_RCC_GetSysClockFreq
 .text.HAL_RCC_ClockConfig
                0x0800ba80      0x168 build/stm32f7xx_hal_rcc.o
                0x0800ba80                HAL_RCC_ClockConfig
 .text.HAL_RCC_GetHCLKFreq
                0x0800bbe8        0xc build/stm32f7xx_hal_rcc.o
                0x0800bbe8                HAL_RCC_GetHCLKFreq
 .text.HAL_RCC_GetPCLK1Freq
                0x0800bbf4       0x20 build/stm32f7xx_hal_rcc.o
                0x0800bbf4                HAL_RCC_GetPCLK1Freq
 .text.HAL_RCC_GetPCLK2Freq
                0x0800bc14       0x20 build/stm32f7xx_hal_rcc.o
                0x0800bc14                HAL_RCC_GetPCLK2Freq
 .text.HAL_RCC_GetClockConfig
                0x0800bc34       0x3c build/stm32f7xx_hal_rcc.o
                0x0800bc34                HAL_RCC_GetClockConfig
 .text.HAL_RCCEx_PeriphCLKConfig
                0x0800bc70      0x5ac build/stm32f7xx_hal_rcc_ex.o
                0x0800bc70                HAL_RCCEx_PeriphCLKConfig
 .text.HAL_RCCEx_GetPeriphCLKFreq
                0x0800c21c      0x1b0 build/stm32f7xx_hal_rcc_ex.o
                0x0800c21c                HAL_RCCEx_GetPeriphCLKFreq
 .text.FLASH_Program_DoubleWord
                0x0800c3cc       0x30 build/stm32f7xx_hal_flash.o
 .text.FLASH_Program_Word
                0x0800c3fc       0x28 build/stm32f7xx_hal_flash.o
 .text.FLASH_Program_HalfWord
                0x0800c424       0x28 build/stm32f7xx_hal_flash.o
 .text.FLASH_Program_Byte
                0x0800c44c       0x24 build/stm32f7xx_hal_flash.o
 .text.FLASH_SetErrorCode
                0x0800c470       0x74 build/stm32f7xx_hal_flash.o
 .text.HAL_FLASH_Unlock
                0x0800c4e4       0x30 build/stm32f7xx_hal_flash.o
                0x0800c4e4                HAL_FLASH_Unlock
 .text.HAL_FLASH_Lock
                0x0800c514       0x14 build/stm32f7xx_hal_flash.o
                0x0800c514                HAL_FLASH_Lock
 .text.FLASH_WaitForLastOperation
                0x0800c528       0x68 build/stm32f7xx_hal_flash.o
                0x0800c528                FLASH_WaitForLastOperation
 .text.HAL_FLASH_Program
                0x0800c590       0x84 build/stm32f7xx_hal_flash.o
                0x0800c590                HAL_FLASH_Program
 .text.FLASH_MassErase
                0x0800c614       0x28 build/stm32f7xx_hal_flash_ex.o
 .text.FLASH_Erase_Sector
                0x0800c63c       0x5c build/stm32f7xx_hal_flash_ex.o
                0x0800c63c                FLASH_Erase_Sector
 .text.HAL_FLASHEx_Erase
                0x0800c698       0x90 build/stm32f7xx_hal_flash_ex.o
                0x0800c698                HAL_FLASHEx_Erase
 .text.HAL_GPIO_Init
                0x0800c728      0x1dc build/stm32f7xx_hal_gpio.o
                0x0800c728                HAL_GPIO_Init
 .text.HAL_GPIO_ReadPin
                0x0800c904        0xe build/stm32f7xx_hal_gpio.o
                0x0800c904                HAL_GPIO_ReadPin
 .text.HAL_GPIO_WritePin
                0x0800c912        0xc build/stm32f7xx_hal_gpio.o
                0x0800c912                HAL_GPIO_WritePin
 .text.DMA_SetConfig
                0x0800c91e       0x2c build/stm32f7xx_hal_dma.o
 .text.HAL_DMA_Start_IT
                0x0800c94a       0x74 build/stm32f7xx_hal_dma.o
                0x0800c94a                HAL_DMA_Start_IT
 .text.HAL_DMA_GetError
                0x0800c9be        0x4 build/stm32f7xx_hal_dma.o
                0x0800c9be                HAL_DMA_GetError
 *fill*         0x0800c9c2        0x2 
 .text.HAL_PWR_EnableBkUpAccess
                0x0800c9c4       0x10 build/stm32f7xx_hal_pwr.o
                0x0800c9c4                HAL_PWR_EnableBkUpAccess
 .text.HAL_PWREx_EnableOverDrive
                0x0800c9d4       0x7c build/stm32f7xx_hal_pwr_ex.o
                0x0800c9d4                HAL_PWREx_EnableOverDrive
 .text.HAL_NVIC_SetPriorityGrouping
                0x0800ca50       0x24 build/stm32f7xx_hal_cortex.o
                0x0800ca50                HAL_NVIC_SetPriorityGrouping
 .text.HAL_NVIC_SetPriority
                0x0800ca74       0x64 build/stm32f7xx_hal_cortex.o
                0x0800ca74                HAL_NVIC_SetPriority
 .text.HAL_NVIC_EnableIRQ
                0x0800cad8       0x1c build/stm32f7xx_hal_cortex.o
                0x0800cad8                HAL_NVIC_EnableIRQ
 .text.HAL_Init
                0x0800caf4       0x16 build/stm32f7xx_hal.o
                0x0800caf4                HAL_Init
 *fill*         0x0800cb0a        0x2 
 .text.HAL_IncTick
                0x0800cb0c       0x18 build/stm32f7xx_hal.o
                0x0800cb0c                HAL_IncTick
 .text.HAL_GetTick
                0x0800cb24        0xc build/stm32f7xx_hal.o
                0x0800cb24                HAL_GetTick
 .text.HAL_Delay
                0x0800cb30       0x28 build/stm32f7xx_hal.o
                0x0800cb30                HAL_Delay
 .text.HAL_I2C_Init
                0x0800cb58       0xbc build/stm32f7xx_hal_i2c.o
                0x0800cb58                HAL_I2C_Init
 .text.HAL_I2CEx_ConfigAnalogFilter
                0x0800cc14       0x5c build/stm32f7xx_hal_i2c_ex.o
                0x0800cc14                HAL_I2CEx_ConfigAnalogFilter
 .text.HAL_I2CEx_ConfigDigitalFilter
                0x0800cc70       0x58 build/stm32f7xx_hal_i2c_ex.o
                0x0800cc70                HAL_I2CEx_ConfigDigitalFilter
 .text.HCD_RXQLVL_IRQHandler
                0x0800ccc8       0x7c build/stm32f7xx_hal_hcd.o
 .text.HAL_HCD_HC_Init
                0x0800cd44       0xa0 build/stm32f7xx_hal_hcd.o
                0x0800cd44                HAL_HCD_HC_Init
 .text.HAL_HCD_HC_Halt
                0x0800cde4       0x24 build/stm32f7xx_hal_hcd.o
                0x0800cde4                HAL_HCD_HC_Halt
 .text.HAL_HCD_Init
                0x0800ce08       0x94 build/stm32f7xx_hal_hcd.o
                0x0800ce08                HAL_HCD_Init
 .text.HAL_HCD_HC_SubmitRequest
                0x0800ce9c      0x194 build/stm32f7xx_hal_hcd.o
                0x0800ce9c                HAL_HCD_HC_SubmitRequest
 .text.HCD_Port_IRQHandler
                0x0800d030       0xb0 build/stm32f7xx_hal_hcd.o
 .text.HCD_HC_IN_IRQHandler
                0x0800d0e0      0x346 build/stm32f7xx_hal_hcd.o
 .text.HCD_HC_OUT_IRQHandler
                0x0800d426      0x2ae build/stm32f7xx_hal_hcd.o
 .text.HAL_HCD_IRQHandler
                0x0800d6d4      0x146 build/stm32f7xx_hal_hcd.o
                0x0800d6d4                HAL_HCD_IRQHandler
 .text.HAL_HCD_Start
                0x0800d81a       0x2c build/stm32f7xx_hal_hcd.o
                0x0800d81a                HAL_HCD_Start
 .text.HAL_HCD_Stop
                0x0800d846       0x24 build/stm32f7xx_hal_hcd.o
                0x0800d846                HAL_HCD_Stop
 .text.HAL_HCD_ResetPort
                0x0800d86a        0xa build/stm32f7xx_hal_hcd.o
                0x0800d86a                HAL_HCD_ResetPort
 .text.HAL_HCD_HC_GetURBState
                0x0800d874        0xe build/stm32f7xx_hal_hcd.o
                0x0800d874                HAL_HCD_HC_GetURBState
 .text.HAL_HCD_HC_GetXferCount
                0x0800d882        0xc build/stm32f7xx_hal_hcd.o
                0x0800d882                HAL_HCD_HC_GetXferCount
 .text.HAL_HCD_GetCurrentFrame
                0x0800d88e        0xa build/stm32f7xx_hal_hcd.o
                0x0800d88e                HAL_HCD_GetCurrentFrame
 .text.HAL_HCD_GetCurrentSpeed
                0x0800d898        0xa build/stm32f7xx_hal_hcd.o
                0x0800d898                HAL_HCD_GetCurrentSpeed
 *fill*         0x0800d8a2        0x2 
 .text.USB_CoreReset
                0x0800d8a4       0x3c build/stm32f7xx_ll_usb.o
 .text.USB_CoreInit
                0x0800d8e0       0x7c build/stm32f7xx_ll_usb.o
                0x0800d8e0                USB_CoreInit
 .text.USB_EnableGlobalInt
                0x0800d95c        0xc build/stm32f7xx_ll_usb.o
                0x0800d95c                USB_EnableGlobalInt
 .text.USB_DisableGlobalInt
                0x0800d968        0xc build/stm32f7xx_ll_usb.o
                0x0800d968                USB_DisableGlobalInt
 .text.USB_SetCurrentMode
                0x0800d974       0x30 build/stm32f7xx_ll_usb.o
                0x0800d974                USB_SetCurrentMode
 .text.USB_FlushTxFifo
                0x0800d9a4       0x28 build/stm32f7xx_ll_usb.o
                0x0800d9a4                USB_FlushTxFifo
 .text.USB_FlushRxFifo
                0x0800d9cc       0x24 build/stm32f7xx_ll_usb.o
                0x0800d9cc                USB_FlushRxFifo
 .text.USB_WritePacket
                0x0800d9f0       0x28 build/stm32f7xx_ll_usb.o
                0x0800d9f0                USB_WritePacket
 .text.USB_ReadPacket
                0x0800da18       0x28 build/stm32f7xx_ll_usb.o
                0x0800da18                USB_ReadPacket
 .text.USB_ReadInterrupts
                0x0800da40        0x8 build/stm32f7xx_ll_usb.o
                0x0800da40                USB_ReadInterrupts
 .text.USB_GetMode
                0x0800da48        0x8 build/stm32f7xx_ll_usb.o
                0x0800da48                USB_GetMode
 .text.USB_InitFSLSPClkSel
                0x0800da50       0x40 build/stm32f7xx_ll_usb.o
                0x0800da50                USB_InitFSLSPClkSel
 .text.USB_ResetPort
                0x0800da90       0x3e build/stm32f7xx_ll_usb.o
                0x0800da90                USB_ResetPort
 .text.USB_DriveVbus
                0x0800dace       0x46 build/stm32f7xx_ll_usb.o
                0x0800dace                USB_DriveVbus
 .text.USB_HostInit
                0x0800db14       0xec build/stm32f7xx_ll_usb.o
                0x0800db14                USB_HostInit
 .text.USB_GetHostSpeed
                0x0800dc00       0x16 build/stm32f7xx_ll_usb.o
                0x0800dc00                USB_GetHostSpeed
 .text.USB_GetCurrentFrame
                0x0800dc16        0xa build/stm32f7xx_ll_usb.o
                0x0800dc16                USB_GetCurrentFrame
 .text.USB_HC_Init
                0x0800dc20      0x108 build/stm32f7xx_ll_usb.o
                0x0800dc20                USB_HC_Init
 .text.USB_HC_ReadInterrupt
                0x0800dd28        0xa build/stm32f7xx_ll_usb.o
                0x0800dd28                USB_HC_ReadInterrupt
 .text.USB_HC_Halt
                0x0800dd32       0xdc build/stm32f7xx_ll_usb.o
                0x0800dd32                USB_HC_Halt
 *fill*         0x0800de0e        0x2 
 .text.USB_DoPing
                0x0800de10       0x24 build/stm32f7xx_ll_usb.o
                0x0800de10                USB_DoPing
 .text.USB_HC_StartXfer
                0x0800de34      0x158 build/stm32f7xx_ll_usb.o
                0x0800de34                USB_HC_StartXfer
 .text.USB_StopHost
                0x0800df8c       0x7e build/stm32f7xx_ll_usb.o
                0x0800df8c                USB_StopHost
 *fill*         0x0800e00a        0x2 
 .text.ADC_Init
                0x0800e00c      0x134 build/stm32f7xx_hal_adc.o
 .text.HAL_ADC_Init
                0x0800e140       0x58 build/stm32f7xx_hal_adc.o
                0x0800e140                HAL_ADC_Init
 .text.HAL_ADC_ConfigChannel
                0x0800e198      0x1cc build/stm32f7xx_hal_adc.o
                0x0800e198                HAL_ADC_ConfigChannel
 .text.HAL_CRC_Init
                0x0800e364       0x80 build/stm32f7xx_hal_crc.o
                0x0800e364                HAL_CRC_Init
 .text.HAL_CRCEx_Polynomial_Set
                0x0800e3e4       0x6c build/stm32f7xx_hal_crc_ex.o
                0x0800e3e4                HAL_CRCEx_Polynomial_Set
 .text.HAL_DCMI_Init
                0x0800e450       0xa0 build/stm32f7xx_hal_dcmi.o
                0x0800e450                HAL_DCMI_Init
 .text.HAL_DMA2D_Init
                0x0800e4f0       0x5c build/stm32f7xx_hal_dma2d.o
                0x0800e4f0                HAL_DMA2D_Init
 .text.HAL_DMA2D_LineEventCallback
                0x0800e54c        0x2 build/stm32f7xx_hal_dma2d.o
                0x0800e54c                HAL_DMA2D_LineEventCallback
 .text.HAL_DMA2D_CLUTLoadingCpltCallback
                0x0800e54e        0x2 build/stm32f7xx_hal_dma2d.o
                0x0800e54e                HAL_DMA2D_CLUTLoadingCpltCallback
 .text.HAL_DMA2D_IRQHandler
                0x0800e550      0x13c build/stm32f7xx_hal_dma2d.o
                0x0800e550                HAL_DMA2D_IRQHandler
 .text.HAL_DMA2D_ConfigLayer
                0x0800e68c       0xc4 build/stm32f7xx_hal_dma2d.o
                0x0800e68c                HAL_DMA2D_ConfigLayer
 .text.FMC_SDRAM_Init
                0x0800e750       0x74 build/stm32f7xx_ll_fmc.o
                0x0800e750                FMC_SDRAM_Init
 .text.FMC_SDRAM_Timing_Init
                0x0800e7c4       0x98 build/stm32f7xx_ll_fmc.o
                0x0800e7c4                FMC_SDRAM_Timing_Init
 .text.HAL_SDRAM_Init
                0x0800e85c       0x3e build/stm32f7xx_hal_sdram.o
                0x0800e85c                HAL_SDRAM_Init
 *fill*         0x0800e89a        0x2 
 .text.LTDC_SetConfig
                0x0800e89c      0x194 build/stm32f7xx_hal_ltdc.o
 .text.HAL_LTDC_Init
                0x0800ea30       0xf4 build/stm32f7xx_hal_ltdc.o
                0x0800ea30                HAL_LTDC_Init
 .text.HAL_LTDC_ErrorCallback
                0x0800eb24        0x2 build/stm32f7xx_hal_ltdc.o
                0x0800eb24                HAL_LTDC_ErrorCallback
 .text.HAL_LTDC_LineEventCallback
                0x0800eb26        0x2 build/stm32f7xx_hal_ltdc.o
                0x0800eb26                HAL_LTDC_LineEventCallback
 .text.HAL_LTDC_ReloadEventCallback
                0x0800eb28        0x2 build/stm32f7xx_hal_ltdc.o
                0x0800eb28                HAL_LTDC_ReloadEventCallback
 .text.HAL_LTDC_IRQHandler
                0x0800eb2a       0xda build/stm32f7xx_hal_ltdc.o
                0x0800eb2a                HAL_LTDC_IRQHandler
 .text.HAL_LTDC_ConfigLayer
                0x0800ec04       0x5c build/stm32f7xx_hal_ltdc.o
                0x0800ec04                HAL_LTDC_ConfigLayer
 .text.QSPI_WaitFlagStateUntilTimeout
                0x0800ec60       0x4c build/stm32f7xx_hal_qspi.o
 .text.HAL_QSPI_SetTimeout
                0x0800ecac        0x4 build/stm32f7xx_hal_qspi.o
                0x0800ecac                HAL_QSPI_SetTimeout
 .text.HAL_QSPI_Init
                0x0800ecb0       0xb4 build/stm32f7xx_hal_qspi.o
                0x0800ecb0                HAL_QSPI_Init
 .text.HAL_RTC_WaitForSynchro
                0x0800ed64       0x32 build/stm32f7xx_hal_rtc.o
                0x0800ed64                HAL_RTC_WaitForSynchro
 .text.RTC_EnterInitMode
                0x0800ed96       0x3c build/stm32f7xx_hal_rtc.o
                0x0800ed96                RTC_EnterInitMode
 *fill*         0x0800edd2        0x2 
 .text.HAL_RTC_Init
                0x0800edd4       0xa4 build/stm32f7xx_hal_rtc.o
                0x0800edd4                HAL_RTC_Init
 .text.RTC_ByteToBcd2
                0x0800ee78       0x16 build/stm32f7xx_hal_rtc.o
                0x0800ee78                RTC_ByteToBcd2
 *fill*         0x0800ee8e        0x2 
 .text.HAL_RTC_SetTime
                0x0800ee90      0x100 build/stm32f7xx_hal_rtc.o
                0x0800ee90                HAL_RTC_SetTime
 .text.HAL_RTC_SetDate
                0x0800ef90       0xdc build/stm32f7xx_hal_rtc.o
                0x0800ef90                HAL_RTC_SetDate
 .text.HAL_RTC_SetAlarm
                0x0800f06c      0x160 build/stm32f7xx_hal_rtc.o
                0x0800f06c                HAL_RTC_SetAlarm
 .text.HAL_RTCEx_SetTimeStamp
                0x0800f1cc       0x5c build/stm32f7xx_hal_rtc_ex.o
                0x0800f1cc                HAL_RTCEx_SetTimeStamp
 .text.SAI_Disable
                0x0800f228       0x44 build/stm32f7xx_hal_sai.o
 .text.HAL_SAI_Init
                0x0800f26c      0x208 build/stm32f7xx_hal_sai.o
                0x0800f26c                HAL_SAI_Init
 .text.SDMMC_GetCmdError
                0x0800f474       0x38 build/stm32f7xx_ll_sdmmc.o
 .text.SDMMC_GetCmdResp2
                0x0800f4ac       0x60 build/stm32f7xx_ll_sdmmc.o
 .text.SDMMC_GetCmdResp3
                0x0800f50c       0x50 build/stm32f7xx_ll_sdmmc.o
 .text.SDMMC_GetCmdResp7
                0x0800f55c       0x6c build/stm32f7xx_ll_sdmmc.o
 .text.SDMMC_Init
                0x0800f5c8       0x38 build/stm32f7xx_ll_sdmmc.o
                0x0800f5c8                SDMMC_Init
 .text.SDMMC_ReadFIFO
                0x0800f600        0x6 build/stm32f7xx_ll_sdmmc.o
                0x0800f600                SDMMC_ReadFIFO
 .text.SDMMC_PowerState_ON
                0x0800f606       0x10 build/stm32f7xx_ll_sdmmc.o
                0x0800f606                SDMMC_PowerState_ON
 .text.SDMMC_GetPowerState
                0x0800f616        0x8 build/stm32f7xx_ll_sdmmc.o
                0x0800f616                SDMMC_GetPowerState
 *fill*         0x0800f61e        0x2 
 .text.SDMMC_SendCommand
                0x0800f620       0x24 build/stm32f7xx_ll_sdmmc.o
                0x0800f620                SDMMC_SendCommand
 .text.SDMMC_GetCommandResponse
                0x0800f644        0x6 build/stm32f7xx_ll_sdmmc.o
                0x0800f644                SDMMC_GetCommandResponse
 .text.SDMMC_GetResponse
                0x0800f64a        0x6 build/stm32f7xx_ll_sdmmc.o
                0x0800f64a                SDMMC_GetResponse
 .text.SDMMC_GetCmdResp1
                0x0800f650      0x158 build/stm32f7xx_ll_sdmmc.o
 .text.SDMMC_GetCmdResp6
                0x0800f7a8       0xa4 build/stm32f7xx_ll_sdmmc.o
 .text.SDMMC_ConfigData
                0x0800f84c       0x24 build/stm32f7xx_ll_sdmmc.o
                0x0800f84c                SDMMC_ConfigData
 .text.SDMMC_CmdBlockLength
                0x0800f870       0x30 build/stm32f7xx_ll_sdmmc.o
                0x0800f870                SDMMC_CmdBlockLength
 .text.SDMMC_CmdReadSingleBlock
                0x0800f8a0       0x30 build/stm32f7xx_ll_sdmmc.o
                0x0800f8a0                SDMMC_CmdReadSingleBlock
 .text.SDMMC_CmdReadMultiBlock
                0x0800f8d0       0x30 build/stm32f7xx_ll_sdmmc.o
                0x0800f8d0                SDMMC_CmdReadMultiBlock
 .text.SDMMC_CmdWriteSingleBlock
                0x0800f900       0x30 build/stm32f7xx_ll_sdmmc.o
                0x0800f900                SDMMC_CmdWriteSingleBlock
 .text.SDMMC_CmdWriteMultiBlock
                0x0800f930       0x30 build/stm32f7xx_ll_sdmmc.o
                0x0800f930                SDMMC_CmdWriteMultiBlock
 .text.SDMMC_CmdStopTransfer
                0x0800f960       0x34 build/stm32f7xx_ll_sdmmc.o
                0x0800f960                SDMMC_CmdStopTransfer
 .text.SDMMC_CmdSelDesel
                0x0800f994       0x30 build/stm32f7xx_ll_sdmmc.o
                0x0800f994                SDMMC_CmdSelDesel
 .text.SDMMC_CmdGoIdleState
                0x0800f9c4       0x26 build/stm32f7xx_ll_sdmmc.o
                0x0800f9c4                SDMMC_CmdGoIdleState
 .text.SDMMC_CmdOperCond
                0x0800f9ea       0x2e build/stm32f7xx_ll_sdmmc.o
                0x0800f9ea                SDMMC_CmdOperCond
 .text.SDMMC_CmdAppCommand
                0x0800fa18       0x30 build/stm32f7xx_ll_sdmmc.o
                0x0800fa18                SDMMC_CmdAppCommand
 .text.SDMMC_CmdAppOperCommand
                0x0800fa48       0x34 build/stm32f7xx_ll_sdmmc.o
                0x0800fa48                SDMMC_CmdAppOperCommand
 .text.SDMMC_CmdBusWidth
                0x0800fa7c       0x30 build/stm32f7xx_ll_sdmmc.o
                0x0800fa7c                SDMMC_CmdBusWidth
 .text.SDMMC_CmdSendSCR
                0x0800faac       0x30 build/stm32f7xx_ll_sdmmc.o
                0x0800faac                SDMMC_CmdSendSCR
 .text.SDMMC_CmdSendCID
                0x0800fadc       0x2a build/stm32f7xx_ll_sdmmc.o
                0x0800fadc                SDMMC_CmdSendCID
 .text.SDMMC_CmdSendCSD
                0x0800fb06       0x2a build/stm32f7xx_ll_sdmmc.o
                0x0800fb06                SDMMC_CmdSendCSD
 .text.SDMMC_CmdSetRelAdd
                0x0800fb30       0x30 build/stm32f7xx_ll_sdmmc.o
                0x0800fb30                SDMMC_CmdSetRelAdd
 .text.SDMMC_CmdSendStatus
                0x0800fb60       0x30 build/stm32f7xx_ll_sdmmc.o
                0x0800fb60                SDMMC_CmdSendStatus
 .text.SD_DMATransmitCplt
                0x0800fb90        0xe build/stm32f7xx_hal_sd.o
 *fill*         0x0800fb9e        0x2 
 .text.SD_PowerON
                0x0800fba0       0xc0 build/stm32f7xx_hal_sd.o
 .text.SD_FindSCR
                0x0800fc60      0x106 build/stm32f7xx_hal_sd.o
 .text.SD_WideBus_Enable
                0x0800fd66       0x56 build/stm32f7xx_hal_sd.o
 .text.SD_WideBus_Disable
                0x0800fdbc       0x56 build/stm32f7xx_hal_sd.o
 .text.SD_SendStatus
                0x0800fe12       0x2c build/stm32f7xx_hal_sd.o
 *fill*         0x0800fe3e        0x2 
 .text.HAL_SD_ReadBlocks_DMA
                0x0800fe40      0x140 build/stm32f7xx_hal_sd.o
                0x0800fe40                HAL_SD_ReadBlocks_DMA
 .text.HAL_SD_WriteBlocks_DMA
                0x0800ff80      0x140 build/stm32f7xx_hal_sd.o
                0x0800ff80                HAL_SD_WriteBlocks_DMA
 .text.HAL_SD_ErrorCallback
                0x080100c0        0x2 build/stm32f7xx_hal_sd.o
                0x080100c0                HAL_SD_ErrorCallback
 .text.SD_DMAReceiveCplt
                0x080100c2       0x48 build/stm32f7xx_hal_sd.o
 *fill*         0x0801010a        0x2 
 .text.HAL_SD_GetCardCSD
                0x0801010c      0x1bc build/stm32f7xx_hal_sd.o
                0x0801010c                HAL_SD_GetCardCSD
 .text.SD_InitCard
                0x080102c8      0x100 build/stm32f7xx_hal_sd.o
 .text.HAL_SD_InitCard
                0x080103c8       0x82 build/stm32f7xx_hal_sd.o
                0x080103c8                HAL_SD_InitCard
 .text.HAL_SD_Init
                0x0801044a       0x3e build/stm32f7xx_hal_sd.o
                0x0801044a                HAL_SD_Init
 .text.HAL_SD_GetCardInfo
                0x08010488       0x24 build/stm32f7xx_hal_sd.o
                0x08010488                HAL_SD_GetCardInfo
 .text.HAL_SD_ConfigWideBusOperation
                0x080104ac       0xa4 build/stm32f7xx_hal_sd.o
                0x080104ac                HAL_SD_ConfigWideBusOperation
 .text.HAL_SD_GetCardState
                0x08010550       0x26 build/stm32f7xx_hal_sd.o
                0x08010550                HAL_SD_GetCardState
 *fill*         0x08010576        0x2 
 .text.SD_DMAError
                0x08010578       0x68 build/stm32f7xx_hal_sd.o
 .text.HAL_SPDIFRX_Init
                0x080105e0       0x70 build/stm32f7xx_hal_spdifrx.o
                0x080105e0                HAL_SPDIFRX_Init
 .text.HAL_SPI_Init
                0x08010650       0xba build/stm32f7xx_hal_spi.o
                0x08010650                HAL_SPI_Init
 *fill*         0x0801070a        0x2 
 .text.TIM_OC1_SetConfig
                0x0801070c       0x68 build/stm32f7xx_hal_tim.o
 .text.TIM_OC3_SetConfig
                0x08010774       0x70 build/stm32f7xx_hal_tim.o
 .text.TIM_OC4_SetConfig
                0x080107e4       0x54 build/stm32f7xx_hal_tim.o
 .text.TIM_OC5_SetConfig
                0x08010838       0x54 build/stm32f7xx_hal_tim.o
 .text.TIM_OC6_SetConfig
                0x0801088c       0x54 build/stm32f7xx_hal_tim.o
 .text.TIM_TI1_ConfigInputStage
                0x080108e0       0x26 build/stm32f7xx_hal_tim.o
 .text.TIM_TI2_ConfigInputStage
                0x08010906       0x28 build/stm32f7xx_hal_tim.o
 .text.TIM_ITRx_SetConfig
                0x0801092e       0x10 build/stm32f7xx_hal_tim.o
 *fill*         0x0801093e        0x2 
 .text.HAL_TIM_Base_Start_IT
                0x08010940       0x2c build/stm32f7xx_hal_tim.o
                0x08010940                HAL_TIM_Base_Start_IT
 .text.HAL_TIM_OC_DelayElapsedCallback
                0x0801096c        0x2 build/stm32f7xx_hal_tim.o
                0x0801096c                HAL_TIM_OC_DelayElapsedCallback
 .text.HAL_TIM_IC_CaptureCallback
                0x0801096e        0x2 build/stm32f7xx_hal_tim.o
                0x0801096e                HAL_TIM_IC_CaptureCallback
 .text.HAL_TIM_PWM_PulseFinishedCallback
                0x08010970        0x2 build/stm32f7xx_hal_tim.o
                0x08010970                HAL_TIM_PWM_PulseFinishedCallback
 .text.HAL_TIM_TriggerCallback
                0x08010972        0x2 build/stm32f7xx_hal_tim.o
                0x08010972                HAL_TIM_TriggerCallback
 .text.HAL_TIM_IRQHandler
                0x08010974      0x19a build/stm32f7xx_hal_tim.o
                0x08010974                HAL_TIM_IRQHandler
 *fill*         0x08010b0e        0x2 
 .text.TIM_Base_SetConfig
                0x08010b10      0x10c build/stm32f7xx_hal_tim.o
                0x08010b10                TIM_Base_SetConfig
 .text.HAL_TIM_Base_Init
                0x08010c1c       0x32 build/stm32f7xx_hal_tim.o
                0x08010c1c                HAL_TIM_Base_Init
 .text.HAL_TIM_PWM_Init
                0x08010c4e       0x32 build/stm32f7xx_hal_tim.o
                0x08010c4e                HAL_TIM_PWM_Init
 .text.TIM_OC2_SetConfig
                0x08010c80       0x70 build/stm32f7xx_hal_tim.o
                0x08010c80                TIM_OC2_SetConfig
 .text.HAL_TIM_PWM_ConfigChannel
                0x08010cf0      0x134 build/stm32f7xx_hal_tim.o
                0x08010cf0                HAL_TIM_PWM_ConfigChannel
 .text.TIM_ETR_SetConfig
                0x08010e24       0x18 build/stm32f7xx_hal_tim.o
                0x08010e24                TIM_ETR_SetConfig
 .text.HAL_TIM_ConfigClockSource
                0x08010e3c       0xdc build/stm32f7xx_hal_tim.o
                0x08010e3c                HAL_TIM_ConfigClockSource
 .text.HAL_TIMEx_MasterConfigSynchronization
                0x08010f18       0xa0 build/stm32f7xx_hal_tim_ex.o
                0x08010f18                HAL_TIMEx_MasterConfigSynchronization
 .text.HAL_TIMEx_ConfigBreakDeadTime
                0x08010fb8       0x90 build/stm32f7xx_hal_tim_ex.o
                0x08010fb8                HAL_TIMEx_ConfigBreakDeadTime
 .text.HAL_TIMEx_CommutCallback
                0x08011048        0x2 build/stm32f7xx_hal_tim_ex.o
                0x08011048                HAL_TIMEx_CommutCallback
 .text.HAL_TIMEx_BreakCallback
                0x0801104a        0x2 build/stm32f7xx_hal_tim_ex.o
                0x0801104a                HAL_TIMEx_BreakCallback
 .text.HAL_TIMEx_Break2Callback
                0x0801104c        0x2 build/stm32f7xx_hal_tim_ex.o
                0x0801104c                HAL_TIMEx_Break2Callback
 *fill*         0x0801104e        0x2 
 .text.UART_SetConfig
                0x08011050      0x370 build/stm32f7xx_hal_uart.o
                0x08011050                UART_SetConfig
 .text.UART_AdvFeatureConfig
                0x080113c0       0xca build/stm32f7xx_hal_uart.o
                0x080113c0                UART_AdvFeatureConfig
 .text.UART_WaitOnFlagUntilTimeout
                0x0801148a       0x9c build/stm32f7xx_hal_uart.o
                0x0801148a                UART_WaitOnFlagUntilTimeout
 .text.HAL_UART_Transmit
                0x08011526       0xdc build/stm32f7xx_hal_uart.o
                0x08011526                HAL_UART_Transmit
 .text.UART_CheckIdleState
                0x08011602       0x44 build/stm32f7xx_hal_uart.o
                0x08011602                UART_CheckIdleState
 .text.HAL_UART_Init
                0x08011646       0x62 build/stm32f7xx_hal_uart.o
                0x08011646                HAL_UART_Init
 .text.SystemInit
                0x080116a8       0x1c build/system_stm32f7xx.o
                0x080116a8                SystemInit
 .text.FATFS_LinkDriverEx
                0x080116c4       0x48 build/ff_gen_drv.o
                0x080116c4                FATFS_LinkDriverEx
 .text.FATFS_LinkDriver
                0x0801170c        0xa build/ff_gen_drv.o
                0x0801170c                FATFS_LinkDriver
 .text.vListInitialise
                0x08011716       0x16 build/list.o
                0x08011716                vListInitialise
 .text.vListInitialiseItem
                0x0801172c        0x6 build/list.o
                0x0801172c                vListInitialiseItem
 .text.vListInsertEnd
                0x08011732       0x18 build/list.o
                0x08011732                vListInsertEnd
 .text.vListInsert
                0x0801174a       0x34 build/list.o
                0x0801174a                vListInsert
 .text.uxListRemove
                0x0801177e       0x28 build/list.o
                0x0801177e                uxListRemove
 .text.prvGetDisinheritPriorityAfterTimeout
                0x080117a6       0x12 build/queue.o
 .text.prvIsQueueFull
                0x080117b8       0x1e build/queue.o
 .text.prvIsQueueEmpty
                0x080117d6       0x1a build/queue.o
 .text.prvCopyDataToQueue
                0x080117f0       0x76 build/queue.o
 .text.prvCopyDataFromQueue
                0x08011866       0x24 build/queue.o
 .text.prvUnlockQueue
                0x0801188a       0x6e build/queue.o
 .text.xQueueGenericReset
                0x080118f8       0x88 build/queue.o
                0x080118f8                xQueueGenericReset
 .text.prvInitialiseNewQueue
                0x08011980       0x1c build/queue.o
 .text.xQueueGenericCreateStatic
                0x0801199c       0xba build/queue.o
                0x0801199c                xQueueGenericCreateStatic
 .text.xQueueGenericCreate
                0x08011a56       0x52 build/queue.o
                0x08011a56                xQueueGenericCreate
 .text.xQueueCreateCountingSemaphoreStatic
                0x08011aa8       0x52 build/queue.o
                0x08011aa8                xQueueCreateCountingSemaphoreStatic
 .text.xQueueCreateCountingSemaphore
                0x08011afa       0x48 build/queue.o
                0x08011afa                xQueueCreateCountingSemaphore
 *fill*         0x08011b42        0x2 
 .text.xQueueGenericSend
                0x08011b44      0x18c build/queue.o
                0x08011b44                xQueueGenericSend
 .text.prvInitialiseMutex
                0x08011cd0       0x18 build/queue.o
 .text.xQueueCreateMutex
                0x08011ce8       0x16 build/queue.o
                0x08011ce8                xQueueCreateMutex
 .text.xQueueCreateMutexStatic
                0x08011cfe       0x1e build/queue.o
                0x08011cfe                xQueueCreateMutexStatic
 .text.xQueueGenericSendFromISR
                0x08011d1c       0xdc build/queue.o
                0x08011d1c                xQueueGenericSendFromISR
 .text.xQueueGiveFromISR
                0x08011df8       0xc2 build/queue.o
                0x08011df8                xQueueGiveFromISR
 *fill*         0x08011eba        0x2 
 .text.xQueueReceive
                0x08011ebc      0x164 build/queue.o
                0x08011ebc                xQueueReceive
 .text.xQueueSemaphoreTake
                0x08012020      0x1ac build/queue.o
                0x08012020                xQueueSemaphoreTake
 .text.xQueueReceiveFromISR
                0x080121cc       0xb6 build/queue.o
                0x080121cc                xQueueReceiveFromISR
 *fill*         0x08012282        0x2 
 .text.prvResetNextTaskUnblockTime
                0x08012284       0x2c build/tasks.o
 .text.prvInitialiseNewTask
                0x080122b0       0x9c build/tasks.o
 .text.prvInitialiseTaskLists
                0x0801234c       0x68 build/tasks.o
 .text.prvAddNewTaskToReadyList
                0x080123b4       0xa8 build/tasks.o
 .text.prvDeleteTCB
                0x0801245c       0x3c build/tasks.o
 .text.prvCheckTasksWaitingTermination
                0x08012498       0x4c build/tasks.o
 .text.prvAddCurrentTaskToDelayedList
                0x080124e4       0xa0 build/tasks.o
 .text.prvIdleTask
                0x08012584       0x30 build/tasks.o
 .text.xTaskCreateStatic
                0x080125b4       0x80 build/tasks.o
                0x080125b4                xTaskCreateStatic
 .text.xTaskCreate
                0x08012634       0x66 build/tasks.o
                0x08012634                xTaskCreate
 *fill*         0x0801269a        0x2 
 .text.vTaskStartScheduler
                0x0801269c       0x70 build/tasks.o
                0x0801269c                vTaskStartScheduler
 .text.vTaskSuspendAll
                0x0801270c       0x10 build/tasks.o
                0x0801270c                vTaskSuspendAll
 .text.xTaskGetTickCount
                0x0801271c        0xc build/tasks.o
                0x0801271c                xTaskGetTickCount
 .text.xTaskGetTickCountFromISR
                0x08012728       0x10 build/tasks.o
                0x08012728                xTaskGetTickCountFromISR
 .text.xTaskIncrementTick
                0x08012738      0x11c build/tasks.o
                0x08012738                xTaskIncrementTick
 .text.xTaskResumeAll
                0x08012854       0xf8 build/tasks.o
                0x08012854                xTaskResumeAll
 .text.vTaskDelay
                0x0801294c       0x50 build/tasks.o
                0x0801294c                vTaskDelay
 .text.vTaskSwitchContext
                0x0801299c       0xcc build/tasks.o
                0x0801299c                vTaskSwitchContext
 .text.vTaskPlaceOnEventList
                0x08012a68       0x34 build/tasks.o
                0x08012a68                vTaskPlaceOnEventList
 .text.xTaskRemoveFromEventList
                0x08012a9c       0x90 build/tasks.o
                0x08012a9c                xTaskRemoveFromEventList
 .text.vTaskInternalSetTimeOutState
                0x08012b2c       0x18 build/tasks.o
                0x08012b2c                vTaskInternalSetTimeOutState
 .text.xTaskCheckForTimeOut
                0x08012b44       0x88 build/tasks.o
                0x08012b44                xTaskCheckForTimeOut
 .text.vTaskMissedYield
                0x08012bcc        0xc build/tasks.o
                0x08012bcc                vTaskMissedYield
 .text.xTaskGetSchedulerState
                0x08012bd8       0x20 build/tasks.o
                0x08012bd8                xTaskGetSchedulerState
 .text.xTaskPriorityInherit
                0x08012bf8       0xb8 build/tasks.o
                0x08012bf8                xTaskPriorityInherit
 .text.xTaskPriorityDisinherit
                0x08012cb0       0xb8 build/tasks.o
                0x08012cb0                xTaskPriorityDisinherit
 .text.vTaskPriorityDisinheritAfterTimeout
                0x08012d68       0xc8 build/tasks.o
                0x08012d68                vTaskPriorityDisinheritAfterTimeout
 .text.pvTaskIncrementMutexHeldCount
                0x08012e30       0x1c build/tasks.o
                0x08012e30                pvTaskIncrementMutexHeldCount
 .text.makeFreeRtosPriority
                0x08012e4c        0xc build/cmsis_os.o
 .text.inHandlerMode
                0x08012e58        0xc build/cmsis_os.o
 .text.osKernelStart
                0x08012e64        0xa build/cmsis_os.o
                0x08012e64                osKernelStart
 .text.osKernelRunning
                0x08012e6e       0x12 build/cmsis_os.o
                0x08012e6e                osKernelRunning
 .text.osKernelSysTick
                0x08012e80       0x14 build/cmsis_os.o
                0x08012e80                osKernelSysTick
 .text.osThreadCreate
                0x08012e94       0x6c build/cmsis_os.o
                0x08012e94                osThreadCreate
 .text.osDelay  0x08012f00       0x12 build/cmsis_os.o
                0x08012f00                osDelay
 .text.osMutexCreate
                0x08012f12       0x16 build/cmsis_os.o
                0x08012f12                osMutexCreate
 .text.osMutexWait
                0x08012f28       0x70 build/cmsis_os.o
                0x08012f28                osMutexWait
 .text.osMutexRelease
                0x08012f98       0x5c build/cmsis_os.o
                0x08012f98                osMutexRelease
 .text.osSemaphoreCreate
                0x08012ff4       0x58 build/cmsis_os.o
                0x08012ff4                osSemaphoreCreate
 .text.osSemaphoreWait
                0x0801304c       0x70 build/cmsis_os.o
                0x0801304c                osSemaphoreWait
 .text.osSemaphoreRelease
                0x080130bc       0x5c build/cmsis_os.o
                0x080130bc                osSemaphoreRelease
 .text.osMessageCreate
                0x08013118       0x28 build/cmsis_os.o
                0x08013118                osMessageCreate
 .text.osMessagePut
                0x08013140       0x68 build/cmsis_os.o
                0x08013140                osMessagePut
 .text.osMessageGet
                0x080131a8       0xa0 build/cmsis_os.o
                0x080131a8                osMessageGet
 .text.prvHeapInit
                0x08013248       0x64 build/heap_4.o
 .text.prvInsertBlockIntoFreeList
                0x080132ac       0x58 build/heap_4.o
 .text.pvPortMalloc
                0x08013304      0x128 build/heap_4.o
                0x08013304                pvPortMalloc
 .text.vPortFree
                0x0801342c       0x78 build/heap_4.o
                0x0801342c                vPortFree
 .text.prvTaskExitError
                0x080134a4       0x48 build/port.o
 .text.prvPortStartFirstTask
                0x080134ec       0x28 build/port.o
 .text.vPortEnableVFP
                0x08013514       0x14 build/port.o
 .text.pxPortInitialiseStack
                0x08013528       0x2c build/port.o
                0x08013528                pxPortInitialiseStack
 *fill*         0x08013554        0xc 
 .text.SVC_Handler
                0x08013560       0x24 build/port.o
                0x08013560                SVC_Handler
 .text.vPortEnterCritical
                0x08013584       0x4c build/port.o
                0x08013584                vPortEnterCritical
 .text.vPortExitCritical
                0x080135d0       0x30 build/port.o
                0x080135d0                vPortExitCritical
 .text.PendSV_Handler
                0x08013600       0x64 build/port.o
                0x08013600                PendSV_Handler
 .text.SysTick_Handler
                0x08013664       0x30 build/port.o
                0x08013664                SysTick_Handler
 .text.vPortSetupTimerInterrupt
                0x08013694       0x38 build/port.o
                0x08013694                vPortSetupTimerInterrupt
 .text.xPortStartScheduler
                0x080136cc       0xd0 build/port.o
                0x080136cc                xPortStartScheduler
 .text.vPortValidateInterruptPriority
                0x0801379c       0x64 build/port.o
                0x0801379c                vPortValidateInterruptPriority
 .text.ethernet_input
                0x08013800       0xa8 build/ethernet.o
                0x08013800                ethernet_input
 .text.ethernet_output
                0x080138a8       0x70 build/ethernet.o
                0x080138a8                ethernet_output
 .text.tcpip_timeouts_mbox_fetch
                0x08013918       0x60 build/tcpip.o
 .text.tcpip_thread_handle_msg
                0x08013978       0x60 build/tcpip.o
 .text.tcpip_thread
                0x080139d8       0x54 build/tcpip.o
 .text.tcpip_inpkt
                0x08013a2c       0x68 build/tcpip.o
                0x08013a2c                tcpip_inpkt
 .text.tcpip_input
                0x08013a94       0x24 build/tcpip.o
                0x08013a94                tcpip_input
 .text.tcpip_try_callback
                0x08013ab8       0x64 build/tcpip.o
                0x08013ab8                tcpip_try_callback
 .text.tcpip_init
                0x08013b1c       0x84 build/tcpip.o
                0x08013b1c                tcpip_init
 .text.lwip_htons
                0x08013ba0        0xa build/def.o
                0x08013ba0                lwip_htons
 .text.lwip_htonl
                0x08013baa       0x18 build/def.o
                0x08013baa                lwip_htonl
 .text.lwip_init
                0x08013bc2       0x20 build/init.o
                0x08013bc2                lwip_init
 *fill*         0x08013be2        0x2 
 .text.ptr_to_mem
                0x08013be4        0xc build/mem.o
 .text.mem_to_ptr
                0x08013bf0       0x10 build/mem.o
 .text.mem_link_valid
                0x08013c00       0x5c build/mem.o
 .text.plug_holes
                0x08013c5c      0x100 build/mem.o
 .text.mem_init
                0x08013d5c       0x68 build/mem.o
                0x08013d5c                mem_init
 .text.mem_free
                0x08013dc4       0xf0 build/mem.o
                0x08013dc4                mem_free
 .text.mem_trim
                0x08013eb4      0x19c build/mem.o
                0x08013eb4                mem_trim
 .text.mem_malloc
                0x08014050      0x184 build/mem.o
                0x08014050                mem_malloc
 .text.do_memp_malloc_pool
                0x080141d4       0x48 build/memp.o
 .text.do_memp_free_pool
                0x0801421c       0x3c build/memp.o
 .text.memp_init_pool
                0x08014258       0x28 build/memp.o
                0x08014258                memp_init_pool
 .text.memp_init
                0x08014280       0x20 build/memp.o
                0x08014280                memp_init
 .text.memp_malloc
                0x080142a0       0x34 build/memp.o
                0x080142a0                memp_malloc
 .text.memp_free
                0x080142d4       0x34 build/memp.o
                0x080142d4                memp_free
 .text.netif_do_set_netmask
                0x08014308       0x18 build/netif.o
 .text.netif_do_set_gw
                0x08014320       0x18 build/netif.o
 .text.netif_null_output_ip4
                0x08014338        0x6 build/netif.o
 .text.netif_do_ip_addr_changed
                0x0801433e       0x14 build/netif.o
 *fill*         0x08014352        0x2 
 .text.netif_issue_reports
                0x08014354       0x50 build/netif.o
 .text.netif_do_set_ipaddr
                0x080143a4       0x6c build/netif.o
 .text.netif_init
                0x08014410        0x2 build/netif.o
                0x08014410                netif_init
 *fill*         0x08014412        0x2 
 .text.netif_set_addr
                0x08014414       0x6c build/netif.o
                0x08014414                netif_set_addr
 .text.netif_add
                0x08014480      0x124 build/netif.o
                0x08014480                netif_add
 .text.netif_set_default
                0x080145a4        0xc build/netif.o
                0x080145a4                netif_set_default
 .text.netif_set_up
                0x080145b0       0x3c build/netif.o
                0x080145b0                netif_set_up
 .text.netif_set_down
                0x080145ec       0x40 build/netif.o
                0x080145ec                netif_set_down
 .text.netif_set_link_up
                0x0801462c       0x50 build/netif.o
                0x0801462c                netif_set_link_up
 .text.netif_set_link_down
                0x0801467c       0x3c build/netif.o
                0x0801467c                netif_set_link_down
 .text.netif_set_link_callback
                0x080146b8        0x6 build/netif.o
                0x080146b8                netif_set_link_callback
 *fill*         0x080146be        0x2 
 .text.netif_get_by_index
                0x080146c0       0x24 build/netif.o
                0x080146c0                netif_get_by_index
 .text.pbuf_init_alloced_pbuf
                0x080146e4       0x24 build/pbuf.o
 .text.pbuf_add_header_impl
                0x08014708       0x84 build/pbuf.o
 .text.pbuf_pool_is_empty
                0x0801478c       0x3c build/pbuf.o
 .text.pbuf_free_ooseq
                0x080147c8       0x2c build/pbuf.o
 .text.pbuf_free_ooseq_callback
                0x080147f4        0x8 build/pbuf.o
 .text.pbuf_alloc_reference
                0x080147fc       0x50 build/pbuf.o
                0x080147fc                pbuf_alloc_reference
 .text.pbuf_alloced_custom
                0x0801484c       0x3a build/pbuf.o
                0x0801484c                pbuf_alloced_custom
 .text.pbuf_add_header
                0x08014886        0xa build/pbuf.o
                0x08014886                pbuf_add_header
 .text.pbuf_remove_header
                0x08014890       0x74 build/pbuf.o
                0x08014890                pbuf_remove_header
 .text.pbuf_header_impl
                0x08014904       0x14 build/pbuf.o
 .text.pbuf_header_force
                0x08014918        0xa build/pbuf.o
                0x08014918                pbuf_header_force
 *fill*         0x08014922        0x2 
 .text.pbuf_free
                0x08014924       0xd0 build/pbuf.o
                0x08014924                pbuf_free
 .text.pbuf_alloc
                0x080149f4      0x15c build/pbuf.o
                0x080149f4                pbuf_alloc
 .text.pbuf_realloc
                0x08014b50       0xa8 build/pbuf.o
                0x08014b50                pbuf_realloc
 .text.pbuf_clen
                0x08014bf8       0x12 build/pbuf.o
                0x08014bf8                pbuf_clen
 *fill*         0x08014c0a        0x2 
 .text.pbuf_ref
                0x08014c0c       0x38 build/pbuf.o
                0x08014c0c                pbuf_ref
 .text.pbuf_cat
                0x08014c44       0x80 build/pbuf.o
                0x08014c44                pbuf_cat
 .text.pbuf_chain
                0x08014cc4       0x10 build/pbuf.o
                0x08014cc4                pbuf_chain
 .text.pbuf_copy
                0x08014cd4      0x130 build/pbuf.o
                0x08014cd4                pbuf_copy
 .text.pbuf_copy_partial
                0x08014e04       0x94 build/pbuf.o
                0x08014e04                pbuf_copy_partial
 .text.pbuf_clone
                0x08014e98       0x38 build/pbuf.o
                0x08014e98                pbuf_clone
 .text.tcp_remove_listener
                0x08014ed0       0x34 build/tcp.o
 .text.tcp_listen_closed
                0x08014f04       0x5c build/tcp.o
 .text.tcp_free_listen
                0x08014f60       0x30 build/tcp.o
 .text.tcp_close_shutdown_fin
                0x08014f90       0x88 build/tcp.o
 .text.tcp_handle_closepend
                0x08015018       0x2c build/tcp.o
 .text.tcp_init
                0x08015044       0x18 build/tcp.o
                0x08015044                tcp_init
 .text.tcp_free
                0x0801505c       0x30 build/tcp.o
                0x0801505c                tcp_free
 .text.tcp_update_rcv_ann_wnd
                0x0801508c       0x74 build/tcp.o
                0x0801508c                tcp_update_rcv_ann_wnd
 .text.tcp_recved
                0x08015100       0x78 build/tcp.o
                0x08015100                tcp_recved
 .text.tcp_seg_free
                0x08015178       0x1a build/tcp.o
                0x08015178                tcp_seg_free
 .text.tcp_segs_free
                0x08015192       0x14 build/tcp.o
                0x08015192                tcp_segs_free
 *fill*         0x080151a6        0x2 
 .text.tcp_seg_copy
                0x080151a8       0x48 build/tcp.o
                0x080151a8                tcp_seg_copy
 .text.tcp_next_iss
                0x080151f0       0x38 build/tcp.o
                0x080151f0                tcp_next_iss
 .text.tcp_eff_send_mss_netif
                0x08015228       0x40 build/tcp.o
                0x08015228                tcp_eff_send_mss_netif
 .text.tcp_free_ooseq
                0x08015268       0x16 build/tcp.o
                0x08015268                tcp_free_ooseq
 *fill*         0x0801527e        0x2 
 .text.tcp_pcb_purge
                0x08015280       0x6c build/tcp.o
                0x08015280                tcp_pcb_purge
 .text.tcp_pcb_remove
                0x080152ec       0xd0 build/tcp.o
                0x080152ec                tcp_pcb_remove
 .text.tcp_abandon
                0x080153bc      0x10c build/tcp.o
                0x080153bc                tcp_abandon
 .text.tcp_abort
                0x080154c8        0xa build/tcp.o
                0x080154c8                tcp_abort
 *fill*         0x080154d2        0x2 
 .text.tcp_kill_timewait
                0x080154d4       0x34 build/tcp.o
 .text.tcp_kill_prio
                0x08015508       0x50 build/tcp.o
 .text.tcp_netif_ip_addr_changed_pcblist
                0x08015558       0x40 build/tcp.o
 .text.tcp_netif_ip_addr_changed
                0x08015598       0x54 build/tcp.o
                0x08015598                tcp_netif_ip_addr_changed
 .text.tcp_kill_state
                0x080155ec       0x64 build/tcp.o
 .text.tcp_alloc
                0x08015650       0xc4 build/tcp.o
                0x08015650                tcp_alloc
 .text.tcp_close_shutdown
                0x08015714      0x14c build/tcp.o
 .text.tcp_close
                0x08015860       0x40 build/tcp.o
                0x08015860                tcp_close
 .text.tcp_recv_null
                0x080158a0       0x48 build/tcp.o
                0x080158a0                tcp_recv_null
 .text.tcp_process_refused_data
                0x080158e8       0x8c build/tcp.o
                0x080158e8                tcp_process_refused_data
 .text.tcp_fasttmr
                0x08015974       0x80 build/tcp.o
                0x08015974                tcp_fasttmr
 .text.tcp_slowtmr
                0x080159f4      0x4b4 build/tcp.o
                0x080159f4                tcp_slowtmr
 .text.tcp_tmr  0x08015ea8       0x24 build/tcp.o
                0x08015ea8                tcp_tmr
 .text.tcp_get_next_optbyte
                0x08015ecc       0x3c build/tcp_in.o
 .text.tcp_parseopt
                0x08015f08       0xa4 build/tcp_in.o
 .text.tcp_input_delayed_close
                0x08015fac       0x60 build/tcp_in.o
 .text.tcp_timewait_input
                0x0801600c       0xb4 build/tcp_in.o
 .text.tcp_listen_input
                0x080160c0      0x150 build/tcp_in.o
 .text.tcp_free_acked_segments
                0x08016210       0xc4 build/tcp_in.o
 .text.tcp_oos_insert_segment
                0x080162d4       0xa8 build/tcp_in.o
 .text.tcp_receive
                0x0801637c      0x938 build/tcp_in.o
 .text.tcp_process
                0x08016cb4      0x588 build/tcp_in.o
 .text.tcp_input
                0x0801723c      0x5a4 build/tcp_in.o
                0x0801723c                tcp_input
 .text.tcp_trigger_input_pcb_close
                0x080177e0       0x10 build/tcp_in.o
                0x080177e0                tcp_trigger_input_pcb_close
 .text.tcp_output_segment_busy
                0x080177f0       0x34 build/tcp_out.o
 .text.tcp_output_fill_options
                0x08017824       0x4c build/tcp_out.o
 .text.tcp_create_segment
                0x08017870       0xe8 build/tcp_out.o
 .text.tcp_output_alloc_header_common
                0x08017958       0x98 build/tcp_out.o
 .text.tcp_output_alloc_header
                0x080179f0       0x58 build/tcp_out.o
 .text.tcp_route
                0x08017a48       0x16 build/tcp_out.o
 *fill*         0x08017a5e        0x2 
 .text.tcp_output_segment
                0x08017a60      0x13c build/tcp_out.o
 .text.tcp_output_control_segment
                0x08017b9c       0x6c build/tcp_out.o
 .text.tcp_split_unsent_seg
                0x08017c08      0x1ac build/tcp_out.o
                0x08017c08                tcp_split_unsent_seg
 .text.tcp_enqueue_flags
                0x08017db4      0x154 build/tcp_out.o
                0x08017db4                tcp_enqueue_flags
 .text.tcp_send_fin
                0x08017f08       0x64 build/tcp_out.o
                0x08017f08                tcp_send_fin
 .text.tcp_rexmit_rto_prepare
                0x08017f6c       0x94 build/tcp_out.o
                0x08017f6c                tcp_rexmit_rto_prepare
 .text.tcp_rexmit
                0x08018000       0x88 build/tcp_out.o
                0x08018000                tcp_rexmit
 .text.tcp_rexmit_fast
                0x08018088       0x7c build/tcp_out.o
                0x08018088                tcp_rexmit_fast
 .text.tcp_rst  0x08018104       0x90 build/tcp_out.o
                0x08018104                tcp_rst
 .text.tcp_send_empty_ack
                0x08018194       0x78 build/tcp_out.o
                0x08018194                tcp_send_empty_ack
 .text.tcp_output
                0x0801820c      0x2a0 build/tcp_out.o
                0x0801820c                tcp_output
 .text.tcp_rexmit_rto_commit
                0x080184ac       0x38 build/tcp_out.o
                0x080184ac                tcp_rexmit_rto_commit
 .text.tcp_rexmit_rto
                0x080184e4       0x34 build/tcp_out.o
                0x080184e4                tcp_rexmit_rto
 .text.tcp_keepalive
                0x08018518       0x5c build/tcp_out.o
                0x08018518                tcp_keepalive
 .text.tcp_zero_window_probe
                0x08018574       0xdc build/tcp_out.o
                0x08018574                tcp_zero_window_probe
 .text.sys_timeout_abs
                0x08018650       0x70 build/timeouts.o
 .text.lwip_cyclic_timer
                0x080186c0       0x3c build/timeouts.o
 .text.sys_timeout
                0x080186fc       0x3c build/timeouts.o
                0x080186fc                sys_timeout
 .text.tcp_timer_needed
                0x08018738       0x3c build/timeouts.o
                0x08018738                tcp_timer_needed
 .text.tcpip_tcp_timer
                0x08018774       0x38 build/timeouts.o
 .text.sys_timeouts_init
                0x080187ac       0x28 build/timeouts.o
                0x080187ac                sys_timeouts_init
 .text.sys_check_timeouts
                0x080187d4       0x40 build/timeouts.o
                0x080187d4                sys_check_timeouts
 .text.sys_timeouts_sleeptime
                0x08018814       0x48 build/timeouts.o
                0x08018814                sys_timeouts_sleeptime
 .text.udp_new_port
                0x0801885c       0x4c build/udp.o
 .text.udp_input_local_match
                0x080188a8       0xa0 build/udp.o
 .text.udp_init
                0x08018948       0x18 build/udp.o
                0x08018948                udp_init
 .text.udp_input
                0x08018960      0x184 build/udp.o
                0x08018960                udp_input
 .text.udp_bind
                0x08018ae4       0xbc build/udp.o
                0x08018ae4                udp_bind
 .text.udp_sendto_if_src
                0x08018ba0      0x174 build/udp.o
                0x08018ba0                udp_sendto_if_src
 .text.udp_sendto_if
                0x08018d14       0xa4 build/udp.o
                0x08018d14                udp_sendto_if
 .text.udp_connect
                0x08018db8       0x88 build/udp.o
                0x08018db8                udp_connect
 .text.udp_recv
                0x08018e40       0x28 build/udp.o
                0x08018e40                udp_recv
 .text.udp_remove
                0x08018e68       0x54 build/udp.o
                0x08018e68                udp_remove
 .text.udp_new  0x08018ebc       0x1c build/udp.o
                0x08018ebc                udp_new
 .text.udp_netif_ip_addr_changed
                0x08018ed8       0x38 build/udp.o
                0x08018ed8                udp_netif_ip_addr_changed
 .text.dhcp_set_state
                0x08018f10       0x10 build/dhcp.o
 .text.dhcp_option_short
                0x08018f20       0x3c build/dhcp.o
 .text.dhcp_option
                0x08018f5c       0x3c build/dhcp.o
 .text.dhcp_option_byte
                0x08018f98       0x30 build/dhcp.o
 .text.dhcp_option_long
                0x08018fc8       0x50 build/dhcp.o
 .text.dhcp_create_msg
                0x08019018      0x13c build/dhcp.o
 .text.dhcp_handle_ack
                0x08019154       0x7c build/dhcp.o
 .text.dhcp_option_trailer
                0x080191d0       0x32 build/dhcp.o
 *fill*         0x08019202        0x2 
 .text.dhcp_rebind
                0x08019204       0xf0 build/dhcp.o
 .text.dhcp_t2_timeout
                0x080192f4       0x36 build/dhcp.o
 *fill*         0x0801932a        0x2 
 .text.dhcp_reboot
                0x0801932c      0x114 build/dhcp.o
 .text.dhcp_select
                0x08019440      0x180 build/dhcp.o
 .text.dhcp_handle_offer
                0x080195c0       0x30 build/dhcp.o
 .text.dhcp_discover
                0x080195f0       0xf4 build/dhcp.o
 .text.dhcp_decline
                0x080196e4       0x9c build/dhcp.o
 .text.dhcp_check
                0x08019780       0x2a build/dhcp.o
 *fill*         0x080197aa        0x2 
 .text.dhcp_bind
                0x080197ac      0x128 build/dhcp.o
 .text.dhcp_handle_nak
                0x080198d4       0x24 build/dhcp.o
 .text.dhcp_dec_pcb_refcount
                0x080198f8       0x48 build/dhcp.o
 .text.dhcp_inc_pcb_refcount
                0x08019940       0x7c build/dhcp.o
 .text.dhcp_parse_reply
                0x080199bc      0x498 build/dhcp.o
 .text.dhcp_recv
                0x08019e54       0xec build/dhcp.o
 .text.dhcp_network_changed
                0x08019f40       0x54 build/dhcp.o
                0x08019f40                dhcp_network_changed
 .text.dhcp_arp_reply
                0x08019f94       0x40 build/dhcp.o
                0x08019f94                dhcp_arp_reply
 .text.dhcp_renew
                0x08019fd4       0xec build/dhcp.o
                0x08019fd4                dhcp_renew
 .text.dhcp_t1_timeout
                0x0801a0c0       0x34 build/dhcp.o
 .text.dhcp_supplied_address
                0x0801a0f4       0x2a build/dhcp.o
                0x0801a0f4                dhcp_supplied_address
 *fill*         0x0801a11e        0x2 
 .text.dhcp_release_and_stop
                0x0801a120       0xc4 build/dhcp.o
                0x0801a120                dhcp_release_and_stop
 .text.dhcp_start
                0x0801a1e4       0xc4 build/dhcp.o
                0x0801a1e4                dhcp_start
 .text.dhcp_coarse_tmr
                0x0801a2a8       0x64 build/dhcp.o
                0x0801a2a8                dhcp_coarse_tmr
 .text.dhcp_timeout
                0x0801a30c       0x5e build/dhcp.o
 *fill*         0x0801a36a        0x2 
 .text.dhcp_fine_tmr
                0x0801a36c       0x34 build/dhcp.o
                0x0801a36c                dhcp_fine_tmr
 .text.etharp_free_entry
                0x0801a3a0       0x34 build/etharp.o
 .text.etharp_find_entry
                0x0801a3d4      0x1c8 build/etharp.o
 .text.etharp_update_arp_entry
                0x0801a59c       0xcc build/etharp.o
 .text.etharp_raw
                0x0801a668       0xe4 build/etharp.o
 .text.etharp_request_dst
                0x0801a74c       0x28 build/etharp.o
 .text.etharp_cleanup_netif
                0x0801a774       0x38 build/etharp.o
                0x0801a774                etharp_cleanup_netif
 .text.etharp_input
                0x0801a7ac       0xc8 build/etharp.o
                0x0801a7ac                etharp_input
 .text.etharp_request
                0x0801a874       0x10 build/etharp.o
                0x0801a874                etharp_request
 .text.etharp_tmr
                0x0801a884       0x88 build/etharp.o
                0x0801a884                etharp_tmr
 .text.etharp_output_to_arp_index
                0x0801a90c       0xd4 build/etharp.o
 .text.etharp_query
                0x0801a9e0      0x1b8 build/etharp.o
                0x0801a9e0                etharp_query
 .text.etharp_output
                0x0801ab98      0x178 build/etharp.o
                0x0801ab98                etharp_output
 .text.icmp_send_response
                0x0801ad10       0xb0 build/icmp.o
 .text.icmp_input
                0x0801adc0      0x148 build/icmp.o
                0x0801adc0                icmp_input
 .text.icmp_dest_unreach
                0x0801af08        0xc build/icmp.o
                0x0801af08                icmp_dest_unreach
 .text.icmp_time_exceeded
                0x0801af14        0xc build/icmp.o
                0x0801af14                icmp_time_exceeded
 .text.ip4_input_accept
                0x0801af20       0x38 build/ip4.o
 .text.ip4_route
                0x0801af58       0xc0 build/ip4.o
                0x0801af58                ip4_route
 .text.ip4_input
                0x0801b018      0x1b8 build/ip4.o
                0x0801b018                ip4_input
 .text.ip4_output_if_src
                0x0801b1d0      0x104 build/ip4.o
                0x0801b1d0                ip4_output_if_src
 .text.ip4_output_if
                0x0801b2d4       0x2a build/ip4.o
                0x0801b2d4                ip4_output_if
 .text.ip4_addr_isbroadcast_u32
                0x0801b2fe       0x40 build/ip4_addr.o
                0x0801b2fe                ip4_addr_isbroadcast_u32
 *fill*         0x0801b33e        0x2 
 .text.ip_reass_dequeue_datagram
                0x0801b340       0x48 build/ip4_frag.o
 .text.ip_reass_free_complete_datagram
                0x0801b388       0xf8 build/ip4_frag.o
 .text.ip_reass_remove_oldest_datagram
                0x0801b480       0x84 build/ip4_frag.o
 .text.ip_frag_free_pbuf_custom_ref
                0x0801b504       0x2c build/ip4_frag.o
 .text.ipfrag_free_pbuf_custom
                0x0801b530       0x34 build/ip4_frag.o
 .text.ip_reass_chain_frag_into_datagram_and_validate
                0x0801b564      0x1b0 build/ip4_frag.o
 .text.ip_frag_alloc_pbuf_custom_ref
                0x0801b714        0xa build/ip4_frag.o
 *fill*         0x0801b71e        0x2 
 .text.ip_reass_enqueue_new_datagram
                0x0801b720       0x64 build/ip4_frag.o
 .text.ip_reass_tmr
                0x0801b784       0x2c build/ip4_frag.o
                0x0801b784                ip_reass_tmr
 .text.ip4_reass
                0x0801b7b0      0x220 build/ip4_frag.o
                0x0801b7b0                ip4_reass
 .text.ip4_frag
                0x0801b9d0      0x1f0 build/ip4_frag.o
                0x0801b9d0                ip4_frag
 .text.sys_mbox_new
                0x0801bbc0       0x28 build/sys_arch.o
                0x0801bbc0                sys_mbox_new
 .text.sys_mbox_trypost
                0x0801bbe8       0x14 build/sys_arch.o
                0x0801bbe8                sys_mbox_trypost
 .text.sys_arch_mbox_fetch
                0x0801bbfc       0x5a build/sys_arch.o
                0x0801bbfc                sys_arch_mbox_fetch
 .text.sys_mbox_valid
                0x0801bc56        0xc build/sys_arch.o
                0x0801bc56                sys_mbox_valid
 *fill*         0x0801bc62        0x2 
 .text.sys_init
                0x0801bc64       0x18 build/sys_arch.o
                0x0801bc64                sys_init
 .text.sys_mutex_new
                0x0801bc7c       0x22 build/sys_arch.o
                0x0801bc7c                sys_mutex_new
 .text.sys_mutex_lock
                0x0801bc9e        0xe build/sys_arch.o
                0x0801bc9e                sys_mutex_lock
 .text.sys_mutex_unlock
                0x0801bcac        0xa build/sys_arch.o
                0x0801bcac                sys_mutex_unlock
 .text.sys_thread_new
                0x0801bcb6       0x34 build/sys_arch.o
                0x0801bcb6                sys_thread_new
 *fill*         0x0801bcea        0x2 
 .text.sys_arch_protect
                0x0801bcec       0x18 build/sys_arch.o
                0x0801bcec                sys_arch_protect
 .text.sys_arch_unprotect
                0x0801bd04       0x10 build/sys_arch.o
                0x0801bd04                sys_arch_unprotect
 .text.DeInitStateMachine
                0x0801bd14       0x54 build/usbh_core.o
 .text.USBH_HandleSof
                0x0801bd68       0x1a build/usbh_core.o
 .text.USBH_HandleEnum
                0x0801bd82      0x2c6 build/usbh_core.o
 .text.USBH_Init
                0x0801c048       0x7c build/usbh_core.o
                0x0801c048                USBH_Init
 .text.USBH_RegisterClass
                0x0801c0c4       0x22 build/usbh_core.o
                0x0801c0c4                USBH_RegisterClass
 .text.USBH_SelectInterface
                0x0801c0e6       0x14 build/usbh_core.o
                0x0801c0e6                USBH_SelectInterface
 .text.USBH_FindInterface
                0x0801c0fa       0x50 build/usbh_core.o
                0x0801c0fa                USBH_FindInterface
 .text.USBH_Start
                0x0801c14a       0x14 build/usbh_core.o
                0x0801c14a                USBH_Start
 .text.USBH_Process
                0x0801c15e      0x316 build/usbh_core.o
                0x0801c15e                USBH_Process
 .text.USBH_Process_OS
                0x0801c474       0x22 build/usbh_core.o
 .text.USBH_LL_SetTimer
                0x0801c496        0x6 build/usbh_core.o
                0x0801c496                USBH_LL_SetTimer
 .text.USBH_LL_IncTimer
                0x0801c49c       0x12 build/usbh_core.o
                0x0801c49c                USBH_LL_IncTimer
 .text.USBH_LL_PortEnabled
                0x0801c4ae       0x18 build/usbh_core.o
                0x0801c4ae                USBH_LL_PortEnabled
 .text.USBH_LL_PortDisabled
                0x0801c4c6        0x8 build/usbh_core.o
                0x0801c4c6                USBH_LL_PortDisabled
 .text.USBH_LL_Connect
                0x0801c4ce       0x24 build/usbh_core.o
                0x0801c4ce                USBH_LL_Connect
 .text.USBH_LL_Disconnect
                0x0801c4f2       0x3c build/usbh_core.o
                0x0801c4f2                USBH_LL_Disconnect
 .text.USBH_LL_NotifyURBChange
                0x0801c52e       0x16 build/usbh_core.o
                0x0801c52e                USBH_LL_NotifyURBChange
 .text.USBH_ParseDevDesc
                0x0801c544       0x5c build/usbh_ctlreq.o
 .text.USBH_ParseInterfaceDesc
                0x0801c5a0       0x26 build/usbh_ctlreq.o
 .text.USBH_ParseEPDesc
                0x0801c5c6       0x20 build/usbh_ctlreq.o
 .text.USBH_ParseStringDesc
                0x0801c5e6       0x3c build/usbh_ctlreq.o
 .text.USBH_HandleControl
                0x0801c622      0x2dc build/usbh_ctlreq.o
 .text.USBH_GetNextDesc
                0x0801c8fe        0xe build/usbh_ctlreq.o
                0x0801c8fe                USBH_GetNextDesc
 .text.USBH_ParseCfgDesc
                0x0801c90c       0xc2 build/usbh_ctlreq.o
 .text.USBH_CtlReq
                0x0801c9ce       0x6e build/usbh_ctlreq.o
                0x0801c9ce                USBH_CtlReq
 .text.USBH_GetDescriptor
                0x0801ca3c       0x3c build/usbh_ctlreq.o
                0x0801ca3c                USBH_GetDescriptor
 .text.USBH_Get_DevDesc
                0x0801ca78       0x32 build/usbh_ctlreq.o
                0x0801ca78                USBH_Get_DevDesc
 .text.USBH_Get_CfgDesc
                0x0801caaa       0x32 build/usbh_ctlreq.o
                0x0801caaa                USBH_Get_CfgDesc
 .text.USBH_Get_StringDesc
                0x0801cadc       0x30 build/usbh_ctlreq.o
                0x0801cadc                USBH_Get_StringDesc
 .text.USBH_SetAddress
                0x0801cb0c       0x22 build/usbh_ctlreq.o
                0x0801cb0c                USBH_SetAddress
 .text.USBH_SetCfg
                0x0801cb2e       0x22 build/usbh_ctlreq.o
                0x0801cb2e                USBH_SetCfg
 .text.USBH_SetFeature
                0x0801cb50       0x22 build/usbh_ctlreq.o
                0x0801cb50                USBH_SetFeature
 .text.USBH_ClrFeature
                0x0801cb72       0x24 build/usbh_ctlreq.o
                0x0801cb72                USBH_ClrFeature
 .text.USBH_CtlSendSetup
                0x0801cb96       0x22 build/usbh_ioreq.o
                0x0801cb96                USBH_CtlSendSetup
 .text.USBH_CtlSendData
                0x0801cbb8       0x2c build/usbh_ioreq.o
                0x0801cbb8                USBH_CtlSendData
 .text.USBH_CtlReceiveData
                0x0801cbe4       0x20 build/usbh_ioreq.o
                0x0801cbe4                USBH_CtlReceiveData
 .text.USBH_BulkSendData
                0x0801cc04       0x2c build/usbh_ioreq.o
                0x0801cc04                USBH_BulkSendData
 .text.USBH_BulkReceiveData
                0x0801cc30       0x20 build/usbh_ioreq.o
                0x0801cc30                USBH_BulkReceiveData
 .text.USBH_GetFreePipe
                0x0801cc50       0x26 build/usbh_pipes.o
 .text.USBH_OpenPipe
                0x0801cc76       0x20 build/usbh_pipes.o
                0x0801cc76                USBH_OpenPipe
 .text.USBH_ClosePipe
                0x0801cc96        0xa build/usbh_pipes.o
                0x0801cc96                USBH_ClosePipe
 .text.USBH_AllocPipe
                0x0801cca0       0x26 build/usbh_pipes.o
                0x0801cca0                USBH_AllocPipe
 .text.USBH_FreePipe
                0x0801ccc6       0x16 build/usbh_pipes.o
                0x0801ccc6                USBH_FreePipe
 .text.USBH_CDC_SOFProcess
                0x0801ccdc        0x4 build/usbh_cdc.o
 .text.SetLineCoding
                0x0801cce0       0x1a build/usbh_cdc.o
 .text.GetLineCoding
                0x0801ccfa       0x1a build/usbh_cdc.o
 .text.USBH_CDC_ClassRequest
                0x0801cd14       0x22 build/usbh_cdc.o
 .text.USBH_CDC_InterfaceDeInit
                0x0801cd36       0x68 build/usbh_cdc.o
 .text.USBH_CDC_InterfaceInit
                0x0801cd9e      0x17e build/usbh_cdc.o