Archive member included to satisfy reference by file (symbol)

c:/vsarm/armcc/bin/../lib/gcc/arm-none-eabi/7.3.1/../../../../arm-none-eabi/lib/thumb/v7e-m/fpv4-sp/hard\libc_nano.a(lib_a-atoi.o)
                              build/netif.o (atoi)
c:/vsarm/armcc/bin/../lib/gcc/arm-none-eabi/7.3.1/../../../../arm-none-eabi/lib/thumb/v7e-m/fpv4-sp/hard\libc_nano.a(lib_a-exit.o)
                              c:/vsarm/armcc/bin/../lib/gcc/arm-none-eabi/7.3.1/../../../../arm-none-eabi/lib/thumb/v7e-m/fpv4-sp/hard/crt0.o (exit)
c:/vsarm/armcc/bin/../lib/gcc/arm-none-eabi/7.3.1/../../../../arm-none-eabi/lib/thumb/v7e-m/fpv4-sp/hard\libc_nano.a(lib_a-impure.o)
                              c:/vsarm/armcc/bin/../lib/gcc/arm-none-eabi/7.3.1/../../../../arm-none-eabi/lib/thumb/v7e-m/fpv4-sp/hard\libc_nano.a(lib_a-exit.o) (_global_impure_ptr)
c:/vsarm/armcc/bin/../lib/gcc/arm-none-eabi/7.3.1/../../../../arm-none-eabi/lib/thumb/v7e-m/fpv4-sp/hard\libc_nano.a(lib_a-init.o)
                              c:/vsarm/armcc/bin/../lib/gcc/arm-none-eabi/7.3.1/../../../../arm-none-eabi/lib/thumb/v7e-m/fpv4-sp/hard/crt0.o (__libc_init_array)
c:/vsarm/armcc/bin/../lib/gcc/arm-none-eabi/7.3.1/../../../../arm-none-eabi/lib/thumb/v7e-m/fpv4-sp/hard\libc_nano.a(lib_a-locale.o)
                              build/ip4_addr.o (__locale_ctype_ptr)
c:/vsarm/armcc/bin/../lib/gcc/arm-none-eabi/7.3.1/../../../../arm-none-eabi/lib/thumb/v7e-m/fpv4-sp/hard\libc_nano.a(lib_a-mbtowc_r.o)
                              c:/vsarm/armcc/bin/../lib/gcc/arm-none-eabi/7.3.1/../../../../arm-none-eabi/lib/thumb/v7e-m/fpv4-sp/hard\libc_nano.a(lib_a-locale.o) (__ascii_mbtowc)
c:/vsarm/armcc/bin/../lib/gcc/arm-none-eabi/7.3.1/../../../../arm-none-eabi/lib/thumb/v7e-m/fpv4-sp/hard\libc_nano.a(lib_a-memcmp.o)
                              build/bridgeif_fdb.o (memcmp)
c:/vsarm/armcc/bin/../lib/gcc/arm-none-eabi/7.3.1/../../../../arm-none-eabi/lib/thumb/v7e-m/fpv4-sp/hard\libc_nano.a(lib_a-memcpy-stub.o)
                              build/ethernetif.o (memcpy)
c:/vsarm/armcc/bin/../lib/gcc/arm-none-eabi/7.3.1/../../../../arm-none-eabi/lib/thumb/v7e-m/fpv4-sp/hard\libc_nano.a(lib_a-memmove.o)
                              build/def.o (memmove)
c:/vsarm/armcc/bin/../lib/gcc/arm-none-eabi/7.3.1/../../../../arm-none-eabi/lib/thumb/v7e-m/fpv4-sp/hard\libc_nano.a(lib_a-memset.o)
                              c:/vsarm/armcc/bin/../lib/gcc/arm-none-eabi/7.3.1/../../../../arm-none-eabi/lib/thumb/v7e-m/fpv4-sp/hard/crt0.o (memset)
c:/vsarm/armcc/bin/../lib/gcc/arm-none-eabi/7.3.1/../../../../arm-none-eabi/lib/thumb/v7e-m/fpv4-sp/hard\libc_nano.a(lib_a-printf.o)
                              build/ethernetif.o (printf)
c:/vsarm/armcc/bin/../lib/gcc/arm-none-eabi/7.3.1/../../../../arm-none-eabi/lib/thumb/v7e-m/fpv4-sp/hard\libc_nano.a(lib_a-rand.o)
                              build/tcp.o (rand)
c:/vsarm/armcc/bin/../lib/gcc/arm-none-eabi/7.3.1/../../../../arm-none-eabi/lib/thumb/v7e-m/fpv4-sp/hard\libc_nano.a(lib_a-sprintf.o)
                              build/http_cgi_ssi.o (sprintf)
c:/vsarm/armcc/bin/../lib/gcc/arm-none-eabi/7.3.1/../../../../arm-none-eabi/lib/thumb/v7e-m/fpv4-sp/hard\libc_nano.a(lib_a-strchr.o)
                              build/httpd.o (strchr)
c:/vsarm/armcc/bin/../lib/gcc/arm-none-eabi/7.3.1/../../../../arm-none-eabi/lib/thumb/v7e-m/fpv4-sp/hard\libc_nano.a(lib_a-strcmp.o)
                              build/httpd.o (strcmp)
c:/vsarm/armcc/bin/../lib/gcc/arm-none-eabi/7.3.1/../../../../arm-none-eabi/lib/thumb/v7e-m/fpv4-sp/hard\libc_nano.a(lib_a-strcpy.o)
                              build/http_cgi_ssi.o (strcpy)
c:/vsarm/armcc/bin/../lib/gcc/arm-none-eabi/7.3.1/../../../../arm-none-eabi/lib/thumb/v7e-m/fpv4-sp/hard\libc_nano.a(lib_a-strlen.o)
                              build/def.o (strlen)
c:/vsarm/armcc/bin/../lib/gcc/arm-none-eabi/7.3.1/../../../../arm-none-eabi/lib/thumb/v7e-m/fpv4-sp/hard\libc_nano.a(lib_a-strncmp.o)
                              build/def.o (strncmp)
c:/vsarm/armcc/bin/../lib/gcc/arm-none-eabi/7.3.1/../../../../arm-none-eabi/lib/thumb/v7e-m/fpv4-sp/hard\libc_nano.a(lib_a-strtol.o)
                              c:/vsarm/armcc/bin/../lib/gcc/arm-none-eabi/7.3.1/../../../../arm-none-eabi/lib/thumb/v7e-m/fpv4-sp/hard\libc_nano.a(lib_a-atoi.o) (_strtol_r)
c:/vsarm/armcc/bin/../lib/gcc/arm-none-eabi/7.3.1/../../../../arm-none-eabi/lib/thumb/v7e-m/fpv4-sp/hard\libc_nano.a(lib_a-vsprintf.o)
                              build/printEx.o (vsprintf)
c:/vsarm/armcc/bin/../lib/gcc/arm-none-eabi/7.3.1/../../../../arm-none-eabi/lib/thumb/v7e-m/fpv4-sp/hard\libc_nano.a(lib_a-wctomb_r.o)
                              c:/vsarm/armcc/bin/../lib/gcc/arm-none-eabi/7.3.1/../../../../arm-none-eabi/lib/thumb/v7e-m/fpv4-sp/hard\libc_nano.a(lib_a-locale.o) (__ascii_wctomb)
c:/vsarm/armcc/bin/../lib/gcc/arm-none-eabi/7.3.1/../../../../arm-none-eabi/lib/thumb/v7e-m/fpv4-sp/hard\libc_nano.a(lib_a-ctype_.o)
[...]
Memory Configuration

Name             Origin             Length             Attributes
RAM              0x20000000         0x00050000         xrw
FLASH            0x08008000         0x000f8000         xr
*default*        0x00000000         0xffffffff

Linker script and memory map

LOAD c:/vsarm/armcc/bin/../lib/gcc/arm-none-eabi/7.3.1/thumb/v7e-m/fpv4-sp/hard/crti.o
LOAD c:/vsarm/armcc/bin/../lib/gcc/arm-none-eabi/7.3.1/thumb/v7e-m/fpv4-sp/hard/crtbegin.o
LOAD c:/vsarm/armcc/bin/../lib/gcc/arm-none-eabi/7.3.1/../../../../arm-none-eabi/lib/thumb/v7e-m/fpv4-sp/hard/crt0.o
LOAD build/main.o
LOAD build/freertos.o
LOAD build/stm32f7xx_it.o
LOAD build/stm32f7xx_hal_msp.o
LOAD build/stm32f7xx_hal_timebase_tim.o
LOAD build/ethernetif.o
LOAD build/lwip.o
LOAD build/stm32f7xx_hal_eth.o
LOAD build/stm32f7xx_hal_rcc.o
LOAD build/stm32f7xx_hal_rcc_ex.o
LOAD build/stm32f7xx_hal_flash.o
LOAD build/stm32f7xx_hal_flash_ex.o
LOAD build/stm32f7xx_hal_gpio.o
LOAD build/stm32f7xx_hal_dma.o
LOAD build/stm32f7xx_hal_dma_ex.o
LOAD build/stm32f7xx_hal_pwr.o
LOAD build/stm32f7xx_hal_pwr_ex.o
LOAD build/stm32f7xx_hal_cortex.o
LOAD build/stm32f7xx_hal.o
LOAD build/stm32f7xx_hal_i2c.o
LOAD build/stm32f7xx_hal_i2c_ex.o
LOAD build/stm32f7xx_hal_exti.o
LOAD build/stm32f7xx_hal_hcd.o
LOAD build/stm32f7xx_ll_usb.o
LOAD build/stm32f7xx_hal_adc.o
LOAD build/stm32f7xx_hal_adc_ex.o
LOAD build/stm32f7xx_hal_crc.o
LOAD build/stm32f7xx_hal_crc_ex.o
LOAD build/stm32f7xx_hal_dma2d.o
LOAD build/stm32f7xx_ll_fmc.o
LOAD build/stm32f7xx_hal_sdram.o
LOAD build/stm32f7xx_hal_ltdc.o
LOAD build/stm32f7xx_hal_ltdc_ex.o
LOAD build/stm32f7xx_hal_dsi.o
LOAD build/stm32f7xx_hal_qspi.o
LOAD build/stm32f7xx_hal_rtc.o
LOAD build/stm32f7xx_hal_rtc_ex.o
LOAD build/stm32f7xx_hal_sai.o
LOAD build/stm32f7xx_hal_sai_ex.o
LOAD build/stm32f7xx_ll_sdmmc.o
LOAD build/stm32f7xx_hal_sd.o
LOAD build/stm32f7xx_hal_spdifrx.o
LOAD build/stm32f7xx_hal_spi.o
LOAD build/stm32f7xx_hal_spi_ex.o
LOAD build/stm32f7xx_hal_tim.o
LOAD build/stm32f7xx_hal_tim_ex.o
LOAD build/stm32f7xx_hal_uart.o
LOAD build/stm32f7xx_hal_uart_ex.o
LOAD build/system_stm32f7xx.o
LOAD build/croutine.o
LOAD build/event_groups.o
LOAD build/list.o
LOAD build/queue.o
LOAD build/stream_buffer.o
LOAD build/tasks.o
LOAD build/timers.o
LOAD build/heap_4.o
LOAD build/port.o
LOAD build/auth.o
LOAD build/ccp.o
LOAD build/chap_ms.o
LOAD build/chap-md5.o
LOAD build/chap-new.o
LOAD build/demand.o
LOAD build/eap.o
LOAD build/eui64.o
LOAD build/fsm.o
LOAD build/ipcp.o
LOAD build/ipv6cp.o
LOAD build/lcp.o
LOAD build/magic.o
LOAD build/mppe.o
LOAD build/multilink.o
LOAD build/ppp.o
LOAD build/pppapi.o
LOAD build/pppcrypt.o
LOAD build/pppoe.o
LOAD build/pppol2tp.o
LOAD build/pppos.o
LOAD build/upap.o
LOAD build/utils.o
LOAD build/vj.o
LOAD build/bridgeif.o
LOAD build/bridgeif_fdb.o
LOAD build/ethernet.o
LOAD build/lowpan6.o
LOAD build/lowpan6_ble.o
LOAD build/lowpan6_common.o
LOAD build/slipif.o
LOAD build/zepif.o
LOAD build/ecp.o
LOAD build/api_lib.o
LOAD build/api_msg.o
LOAD build/err.o
LOAD build/if_api.o
LOAD build/netbuf.o
LOAD build/netdb.o
LOAD build/netifapi.o
LOAD build/sockets.o
LOAD build/tcpip.o
LOAD build/altcp.o
LOAD build/altcp_alloc.o
LOAD build/altcp_tcp.o
LOAD build/def.o
LOAD build/dns.o
LOAD build/inet_chksum.o
LOAD build/init.o
LOAD build/ip.o
LOAD build/mem.o
LOAD build/memp.o
LOAD build/netif.o
LOAD build/pbuf.o
LOAD build/raw.o
LOAD build/stats.o
LOAD build/sys.o
LOAD build/tcp.o
LOAD build/tcp_in.o
LOAD build/tcp_out.o
LOAD build/timeouts.o
LOAD build/udp.o
LOAD build/autoip.o
LOAD build/dhcp.o
LOAD build/etharp.o
LOAD build/icmp.o
LOAD build/igmp.o
LOAD build/ip4.o
LOAD build/ip4_addr.o
LOAD build/ip4_frag.o
LOAD build/dhcp6.o
LOAD build/ethip6.o
LOAD build/icmp6.o
LOAD build/inet6.o
LOAD build/ip6.o
LOAD build/ip6_addr.o
LOAD build/ip6_frag.o
LOAD build/mld6.o
LOAD build/nd6.o
LOAD build/sys_arch.o
LOAD build/mqtt.o
LOAD build/nvm.o
LOAD build/printEx.o
LOAD build/cmsis_os2.o
LOAD build/stm32f7xx_hal_dcmi.o
LOAD build/stm32f7xx_hal_dcmi_ex.o
LOAD build/httpserver-netconn.o
LOAD build/httpd.o
LOAD build/fs.o
LOAD build/http_cgi_ssi.o
LOAD build/startup_stm32f746xx.o
LOAD c:/vsarm/armcc/bin/../lib/gcc/arm-none-eabi/7.3.1/../../../../arm-none-eabi/lib/thumb/v7e-m/fpv4-sp/hard\libc_nano.a
LOAD c:/vsarm/armcc/bin/../lib/gcc/arm-none-eabi/7.3.1/../../../../arm-none-eabi/lib/thumb/v7e-m/fpv4-sp/hard\libm.a
LOAD c:/vsarm/armcc/bin/../lib/gcc/arm-none-eabi/7.3.1/../../../../arm-none-eabi/lib/thumb/v7e-m/fpv4-sp/hard\libnosys.a
START GROUP
LOAD c:/vsarm/armcc/bin/../lib/gcc/arm-none-eabi/7.3.1/thumb/v7e-m/fpv4-sp/hard\libgcc.a
LOAD c:/vsarm/armcc/bin/../lib/gcc/arm-none-eabi/7.3.1/../../../../arm-none-eabi/lib/thumb/v7e-m/fpv4-sp/hard\libc_nano.a
END GROUP
START GROUP
LOAD c:/vsarm/armcc/bin/../lib/gcc/arm-none-eabi/7.3.1/thumb/v7e-m/fpv4-sp/hard\libgcc.a
LOAD c:/vsarm/armcc/bin/../lib/gcc/arm-none-eabi/7.3.1/../../../../arm-none-eabi/lib/thumb/v7e-m/fpv4-sp/hard\libc_nano.a
END GROUP
LOAD c:/vsarm/armcc/bin/../lib/gcc/arm-none-eabi/7.3.1/thumb/v7e-m/fpv4-sp/hard/crtend.o
LOAD c:/vsarm/armcc/bin/../lib/gcc/arm-none-eabi/7.3.1/thumb/v7e-m/fpv4-sp/hard/crtn.o
                0x20050000                _estack = 0x20050000
                0x00000200                _Min_Heap_Size = 0x200
                0x00000460                _Min_Stack_Size = 0x460

.isr_vector     0x08008000      0x1c8
                0x08008000                . = ALIGN (0x4)
 *(.isr_vector)
 .isr_vector    0x08008000      0x1c8 build/startup_stm32f746xx.o
                0x08008000                g_pfnVectors
                0x080081c8                . = ALIGN (0x4)

.text           0x080081d0    0x149ac
                0x080081d0                . = ALIGN (0x4)
 *(.text)
 .text          0x080081d0       0x40 c:/vsarm/armcc/bin/../lib/gcc/arm-none-eabi/7.3.1/thumb/v7e-m/fpv4-sp/hard/crtbegin.o
 .text          0x08008210       0x14 c:/vsarm/armcc/bin/../lib/gcc/arm-none-eabi/7.3.1/../../../../arm-none-eabi/lib/thumb/v7e-m/fpv4-sp/hard\libc_nano.a(lib_a-strcmp.o)
                0x08008210                strcmp
 .text          0x08008224       0x10 c:/vsarm/armcc/bin/../lib/gcc/arm-none-eabi/7.3.1/../../../../arm-none-eabi/lib/thumb/v7e-m/fpv4-sp/hard\libc_nano.a(lib_a-strlen.o)
                0x08008224                strlen
 *fill*         0x08008234        0xc 
 .text          0x08008240       0xa0 c:/vsarm/armcc/bin/../lib/gcc/arm-none-eabi/7.3.1/../../../../arm-none-eabi/lib/thumb/v7e-m/fpv4-sp/hard\libc_nano.a(lib_a-memchr.o)
                0x08008240                memchr
 .text          0x080082e0       0x30 c:/vsarm/armcc/bin/../lib/gcc/arm-none-eabi/7.3.1/thumb/v7e-m/fpv4-sp/hard\libgcc.a(_aeabi_uldivmod.o)
                0x080082e0                __aeabi_uldivmod
 .text          0x08008310      0x2cc c:/vsarm/armcc/bin/../lib/gcc/arm-none-eabi/7.3.1/thumb/v7e-m/fpv4-sp/hard\libgcc.a(_udivmoddi4.o)
                0x08008310                __udivmoddi4
 .text          0x080085dc        0x4 c:/vsarm/armcc/bin/../lib/gcc/arm-none-eabi/7.3.1/thumb/v7e-m/fpv4-sp/hard\libgcc.a(_dvmd_tls.o)
                0x080085dc                __aeabi_idiv0
                0x080085dc                __aeabi_ldiv0
 *(.text*)
 .text.MX_GPIO_Init
                0x080085e0      0x2a8 build/main.o
 .text.MX_ADC3_Init
                0x08008888       0x58 build/main.o
 .text.MX_CRC_Init
                0x080088e0       0x24 build/main.o
 .text.MX_DCMI_Init
                0x08008904       0x30 build/main.o
 .text.MX_DMA2D_Init
                0x08008934       0x30 build/main.o
 .text.MX_FMC_Init
                0x08008964       0x5c build/main.o
 .text.MX_I2C1_Init
                0x080089c0       0x44 build/main.o
 .text.MX_I2C3_Init
                0x08008a04       0x44 build/main.o
 .text.MX_LTDC_Init
                0x08008a48       0xe8 build/main.o
 .text.MX_QUADSPI_Init
                0x08008b30       0x2c build/main.o
 .text.MX_RTC_Init
                0x08008b5c       0xc4 build/main.o
 .text.MX_SAI2_Init
                0x08008c20       0x90 build/main.o
 .text.MX_SDMMC1_SD_Init
                0x08008cb0       0x30 build/main.o
 .text.MX_SPDIFRX_Init
                0x08008ce0       0x2c build/main.o
 .text.MX_SPI2_Init
                0x08008d0c       0x44 build/main.o
 .text.MX_TIM8_Init
                0x08008d50       0x58 build/main.o
 .text.MX_TIM1_Init
                0x08008da8       0xbc build/main.o
 .text.MX_TIM2_Init
                0x08008e64       0x80 build/main.o
 .text.MX_TIM3_Init
                0x08008ee4       0x84 build/main.o
 .text.MX_TIM5_Init
                0x08008f68       0x84 build/main.o
 .text.MX_TIM12_Init
                0x08008fec       0x54 build/main.o
 .text.MX_USART1_UART_Init
                0x08009040       0x30 build/main.o
 .text.MX_USART6_UART_Init
                0x08009070       0x30 build/main.o
 .text.MX_USB_OTG_FS_HCD_Init
                0x080090a0       0x28 build/main.o
 .text.StartDefaultTask
                0x080090c8       0x38 build/main.o
                0x080090c8                StartDefaultTask
 .text.SystemClock_Config
                0x08009100       0xe4 build/main.o
                0x08009100                SystemClock_Config
 .text.main     0x080091e4       0xa4 build/main.o
                0x080091e4                main
 .text.HAL_TIM_PeriodElapsedCallback
                0x08009288       0x18 build/main.o
                0x08009288                HAL_TIM_PeriodElapsedCallback
 .text.vApplicationIdleHook
                0x080092a0        0x2 build/freertos.o
                0x080092a0                vApplicationIdleHook
 *fill*         0x080092a2        0x2 
 .text.vApplicationStackOverflowHook
                0x080092a4       0x10 build/freertos.o
                0x080092a4                vApplicationStackOverflowHook
 .text.vApplicationMallocFailedHook
                0x080092b4       0x10 build/freertos.o
                0x080092b4                vApplicationMallocFailedHook
 .text.NMI_Handler
                0x080092c4        0x2 build/stm32f7xx_it.o
                0x080092c4                NMI_Handler
 .text.HardFault_Handler
                0x080092c6        0x2 build/stm32f7xx_it.o
                0x080092c6                HardFault_Handler
 .text.MemManage_Handler
                0x080092c8        0x2 build/stm32f7xx_it.o
                0x080092c8                MemManage_Handler
 .text.BusFault_Handler
                0x080092ca        0x2 build/stm32f7xx_it.o
                0x080092ca                BusFault_Handler
 .text.UsageFault_Handler
                0x080092cc        0x2 build/stm32f7xx_it.o
                0x080092cc                UsageFault_Handler
 .text.DebugMon_Handler
                0x080092ce        0x2 build/stm32f7xx_it.o
                0x080092ce                DebugMon_Handler
 .text.TIM6_DAC_IRQHandler
                0x080092d0       0x10 build/stm32f7xx_it.o
                0x080092d0                TIM6_DAC_IRQHandler
 .text.ETH_IRQHandler
                0x080092e0       0x10 build/stm32f7xx_it.o
                0x080092e0                ETH_IRQHandler
 .text.OTG_FS_IRQHandler
                0x080092f0       0x10 build/stm32f7xx_it.o
                0x080092f0                OTG_FS_IRQHandler
 .text.LTDC_IRQHandler
                0x08009300       0x10 build/stm32f7xx_it.o
                0x08009300                LTDC_IRQHandler
 .text.DMA2D_IRQHandler
                0x08009310       0x10 build/stm32f7xx_it.o
                0x08009310                DMA2D_IRQHandler
 .text.HAL_FMC_MspInit
                0x08009320       0xdc build/stm32f7xx_hal_msp.o
 .text.HAL_MspInit
                0x080093fc       0x40 build/stm32f7xx_hal_msp.o
                0x080093fc                HAL_MspInit
 .text.HAL_ADC_MspInit
                0x0800943c       0x88 build/stm32f7xx_hal_msp.o
                0x0800943c                HAL_ADC_MspInit
 .text.HAL_CRC_MspInit
                0x080094c4       0x2c build/stm32f7xx_hal_msp.o
                0x080094c4                HAL_CRC_MspInit
 .text.HAL_DCMI_MspInit
                0x080094f0      0x114 build/stm32f7xx_hal_msp.o
                0x080094f0                HAL_DCMI_MspInit
 .text.HAL_DMA2D_MspInit
                0x08009604       0x40 build/stm32f7xx_hal_msp.o
                0x08009604                HAL_DMA2D_MspInit
 .text.HAL_I2C_MspInit
                0x08009644       0xc0 build/stm32f7xx_hal_msp.o
                0x08009644                HAL_I2C_MspInit
 .text.HAL_LTDC_MspInit
                0x08009704      0x124 build/stm32f7xx_hal_msp.o
                0x08009704                HAL_LTDC_MspInit
 .text.HAL_QSPI_MspInit
                0x08009828       0xe4 build/stm32f7xx_hal_msp.o
                0x08009828                HAL_QSPI_MspInit
 .text.HAL_RTC_MspInit
                0x0800990c       0x20 build/stm32f7xx_hal_msp.o
                0x0800990c                HAL_RTC_MspInit
 .text.HAL_SD_MspInit
                0x0800992c       0x98 build/stm32f7xx_hal_msp.o
                0x0800992c                HAL_SD_MspInit
 .text.HAL_SPDIFRX_MspInit
                0x080099c4       0x60 build/stm32f7xx_hal_msp.o
                0x080099c4                HAL_SPDIFRX_MspInit
 .text.HAL_SPI_MspInit
                0x08009a24       0x90 build/stm32f7xx_hal_msp.o
                0x08009a24                HAL_SPI_MspInit
 .text.HAL_TIM_Base_MspInit
                0x08009ab4       0xa8 build/stm32f7xx_hal_msp.o
                0x08009ab4                HAL_TIM_Base_MspInit
 .text.HAL_TIM_PWM_MspInit
                0x08009b5c       0x2c build/stm32f7xx_hal_msp.o
                0x08009b5c                HAL_TIM_PWM_MspInit
 .text.HAL_TIM_MspPostInit
                0x08009b88      0x130 build/stm32f7xx_hal_msp.o
                0x08009b88                HAL_TIM_MspPostInit
 .text.HAL_UART_MspInit
                0x08009cb8       0xe0 build/stm32f7xx_hal_msp.o
                0x08009cb8                HAL_UART_MspInit
 .text.HAL_HCD_MspInit
                0x08009d98       0x88 build/stm32f7xx_hal_msp.o
                0x08009d98                HAL_HCD_MspInit
 .text.HAL_SDRAM_MspInit
                0x08009e20        0x8 build/stm32f7xx_hal_msp.o
                0x08009e20                HAL_SDRAM_MspInit
 .text.HAL_SAI_MspInit
                0x08009e28       0xac build/stm32f7xx_hal_msp.o
                0x08009e28                HAL_SAI_MspInit
 .text.HAL_InitTick
                0x08009ed4       0x78 build/stm32f7xx_hal_timebase_tim.o
                0x08009ed4                HAL_InitTick
 .text.low_level_input
                0x08009f4c       0xd8 build/ethernetif.o
 .text.ethernetif_input
                0x0800a024       0x4c build/ethernetif.o
                0x0800a024                ethernetif_input
 .text.low_level_output
                0x0800a070       0xbc build/ethernetif.o
 .text.low_level_init
                0x0800a12c      0x12c build/ethernetif.o
 .text.HAL_ETH_MspInit
                0x0800a258       0xf4 build/ethernetif.o
                0x0800a258                HAL_ETH_MspInit
 .text.HAL_ETH_RxCpltCallback
                0x0800a34c       0x10 build/ethernetif.o
                0x0800a34c                HAL_ETH_RxCpltCallback
 .text.ethernetif_init
                0x0800a35c       0x48 build/ethernetif.o
                0x0800a35c                ethernetif_init
 .text.sys_now  0x0800a3a4        0x8 build/ethernetif.o
                0x0800a3a4                sys_now
 .text.ethernetif_set_link
                0x0800a3ac       0x4c build/ethernetif.o
                0x0800a3ac                ethernetif_set_link
 .text.ethernetif_notify_conn_changed
                0x0800a3f8        0x2 build/ethernetif.o
                0x0800a3f8                ethernetif_notify_conn_changed
 *fill*         0x0800a3fa        0x2 
 .text.ethernetif_update_config
                0x0800a3fc       0xc8 build/ethernetif.o
                0x0800a3fc                ethernetif_update_config
 .text.get_config_from_flash
                0x0800a4c4       0xd4 build/lwip.o
                0x0800a4c4                get_config_from_flash
 .text.MX_LWIP_Init
                0x0800a598      0x224 build/lwip.o
                0x0800a598                MX_LWIP_Init
 .text.ETH_MACAddressConfig
                0x0800a7bc       0x30 build/stm32f7xx_hal_eth.o
 .text.ETH_DMATransmissionEnable
                0x0800a7ec       0x10 build/stm32f7xx_hal_eth.o
 .text.ETH_DMATransmissionDisable
                0x0800a7fc       0x10 build/stm32f7xx_hal_eth.o
 .text.ETH_DMAReceptionEnable
                0x0800a80c       0x10 build/stm32f7xx_hal_eth.o
 .text.ETH_DMAReceptionDisable
                0x0800a81c       0x10 build/stm32f7xx_hal_eth.o
 .text.ETH_MACDMAConfig
                0x0800a82c      0x118 build/stm32f7xx_hal_eth.o
 .text.ETH_MACTransmissionEnable
                0x0800a944       0x2a build/stm32f7xx_hal_eth.o
 .text.ETH_MACReceptionEnable
                0x0800a96e       0x2a build/stm32f7xx_hal_eth.o
 .text.ETH_FlushTransmitFIFO
                0x0800a998       0x2e build/stm32f7xx_hal_eth.o
 .text.ETH_MACReceptionDisable
                0x0800a9c6       0x2a build/stm32f7xx_hal_eth.o
 .text.ETH_MACTransmissionDisable
                0x0800a9f0       0x2a build/stm32f7xx_hal_eth.o
 .text.HAL_ETH_DMATxDescListInit
                0x0800aa1a       0x72 build/stm32f7xx_hal_eth.o
                0x0800aa1a                HAL_ETH_DMATxDescListInit
 .text.HAL_ETH_DMARxDescListInit
                0x0800aa8c       0x6c build/stm32f7xx_hal_eth.o
                0x0800aa8c                HAL_ETH_DMARxDescListInit
 .text.HAL_ETH_TransmitFrame
                0x0800aaf8      0x120 build/stm32f7xx_hal_eth.o
                0x0800aaf8                HAL_ETH_TransmitFrame
 .text.HAL_ETH_GetReceivedFrame_IT
                0x0800ac18       0x98 build/stm32f7xx_hal_eth.o
                0x0800ac18                HAL_ETH_GetReceivedFrame_IT
 .text.HAL_ETH_TxCpltCallback
                0x0800acb0        0x2 build/stm32f7xx_hal_eth.o
                0x0800acb0                HAL_ETH_TxCpltCallback
 .text.HAL_ETH_ErrorCallback
                0x0800acb2        0x2 build/stm32f7xx_hal_eth.o
                0x0800acb2                HAL_ETH_ErrorCallback
 .text.HAL_ETH_IRQHandler
                0x0800acb4       0x8c build/stm32f7xx_hal_eth.o
                0x0800acb4                HAL_ETH_IRQHandler
 .text.HAL_ETH_ReadPHYRegister
                0x0800ad40       0x78 build/stm32f7xx_hal_eth.o
                0x0800ad40                HAL_ETH_ReadPHYRegister
 .text.HAL_ETH_WritePHYRegister
                0x0800adb8       0x74 build/stm32f7xx_hal_eth.o
                0x0800adb8                HAL_ETH_WritePHYRegister
 .text.HAL_ETH_Init
                0x0800ae2c      0x254 build/stm32f7xx_hal_eth.o
                0x0800ae2c                HAL_ETH_Init
 .text.HAL_ETH_Start
                0x0800b080       0x44 build/stm32f7xx_hal_eth.o
                0x0800b080                HAL_ETH_Start
 .text.HAL_ETH_Stop
                0x0800b0c4       0x44 build/stm32f7xx_hal_eth.o
                0x0800b0c4                HAL_ETH_Stop
 .text.HAL_ETH_ConfigMAC
                0x0800b108      0x130 build/stm32f7xx_hal_eth.o
                0x0800b108                HAL_ETH_ConfigMAC
 .text.HAL_RCC_OscConfig
                0x0800b238      0x434 build/stm32f7xx_hal_rcc.o
                0x0800b238                HAL_RCC_OscConfig
 .text.HAL_RCC_GetSysClockFreq
                0x0800b66c       0xa8 build/stm32f7xx_hal_rcc.o
                0x0800b66c                HAL_RCC_GetSysClockFreq
 .text.HAL_RCC_ClockConfig
                0x0800b714      0x168 build/stm32f7xx_hal_rcc.o
                0x0800b714                HAL_RCC_ClockConfig
 .text.HAL_RCC_GetHCLKFreq
                0x0800b87c        0xc build/stm32f7xx_hal_rcc.o
                0x0800b87c                HAL_RCC_GetHCLKFreq
 .text.HAL_RCC_GetPCLK1Freq
                0x0800b888       0x20 build/stm32f7xx_hal_rcc.o
                0x0800b888                HAL_RCC_GetPCLK1Freq
 .text.HAL_RCC_GetPCLK2Freq
                0x0800b8a8       0x20 build/stm32f7xx_hal_rcc.o
                0x0800b8a8                HAL_RCC_GetPCLK2Freq
 .text.HAL_RCC_GetClockConfig
                0x0800b8c8       0x3c build/stm32f7xx_hal_rcc.o
                0x0800b8c8                HAL_RCC_GetClockConfig
 .text.HAL_RCCEx_PeriphCLKConfig
                0x0800b904      0x5ac build/stm32f7xx_hal_rcc_ex.o
                0x0800b904                HAL_RCCEx_PeriphCLKConfig
 .text.HAL_RCCEx_GetPeriphCLKFreq
                0x0800beb0      0x1b0 build/stm32f7xx_hal_rcc_ex.o
                0x0800beb0                HAL_RCCEx_GetPeriphCLKFreq
 .text.FLASH_Program_DoubleWord
                0x0800c060       0x30 build/stm32f7xx_hal_flash.o
 .text.FLASH_Program_Word
                0x0800c090       0x28 build/stm32f7xx_hal_flash.o
 .text.FLASH_Program_HalfWord
                0x0800c0b8       0x28 build/stm32f7xx_hal_flash.o
 .text.FLASH_Program_Byte
                0x0800c0e0       0x24 build/stm32f7xx_hal_flash.o
 .text.FLASH_SetErrorCode
                0x0800c104       0x74 build/stm32f7xx_hal_flash.o
 .text.HAL_FLASH_Unlock
                0x0800c178       0x30 build/stm32f7xx_hal_flash.o
                0x0800c178                HAL_FLASH_Unlock
 .text.HAL_FLASH_Lock
                0x0800c1a8       0x14 build/stm32f7xx_hal_flash.o
                0x0800c1a8                HAL_FLASH_Lock
 .text.FLASH_WaitForLastOperation
                0x0800c1bc       0x68 build/stm32f7xx_hal_flash.o
                0x0800c1bc                FLASH_WaitForLastOperation
 .text.HAL_FLASH_Program
                0x0800c224       0x84 build/stm32f7xx_hal_flash.o
                0x0800c224                HAL_FLASH_Program
 .text.FLASH_MassErase
                0x0800c2a8       0x28 build/stm32f7xx_hal_flash_ex.o
 .text.FLASH_Erase_Sector
                0x0800c2d0       0x5c build/stm32f7xx_hal_flash_ex.o
                0x0800c2d0                FLASH_Erase_Sector
 .text.HAL_FLASHEx_Erase
                0x0800c32c       0x90 build/stm32f7xx_hal_flash_ex.o
                0x0800c32c                HAL_FLASHEx_Erase
 .text.HAL_GPIO_Init
                0x0800c3bc      0x1dc build/stm32f7xx_hal_gpio.o
                0x0800c3bc                HAL_GPIO_Init
 .text.HAL_GPIO_WritePin
                0x0800c598        0xc build/stm32f7xx_hal_gpio.o
                0x0800c598                HAL_GPIO_WritePin
 .text.HAL_PWR_EnableBkUpAccess
                0x0800c5a4       0x10 build/stm32f7xx_hal_pwr.o
                0x0800c5a4                HAL_PWR_EnableBkUpAccess
 .text.HAL_PWREx_EnableOverDrive
                0x0800c5b4       0x7c build/stm32f7xx_hal_pwr_ex.o
                0x0800c5b4                HAL_PWREx_EnableOverDrive
 .text.HAL_NVIC_SetPriorityGrouping
                0x0800c630       0x24 build/stm32f7xx_hal_cortex.o
                0x0800c630                HAL_NVIC_SetPriorityGrouping
 .text.HAL_NVIC_SetPriority
                0x0800c654       0x64 build/stm32f7xx_hal_cortex.o
                0x0800c654                HAL_NVIC_SetPriority
 .text.HAL_NVIC_EnableIRQ
                0x0800c6b8       0x1c build/stm32f7xx_hal_cortex.o
                0x0800c6b8                HAL_NVIC_EnableIRQ
 .text.HAL_Init
                0x0800c6d4       0x16 build/stm32f7xx_hal.o
                0x0800c6d4                HAL_Init
 *fill*         0x0800c6ea        0x2 
 .text.HAL_IncTick
                0x0800c6ec       0x18 build/stm32f7xx_hal.o
                0x0800c6ec                HAL_IncTick
 .text.HAL_GetTick
                0x0800c704        0xc build/stm32f7xx_hal.o
                0x0800c704                HAL_GetTick
 .text.HAL_Delay
                0x0800c710       0x28 build/stm32f7xx_hal.o
                0x0800c710                HAL_Delay
 .text.HAL_I2C_Init
                0x0800c738       0xbc build/stm32f7xx_hal_i2c.o
                0x0800c738                HAL_I2C_Init
 .text.HAL_I2CEx_ConfigAnalogFilter
                0x0800c7f4       0x5c build/stm32f7xx_hal_i2c_ex.o
                0x0800c7f4                HAL_I2CEx_ConfigAnalogFilter
 .text.HAL_I2CEx_ConfigDigitalFilter
                0x0800c850       0x58 build/stm32f7xx_hal_i2c_ex.o
                0x0800c850                HAL_I2CEx_ConfigDigitalFilter
 .text.HCD_RXQLVL_IRQHandler
                0x0800c8a8       0x7c build/stm32f7xx_hal_hcd.o
 .text.HAL_HCD_Init
                0x0800c924       0x94 build/stm32f7xx_hal_hcd.o
                0x0800c924                HAL_HCD_Init
 .text.HAL_HCD_SOF_Callback
                0x0800c9b8        0x2 build/stm32f7xx_hal_hcd.o
                0x0800c9b8                HAL_HCD_SOF_Callback
 .text.HAL_HCD_Connect_Callback
                0x0800c9ba        0x2 build/stm32f7xx_hal_hcd.o
                0x0800c9ba                HAL_HCD_Connect_Callback
 .text.HAL_HCD_Disconnect_Callback
                0x0800c9bc        0x2 build/stm32f7xx_hal_hcd.o
                0x0800c9bc                HAL_HCD_Disconnect_Callback
 .text.HAL_HCD_PortEnabled_Callback
                0x0800c9be        0x2 build/stm32f7xx_hal_hcd.o
                0x0800c9be                HAL_HCD_PortEnabled_Callback
 .text.HAL_HCD_PortDisabled_Callback
                0x0800c9c0        0x2 build/stm32f7xx_hal_hcd.o
                0x0800c9c0                HAL_HCD_PortDisabled_Callback
 .text.HCD_Port_IRQHandler
                0x0800c9c2       0xb0 build/stm32f7xx_hal_hcd.o
 .text.HAL_HCD_HC_NotifyURBChange_Callback
                0x0800ca72        0x2 build/stm32f7xx_hal_hcd.o
                0x0800ca72                HAL_HCD_HC_NotifyURBChange_Callback
 .text.HCD_HC_IN_IRQHandler
                0x0800ca74      0x346 build/stm32f7xx_hal_hcd.o
 .text.HCD_HC_OUT_IRQHandler
                0x0800cdba      0x2ae build/stm32f7xx_hal_hcd.o
 .text.HAL_HCD_IRQHandler
                0x0800d068      0x146 build/stm32f7xx_hal_hcd.o
                0x0800d068                HAL_HCD_IRQHandler
 *fill*         0x0800d1ae        0x2 
 .text.USB_CoreReset
                0x0800d1b0       0x3c build/stm32f7xx_ll_usb.o
 .text.USB_CoreInit
                0x0800d1ec       0x7c build/stm32f7xx_ll_usb.o
                0x0800d1ec                USB_CoreInit
 .text.USB_DisableGlobalInt
                0x0800d268        0xc build/stm32f7xx_ll_usb.o
                0x0800d268                USB_DisableGlobalInt
 .text.USB_SetCurrentMode
                0x0800d274       0x30 build/stm32f7xx_ll_usb.o
                0x0800d274                USB_SetCurrentMode
 .text.USB_FlushTxFifo
                0x0800d2a4       0x28 build/stm32f7xx_ll_usb.o
                0x0800d2a4                USB_FlushTxFifo
 .text.USB_FlushRxFifo
                0x0800d2cc       0x24 build/stm32f7xx_ll_usb.o
                0x0800d2cc                USB_FlushRxFifo
 .text.USB_ReadPacket
                0x0800d2f0       0x28 build/stm32f7xx_ll_usb.o
                0x0800d2f0                USB_ReadPacket
 .text.USB_ReadInterrupts
                0x0800d318        0x8 build/stm32f7xx_ll_usb.o
                0x0800d318                USB_ReadInterrupts
 .text.USB_GetMode
                0x0800d320        0x8 build/stm32f7xx_ll_usb.o
                0x0800d320                USB_GetMode
 .text.USB_InitFSLSPClkSel
                0x0800d328       0x40 build/stm32f7xx_ll_usb.o
                0x0800d328                USB_InitFSLSPClkSel
 .text.USB_DriveVbus
                0x0800d368       0x46 build/stm32f7xx_ll_usb.o
                0x0800d368                USB_DriveVbus
 *fill*         0x0800d3ae        0x2 
 .text.USB_HostInit
                0x0800d3b0       0xec build/stm32f7xx_ll_usb.o
                0x0800d3b0                USB_HostInit
 .text.USB_HC_ReadInterrupt
                0x0800d49c        0xa build/stm32f7xx_ll_usb.o
                0x0800d49c                USB_HC_ReadInterrupt
 .text.USB_HC_Halt
                0x0800d4a6       0xdc build/stm32f7xx_ll_usb.o
                0x0800d4a6                USB_HC_Halt
 *fill*         0x0800d582        0x2 
 .text.ADC_Init
                0x0800d584      0x134 build/stm32f7xx_hal_adc.o
 .text.HAL_ADC_Init
                0x0800d6b8       0x58 build/stm32f7xx_hal_adc.o
                0x0800d6b8                HAL_ADC_Init
 .text.HAL_ADC_ConfigChannel
                0x0800d710      0x1cc build/stm32f7xx_hal_adc.o
                0x0800d710                HAL_ADC_ConfigChannel
 .text.HAL_CRC_Init
                0x0800d8dc       0x80 build/stm32f7xx_hal_crc.o
                0x0800d8dc                HAL_CRC_Init
 .text.HAL_CRCEx_Polynomial_Set
                0x0800d95c       0x6c build/stm32f7xx_hal_crc_ex.o
                0x0800d95c                HAL_CRCEx_Polynomial_Set
 .text.HAL_DMA2D_Init
                0x0800d9c8       0x5c build/stm32f7xx_hal_dma2d.o
                0x0800d9c8                HAL_DMA2D_Init
 .text.HAL_DMA2D_LineEventCallback
                0x0800da24        0x2 build/stm32f7xx_hal_dma2d.o
                0x0800da24                HAL_DMA2D_LineEventCallback
 .text.HAL_DMA2D_CLUTLoadingCpltCallback
                0x0800da26        0x2 build/stm32f7xx_hal_dma2d.o
                0x0800da26                HAL_DMA2D_CLUTLoadingCpltCallback
 .text.HAL_DMA2D_IRQHandler
                0x0800da28      0x13c build/stm32f7xx_hal_dma2d.o
                0x0800da28                HAL_DMA2D_IRQHandler
 .text.HAL_DMA2D_ConfigLayer
                0x0800db64       0xc4 build/stm32f7xx_hal_dma2d.o
                0x0800db64                HAL_DMA2D_ConfigLayer
 .text.FMC_SDRAM_Init
                0x0800dc28       0x74 build/stm32f7xx_ll_fmc.o
                0x0800dc28                FMC_SDRAM_Init
 .text.FMC_SDRAM_Timing_Init
                0x0800dc9c       0x98 build/stm32f7xx_ll_fmc.o
                0x0800dc9c                FMC_SDRAM_Timing_Init
 .text.HAL_SDRAM_Init
                0x0800dd34       0x3e build/stm32f7xx_hal_sdram.o
                0x0800dd34                HAL_SDRAM_Init
 *fill*         0x0800dd72        0x2 
 .text.LTDC_SetConfig
                0x0800dd74      0x194 build/stm32f7xx_hal_ltdc.o
 .text.HAL_LTDC_Init
                0x0800df08       0xf4 build/stm32f7xx_hal_ltdc.o
                0x0800df08                HAL_LTDC_Init
 .text.HAL_LTDC_ErrorCallback
                0x0800dffc        0x2 build/stm32f7xx_hal_ltdc.o
                0x0800dffc                HAL_LTDC_ErrorCallback
 .text.HAL_LTDC_LineEventCallback
                0x0800dffe        0x2 build/stm32f7xx_hal_ltdc.o
                0x0800dffe                HAL_LTDC_LineEventCallback
 .text.HAL_LTDC_ReloadEventCallback
                0x0800e000        0x2 build/stm32f7xx_hal_ltdc.o
                0x0800e000                HAL_LTDC_ReloadEventCallback
 .text.HAL_LTDC_IRQHandler
                0x0800e002       0xda build/stm32f7xx_hal_ltdc.o
                0x0800e002                HAL_LTDC_IRQHandler
 .text.HAL_LTDC_ConfigLayer
                0x0800e0dc       0x5c build/stm32f7xx_hal_ltdc.o
                0x0800e0dc                HAL_LTDC_ConfigLayer
 .text.QSPI_WaitFlagStateUntilTimeout
                0x0800e138       0x4c build/stm32f7xx_hal_qspi.o
 .text.HAL_QSPI_SetTimeout
                0x0800e184        0x4 build/stm32f7xx_hal_qspi.o
                0x0800e184                HAL_QSPI_SetTimeout
 .text.HAL_QSPI_Init
                0x0800e188       0xb4 build/stm32f7xx_hal_qspi.o
                0x0800e188                HAL_QSPI_Init
 .text.HAL_RTC_WaitForSynchro
                0x0800e23c       0x32 build/stm32f7xx_hal_rtc.o
                0x0800e23c                HAL_RTC_WaitForSynchro
 .text.RTC_EnterInitMode
                0x0800e26e       0x3c build/stm32f7xx_hal_rtc.o
                0x0800e26e                RTC_EnterInitMode
 *fill*         0x0800e2aa        0x2 
 .text.HAL_RTC_Init
                0x0800e2ac       0xa4 build/stm32f7xx_hal_rtc.o
                0x0800e2ac                HAL_RTC_Init
 .text.RTC_ByteToBcd2
                0x0800e350       0x16 build/stm32f7xx_hal_rtc.o
                0x0800e350                RTC_ByteToBcd2
 *fill*         0x0800e366        0x2 
 .text.HAL_RTC_SetTime
                0x0800e368      0x100 build/stm32f7xx_hal_rtc.o
                0x0800e368                HAL_RTC_SetTime
 .text.HAL_RTC_SetDate
                0x0800e468       0xdc build/stm32f7xx_hal_rtc.o
                0x0800e468                HAL_RTC_SetDate
 .text.HAL_RTC_SetAlarm
                0x0800e544      0x160 build/stm32f7xx_hal_rtc.o
                0x0800e544                HAL_RTC_SetAlarm
 .text.HAL_RTCEx_SetTimeStamp
                0x0800e6a4       0x5c build/stm32f7xx_hal_rtc_ex.o
                0x0800e6a4                HAL_RTCEx_SetTimeStamp
 .text.SAI_Disable
                0x0800e700       0x44 build/stm32f7xx_hal_sai.o
 .text.HAL_SAI_Init
                0x0800e744      0x208 build/stm32f7xx_hal_sai.o
                0x0800e744                HAL_SAI_Init
 .text.SDMMC_GetCmdError
                0x0800e94c       0x38 build/stm32f7xx_ll_sdmmc.o
 .text.SDMMC_GetCmdResp2
                0x0800e984       0x60 build/stm32f7xx_ll_sdmmc.o
 .text.SDMMC_GetCmdResp3
                0x0800e9e4       0x50 build/stm32f7xx_ll_sdmmc.o
 .text.SDMMC_GetCmdResp7
                0x0800ea34       0x6c build/stm32f7xx_ll_sdmmc.o
 .text.SDMMC_Init
                0x0800eaa0       0x38 build/stm32f7xx_ll_sdmmc.o
                0x0800eaa0                SDMMC_Init
 .text.SDMMC_ReadFIFO
                0x0800ead8        0x6 build/stm32f7xx_ll_sdmmc.o
                0x0800ead8                SDMMC_ReadFIFO
 .text.SDMMC_PowerState_ON
                0x0800eade       0x10 build/stm32f7xx_ll_sdmmc.o
                0x0800eade                SDMMC_PowerState_ON
 .text.SDMMC_GetPowerState
                0x0800eaee        0x8 build/stm32f7xx_ll_sdmmc.o
                0x0800eaee                SDMMC_GetPowerState
 *fill*         0x0800eaf6        0x2 
 .text.SDMMC_SendCommand
                0x0800eaf8       0x24 build/stm32f7xx_ll_sdmmc.o
                0x0800eaf8                SDMMC_SendCommand
 .text.SDMMC_GetCommandResponse
                0x0800eb1c        0x6 build/stm32f7xx_ll_sdmmc.o
                0x0800eb1c                SDMMC_GetCommandResponse
 .text.SDMMC_GetResponse
                0x0800eb22        0x6 build/stm32f7xx_ll_sdmmc.o
                0x0800eb22                SDMMC_GetResponse
 .text.SDMMC_GetCmdResp1
                0x0800eb28      0x158 build/stm32f7xx_ll_sdmmc.o
 .text.SDMMC_GetCmdResp6
                0x0800ec80       0xa4 build/stm32f7xx_ll_sdmmc.o
 .text.SDMMC_ConfigData
                0x0800ed24       0x24 build/stm32f7xx_ll_sdmmc.o
                0x0800ed24                SDMMC_ConfigData
 .text.SDMMC_CmdBlockLength
                0x0800ed48       0x30 build/stm32f7xx_ll_sdmmc.o
                0x0800ed48                SDMMC_CmdBlockLength
 .text.SDMMC_CmdSelDesel
                0x0800ed78       0x30 build/stm32f7xx_ll_sdmmc.o
                0x0800ed78                SDMMC_CmdSelDesel
 .text.SDMMC_CmdGoIdleState
                0x0800eda8       0x26 build/stm32f7xx_ll_sdmmc.o
                0x0800eda8                SDMMC_CmdGoIdleState
 .text.SDMMC_CmdOperCond
                0x0800edce       0x2e build/stm32f7xx_ll_sdmmc.o
                0x0800edce                SDMMC_CmdOperCond
 .text.SDMMC_CmdAppCommand
                0x0800edfc       0x30 build/stm32f7xx_ll_sdmmc.o
                0x0800edfc                SDMMC_CmdAppCommand
 .text.SDMMC_CmdAppOperCommand
                0x0800ee2c       0x34 build/stm32f7xx_ll_sdmmc.o
                0x0800ee2c                SDMMC_CmdAppOperCommand
 .text.SDMMC_CmdBusWidth
                0x0800ee60       0x30 build/stm32f7xx_ll_sdmmc.o
                0x0800ee60                SDMMC_CmdBusWidth
 .text.SDMMC_CmdSendSCR
                0x0800ee90       0x30 build/stm32f7xx_ll_sdmmc.o
                0x0800ee90                SDMMC_CmdSendSCR
 .text.SDMMC_CmdSendCID
                0x0800eec0       0x2a build/stm32f7xx_ll_sdmmc.o
                0x0800eec0                SDMMC_CmdSendCID
 .text.SDMMC_CmdSendCSD
                0x0800eeea       0x2a build/stm32f7xx_ll_sdmmc.o
                0x0800eeea                SDMMC_CmdSendCSD
 .text.SDMMC_CmdSetRelAdd
                0x0800ef14       0x30 build/stm32f7xx_ll_sdmmc.o
                0x0800ef14                SDMMC_CmdSetRelAdd
 .text.SD_PowerON
                0x0800ef44       0xc0 build/stm32f7xx_hal_sd.o
 .text.SD_FindSCR
                0x0800f004      0x106 build/stm32f7xx_hal_sd.o
 .text.SD_WideBus_Enable
                0x0800f10a       0x56 build/stm32f7xx_hal_sd.o
 .text.SD_WideBus_Disable
                0x0800f160       0x56 build/stm32f7xx_hal_sd.o
 *fill*         0x0800f1b6        0x2 
 .text.HAL_SD_GetCardCSD
                0x0800f1b8      0x1bc build/stm32f7xx_hal_sd.o
                0x0800f1b8                HAL_SD_GetCardCSD
 .text.SD_InitCard
                0x0800f374      0x100 build/stm32f7xx_hal_sd.o
 .text.HAL_SD_InitCard
                0x0800f474       0x82 build/stm32f7xx_hal_sd.o
                0x0800f474                HAL_SD_InitCard
 .text.HAL_SD_Init
                0x0800f4f6       0x3e build/stm32f7xx_hal_sd.o
                0x0800f4f6                HAL_SD_Init
 .text.HAL_SD_ConfigWideBusOperation
                0x0800f534       0xa4 build/stm32f7xx_hal_sd.o
                0x0800f534                HAL_SD_ConfigWideBusOperation
 .text.HAL_SPDIFRX_Init
                0x0800f5d8       0x70 build/stm32f7xx_hal_spdifrx.o
                0x0800f5d8                HAL_SPDIFRX_Init
 .text.HAL_SPI_Init
                0x0800f648       0xba build/stm32f7xx_hal_spi.o
                0x0800f648                HAL_SPI_Init
 *fill*         0x0800f702        0x2 
 .text.TIM_OC1_SetConfig
                0x0800f704       0x68 build/stm32f7xx_hal_tim.o
 .text.TIM_OC3_SetConfig
                0x0800f76c       0x70 build/stm32f7xx_hal_tim.o
 .text.TIM_OC4_SetConfig
                0x0800f7dc       0x54 build/stm32f7xx_hal_tim.o
 .text.TIM_OC5_SetConfig
                0x0800f830       0x54 build/stm32f7xx_hal_tim.o
 .text.TIM_OC6_SetConfig
                0x0800f884       0x54 build/stm32f7xx_hal_tim.o
 .text.TIM_TI1_ConfigInputStage
                0x0800f8d8       0x26 build/stm32f7xx_hal_tim.o
 .text.TIM_TI2_ConfigInputStage
                0x0800f8fe       0x28 build/stm32f7xx_hal_tim.o
 .text.TIM_ITRx_SetConfig
                0x0800f926       0x10 build/stm32f7xx_hal_tim.o
 *fill*         0x0800f936        0x2 
 .text.HAL_TIM_Base_Start_IT
                0x0800f938       0x2c build/stm32f7xx_hal_tim.o
                0x0800f938                HAL_TIM_Base_Start_IT
 .text.HAL_TIM_OC_DelayElapsedCallback
                0x0800f964        0x2 build/stm32f7xx_hal_tim.o
                0x0800f964                HAL_TIM_OC_DelayElapsedCallback
 .text.HAL_TIM_IC_CaptureCallback
                0x0800f966        0x2 build/stm32f7xx_hal_tim.o
                0x0800f966                HAL_TIM_IC_CaptureCallback
 .text.HAL_TIM_PWM_PulseFinishedCallback
                0x0800f968        0x2 build/stm32f7xx_hal_tim.o
                0x0800f968                HAL_TIM_PWM_PulseFinishedCallback
 .text.HAL_TIM_TriggerCallback
                0x0800f96a        0x2 build/stm32f7xx_hal_tim.o
                0x0800f96a                HAL_TIM_TriggerCallback
 .text.HAL_TIM_IRQHandler
                0x0800f96c      0x19a build/stm32f7xx_hal_tim.o
                0x0800f96c                HAL_TIM_IRQHandler
 *fill*         0x0800fb06        0x2 
 .text.TIM_Base_SetConfig
                0x0800fb08      0x10c build/stm32f7xx_hal_tim.o
                0x0800fb08                TIM_Base_SetConfig
 .text.HAL_TIM_Base_Init
                0x0800fc14       0x32 build/stm32f7xx_hal_tim.o
                0x0800fc14                HAL_TIM_Base_Init
 .text.HAL_TIM_PWM_Init
                0x0800fc46       0x32 build/stm32f7xx_hal_tim.o
                0x0800fc46                HAL_TIM_PWM_Init
 .text.TIM_OC2_SetConfig
                0x0800fc78       0x70 build/stm32f7xx_hal_tim.o
                0x0800fc78                TIM_OC2_SetConfig
 .text.HAL_TIM_PWM_ConfigChannel
                0x0800fce8      0x134 build/stm32f7xx_hal_tim.o
                0x0800fce8                HAL_TIM_PWM_ConfigChannel
 .text.TIM_ETR_SetConfig
                0x0800fe1c       0x18 build/stm32f7xx_hal_tim.o
                0x0800fe1c                TIM_ETR_SetConfig
 .text.HAL_TIM_ConfigClockSource
                0x0800fe34       0xdc build/stm32f7xx_hal_tim.o
                0x0800fe34                HAL_TIM_ConfigClockSource
 .text.HAL_TIMEx_MasterConfigSynchronization
                0x0800ff10       0xa0 build/stm32f7xx_hal_tim_ex.o
                0x0800ff10                HAL_TIMEx_MasterConfigSynchronization
 .text.HAL_TIMEx_ConfigBreakDeadTime
                0x0800ffb0       0x90 build/stm32f7xx_hal_tim_ex.o
                0x0800ffb0                HAL_TIMEx_ConfigBreakDeadTime
 .text.HAL_TIMEx_CommutCallback
                0x08010040        0x2 build/stm32f7xx_hal_tim_ex.o
                0x08010040                HAL_TIMEx_CommutCallback
 .text.HAL_TIMEx_BreakCallback
                0x08010042        0x2 build/stm32f7xx_hal_tim_ex.o
                0x08010042                HAL_TIMEx_BreakCallback
 .text.HAL_TIMEx_Break2Callback
                0x08010044        0x2 build/stm32f7xx_hal_tim_ex.o
                0x08010044                HAL_TIMEx_Break2Callback
 *fill*         0x08010046        0x2 
 .text.UART_SetConfig
                0x08010048      0x370 build/stm32f7xx_hal_uart.o
                0x08010048                UART_SetConfig
 .text.UART_AdvFeatureConfig
                0x080103b8       0xca build/stm32f7xx_hal_uart.o
                0x080103b8                UART_AdvFeatureConfig
 .text.UART_WaitOnFlagUntilTimeout
                0x08010482       0x9c build/stm32f7xx_hal_uart.o
                0x08010482                UART_WaitOnFlagUntilTimeout
 .text.HAL_UART_Transmit
                0x0801051e       0xdc build/stm32f7xx_hal_uart.o
                0x0801051e                HAL_UART_Transmit
 .text.UART_CheckIdleState
                0x080105fa       0x44 build/stm32f7xx_hal_uart.o
                0x080105fa                UART_CheckIdleState
 .text.HAL_UART_Init
                0x0801063e       0x62 build/stm32f7xx_hal_uart.o
                0x0801063e                HAL_UART_Init
 .text.SystemInit
                0x080106a0       0x1c build/system_stm32f7xx.o
                0x080106a0                SystemInit
 .text.vListInitialise
                0x080106bc       0x16 build/list.o
                0x080106bc                vListInitialise
 .text.vListInitialiseItem
                0x080106d2        0x6 build/list.o
                0x080106d2                vListInitialiseItem
 .text.vListInsertEnd
                0x080106d8       0x18 build/list.o
                0x080106d8                vListInsertEnd
 .text.vListInsert
                0x080106f0       0x34 build/list.o
                0x080106f0                vListInsert
 .text.uxListRemove
                0x08010724       0x28 build/list.o
                0x08010724                uxListRemove
 .text.prvGetDisinheritPriorityAfterTimeout
                0x0801074c       0x12 build/queue.o
 .text.prvIsQueueFull
                0x0801075e       0x1e build/queue.o
 .text.prvIsQueueEmpty
                0x0801077c       0x1a build/queue.o
 .text.prvCopyDataToQueue
                0x08010796       0x76 build/queue.o
 .text.prvCopyDataFromQueue
                0x0801080c       0x24 build/queue.o
 .text.prvUnlockQueue
                0x08010830       0x6e build/queue.o
 *fill*         0x0801089e        0x2 
 .text.xQueueGenericReset
                0x080108a0       0x88 build/queue.o
                0x080108a0                xQueueGenericReset
 .text.prvInitialiseNewQueue
                0x08010928       0x22 build/queue.o
 .text.xQueueGenericCreateStatic
                0x0801094a       0xba build/queue.o
                0x0801094a                xQueueGenericCreateStatic
 .text.xQueueGenericCreate
                0x08010a04       0x52 build/queue.o
                0x08010a04                xQueueGenericCreate
 .text.xQueueCreateCountingSemaphoreStatic
                0x08010a56       0x52 build/queue.o
                0x08010a56                xQueueCreateCountingSemaphoreStatic
 .text.xQueueCreateCountingSemaphore
                0x08010aa8       0x48 build/queue.o
                0x08010aa8                xQueueCreateCountingSemaphore
 .text.xQueueGenericSend
                0x08010af0      0x18c build/queue.o
                0x08010af0                xQueueGenericSend
 .text.prvInitialiseMutex
                0x08010c7c       0x18 build/queue.o
 .text.xQueueCreateMutex
                0x08010c94       0x16 build/queue.o
                0x08010c94                xQueueCreateMutex
 .text.xQueueCreateMutexStatic
                0x08010caa       0x1e build/queue.o
                0x08010caa                xQueueCreateMutexStatic
 .text.xQueueGiveMutexRecursive
                0x08010cc8       0x44 build/queue.o
                0x08010cc8                xQueueGiveMutexRecursive
 .text.xQueueGenericSendFromISR
                0x08010d0c       0xdc build/queue.o
                0x08010d0c                xQueueGenericSendFromISR
 .text.xQueueGiveFromISR
                0x08010de8       0xc2 build/queue.o
                0x08010de8                xQueueGiveFromISR
 *fill*         0x08010eaa        0x2 
 .text.xQueueReceive
                0x08010eac      0x164 build/queue.o
                0x08010eac                xQueueReceive
 .text.xQueueSemaphoreTake
                0x08011010      0x1ac build/queue.o
                0x08011010                xQueueSemaphoreTake
 .text.xQueueTakeMutexRecursive
                0x080111bc       0x48 build/queue.o
                0x080111bc                xQueueTakeMutexRecursive
 .text.xQueueReceiveFromISR
                0x08011204       0xb6 build/queue.o
                0x08011204                xQueueReceiveFromISR
 *fill*         0x080112ba        0x2 
 .text.vQueueAddToRegistry
                0x080112bc       0x28 build/queue.o
                0x080112bc                vQueueAddToRegistry
 .text.vQueueUnregisterQueue
                0x080112e4       0x2c build/queue.o
                0x080112e4                vQueueUnregisterQueue
 .text.vQueueDelete
                0x08011310       0x30 build/queue.o
                0x08011310                vQueueDelete
 .text.vQueueWaitForMessageRestricted
                0x08011340       0x52 build/queue.o
                0x08011340                vQueueWaitForMessageRestricted
 *fill*         0x08011392        0x2 
 .text.prvResetNextTaskUnblockTime
                0x08011394       0x2c build/tasks.o
 .text.prvInitialiseNewTask
                0x080113c0       0x9c build/tasks.o
 .text.prvInitialiseTaskLists
                0x0801145c       0x68 build/tasks.o
 .text.prvAddNewTaskToReadyList
                0x080114c4       0xac build/tasks.o
 .text.prvDeleteTCB
                0x08011570       0x3c build/tasks.o
 .text.prvCheckTasksWaitingTermination
                0x080115ac       0x4c build/tasks.o
 .text.prvAddCurrentTaskToDelayedList
                0x080115f8       0x84 build/tasks.o
 .text.prvIdleTask
                0x0801167c       0x30 build/tasks.o
 .text.xTaskCreateStatic
                0x080116ac       0x80 build/tasks.o
                0x080116ac                xTaskCreateStatic
 .text.xTaskCreate
                0x0801172c       0x66 build/tasks.o
                0x0801172c                xTaskCreate
 *fill*         0x08011792        0x2 
 .text.vTaskDelete
                0x08011794       0xbc build/tasks.o
                0x08011794                vTaskDelete
 .text.eTaskGetState
                0x08011850       0x90 build/tasks.o
                0x08011850                eTaskGetState
 .text.vTaskStartScheduler
                0x080118e0       0x9c build/tasks.o
                0x080118e0                vTaskStartScheduler
 .text.vTaskSuspendAll
                0x0801197c       0x10 build/tasks.o
                0x0801197c                vTaskSuspendAll
 .text.xTaskGetTickCount
                0x0801198c        0xc build/tasks.o
                0x0801198c                xTaskGetTickCount
 .text.xTaskGetTickCountFromISR
                0x08011998       0x10 build/tasks.o
                0x08011998                xTaskGetTickCountFromISR
 .text.xTaskIncrementTick
                0x080119a8      0x11c build/tasks.o
                0x080119a8                xTaskIncrementTick
 .text.xTaskResumeAll
                0x08011ac4       0xf8 build/tasks.o
                0x08011ac4                xTaskResumeAll
 .text.vTaskDelay
                0x08011bbc       0x50 build/tasks.o
                0x08011bbc                vTaskDelay
 .text.vTaskSwitchContext
                0x08011c0c       0xcc build/tasks.o
                0x08011c0c                vTaskSwitchContext
 .text.vTaskPlaceOnEventList
                0x08011cd8       0x34 build/tasks.o
                0x08011cd8                vTaskPlaceOnEventList
 .text.vTaskPlaceOnEventListRestricted
                0x08011d0c       0x3c build/tasks.o
                0x08011d0c                vTaskPlaceOnEventListRestricted
 .text.xTaskRemoveFromEventList
                0x08011d48       0x90 build/tasks.o
                0x08011d48                xTaskRemoveFromEventList
 .text.vTaskInternalSetTimeOutState
                0x08011dd8       0x18 build/tasks.o
                0x08011dd8                vTaskInternalSetTimeOutState
 .text.xTaskCheckForTimeOut
                0x08011df0       0x88 build/tasks.o
                0x08011df0                xTaskCheckForTimeOut
 .text.vTaskMissedYield
                0x08011e78        0xc build/tasks.o
                0x08011e78                vTaskMissedYield
 .text.xTaskGetCurrentTaskHandle
                0x08011e84        0xc build/tasks.o
                0x08011e84                xTaskGetCurrentTaskHandle
 .text.xTaskGetSchedulerState
                0x08011e90       0x20 build/tasks.o
                0x08011e90                xTaskGetSchedulerState
 .text.xTaskPriorityInherit
                0x08011eb0       0x98 build/tasks.o
                0x08011eb0                xTaskPriorityInherit
 .text.xTaskPriorityDisinherit
                0x08011f48       0x98 build/tasks.o
                0x08011f48                xTaskPriorityDisinherit
 .text.vTaskPriorityDisinheritAfterTimeout
                0x08011fe0       0xa8 build/tasks.o
                0x08011fe0                vTaskPriorityDisinheritAfterTimeout
 .text.pvTaskIncrementMutexHeldCount
                0x08012088       0x1c build/tasks.o
                0x08012088                pvTaskIncrementMutexHeldCount
 .text.prvGetNextExpireTime
                0x080120a4       0x20 build/timers.o
 .text.prvInsertTimerInActiveList
                0x080120c4       0x50 build/timers.o
 .text.prvCheckForValidListAndQueue
                0x08012114       0x70 build/timers.o
 .text.xTimerCreateTimerTask
                0x08012184       0x68 build/timers.o
                0x08012184                xTimerCreateTimerTask
 .text.xTimerGenericCommand
                0x080121ec       0x70 build/timers.o
                0x080121ec                xTimerGenericCommand
 .text.prvSwitchTimerLists
                0x0801225c       0x80 build/timers.o
 .text.prvSampleTimeNow
                0x080122dc       0x2c build/timers.o
 .text.prvProcessExpiredTimer
                0x08012308       0x70 build/timers.o
 .text.prvProcessTimerOrBlockTask
                0x08012378       0x80 build/timers.o
 .text.prvProcessReceivedCommands
                0x080123f8      0x118 build/timers.o
 .text.prvTimerTask
                0x08012510       0x16 build/timers.o
 *fill*         0x08012526        0x2 
 .text.prvHeapInit
                0x08012528       0x64 build/heap_4.o
 .text.prvInsertBlockIntoFreeList
                0x0801258c       0x58 build/heap_4.o
 .text.pvPortMalloc
                0x080125e4      0x128 build/heap_4.o
                0x080125e4                pvPortMalloc
 .text.vPortFree
                0x0801270c       0x78 build/heap_4.o
                0x0801270c                vPortFree
 .text.prvTaskExitError
                0x08012784       0x48 build/port.o
 .text.prvPortStartFirstTask
                0x080127cc       0x28 build/port.o
 .text.vPortEnableVFP
                0x080127f4       0x14 build/port.o
 .text.pxPortInitialiseStack
                0x08012808       0x2c build/port.o
                0x08012808                pxPortInitialiseStack
 *fill*         0x08012834        0xc 
 .text.SVC_Handler
                0x08012840       0x24 build/port.o
                0x08012840                SVC_Handler
 .text.vPortEnterCritical
                0x08012864       0x4c build/port.o
                0x08012864                vPortEnterCritical
 .text.vPortExitCritical
                0x080128b0       0x30 build/port.o
                0x080128b0                vPortExitCritical
 .text.PendSV_Handler
                0x080128e0       0x64 build/port.o
                0x080128e0                PendSV_Handler
 .text.SysTick_Handler
                0x08012944       0x30 build/port.o
                0x08012944                SysTick_Handler
 .text.vPortSetupTimerInterrupt
                0x08012974       0x38 build/port.o
                0x08012974                vPortSetupTimerInterrupt
 .text.xPortStartScheduler
                0x080129ac       0xd0 build/port.o
                0x080129ac                xPortStartScheduler
 .text.vPortValidateInterruptPriority
                0x08012a7c       0x64 build/port.o
                0x08012a7c                vPortValidateInterruptPriority
 .text.ethernet_input
                0x08012ae0       0xa8 build/ethernet.o
                0x08012ae0                ethernet_input
 .text.ethernet_output
                0x08012b88       0x70 build/ethernet.o
                0x08012b88                ethernet_output
 .text.tcpip_timeouts_mbox_fetch
                0x08012bf8       0x60 build/tcpip.o
 .text.tcpip_thread_handle_msg
                0x08012c58       0x60 build/tcpip.o
 .text.tcpip_thread
                0x08012cb8       0x54 build/tcpip.o
 .text.tcpip_inpkt
                0x08012d0c       0x68 build/tcpip.o
                0x08012d0c                tcpip_inpkt
 .text.tcpip_input
                0x08012d74       0x24 build/tcpip.o
                0x08012d74                tcpip_input
 .text.tcpip_init
                0x08012d98       0x84 build/tcpip.o
                0x08012d98                tcpip_init
 .text.lwip_htons
                0x08012e1c        0xa build/def.o
                0x08012e1c                lwip_htons
 .text.lwip_htonl
                0x08012e26       0x18 build/def.o
                0x08012e26                lwip_htonl
 .text.lwip_strnstr
                0x08012e3e       0x4e build/def.o
                0x08012e3e                lwip_strnstr
 .text.lwip_stricmp
                0x08012e8c       0x3a build/def.o
                0x08012e8c                lwip_stricmp
 .text.lwip_init
                0x08012ec6       0x20 build/init.o
                0x08012ec6                lwip_init
 *fill*         0x08012ee6        0x2 
 .text.ptr_to_mem
                0x08012ee8        0xc build/mem.o
 .text.mem_to_ptr
                0x08012ef4       0x10 build/mem.o
 .text.mem_link_valid
                0x08012f04       0x5c build/mem.o
 .text.plug_holes
                0x08012f60      0x100 build/mem.o
 .text.mem_init
                0x08013060       0x68 build/mem.o
                0x08013060                mem_init
 .text.mem_free
                0x080130c8       0xf0 build/mem.o
                0x080130c8                mem_free
 .text.mem_trim
                0x080131b8      0x19c build/mem.o
                0x080131b8                mem_trim
 .text.mem_malloc
                0x08013354      0x184 build/mem.o
                0x08013354                mem_malloc
 .text.do_memp_malloc_pool
                0x080134d8       0x48 build/memp.o
 .text.do_memp_free_pool
                0x08013520       0x3c build/memp.o
 .text.memp_init_pool
                0x0801355c       0x28 build/memp.o
                0x0801355c                memp_init_pool
 .text.memp_init
                0x08013584       0x20 build/memp.o
                0x08013584                memp_init
 .text.memp_malloc
                0x080135a4       0x34 build/memp.o
                0x080135a4                memp_malloc
 .text.memp_free
                0x080135d8       0x34 build/memp.o
                0x080135d8                memp_free
 .text.netif_null_output_ip4
                0x0801360c        0x6 build/netif.o
 *fill*         0x08013612        0x2 
 .text.netif_do_set_netmask
                0x08013614       0x44 build/netif.o
 .text.netif_do_set_gw
                0x08013658       0x44 build/netif.o
 .text.netif_do_ip_addr_changed
                0x0801369c       0x14 build/netif.o
 .text.netif_issue_reports
                0x080136b0       0x50 build/netif.o
 .text.netif_do_set_ipaddr
                0x08013700       0x74 build/netif.o
 .text.netif_init
                0x08013774        0x2 build/netif.o
                0x08013774                netif_init
 *fill*         0x08013776        0x2 
 .text.netif_set_default
                0x08013778        0xc build/netif.o
                0x08013778                netif_set_default
 .text.netif_set_link_callback
                0x08013784        0x6 build/netif.o
                0x08013784                netif_set_link_callback
 *fill*         0x0801378a        0x2 
 .text.netif_get_by_index
                0x0801378c       0x24 build/netif.o
                0x0801378c                netif_get_by_index
 .text.netif_invoke_ext_callback
                0x080137b0       0x40 build/netif.o
                0x080137b0                netif_invoke_ext_callback
 .text.netif_set_addr
                0x080137f0       0xb4 build/netif.o
                0x080137f0                netif_set_addr
 .text.netif_add
                0x080138a4      0x130 build/netif.o
                0x080138a4                netif_add
 .text.netif_set_up
                0x080139d4       0x58 build/netif.o
                0x080139d4                netif_set_up
 .text.netif_set_down
                0x08013a2c       0x68 build/netif.o
                0x08013a2c                netif_set_down
 .text.netif_set_link_up
                0x08013a94       0x5c build/netif.o
                0x08013a94                netif_set_link_up
 .text.netif_set_link_down
                0x08013af0       0x50 build/netif.o
                0x08013af0                netif_set_link_down
 .text.pbuf_init_alloced_pbuf
                0x08013b40       0x24 build/pbuf.o
 .text.pbuf_add_header_impl
                0x08013b64       0x84 build/pbuf.o
 .text.pbuf_alloc_reference
                0x08013be8       0x50 build/pbuf.o
                0x08013be8                pbuf_alloc_reference
 .text.pbuf_alloced_custom
                0x08013c38       0x3a build/pbuf.o
                0x08013c38                pbuf_alloced_custom
 .text.pbuf_add_header
                0x08013c72        0xa build/pbuf.o
                0x08013c72                pbuf_add_header
 .text.pbuf_remove_header
                0x08013c7c       0x74 build/pbuf.o
                0x08013c7c                pbuf_remove_header
 .text.pbuf_header_impl
                0x08013cf0       0x14 build/pbuf.o
 .text.pbuf_header_force
                0x08013d04        0xa build/pbuf.o
                0x08013d04                pbuf_header_force
 *fill*         0x08013d0e        0x2 
 .text.pbuf_free
                0x08013d10       0xd0 build/pbuf.o
                0x08013d10                pbuf_free
 .text.pbuf_alloc
                0x08013de0      0x158 build/pbuf.o
                0x08013de0                pbuf_alloc
 .text.pbuf_realloc
                0x08013f38       0xa8 build/pbuf.o
                0x08013f38                pbuf_realloc
 .text.pbuf_clen
                0x08013fe0       0x12 build/pbuf.o
                0x08013fe0                pbuf_clen
 *fill*         0x08013ff2        0x2 
 .text.pbuf_ref
                0x08013ff4       0x38 build/pbuf.o
                0x08013ff4                pbuf_ref
 .text.pbuf_cat
                0x0801402c       0x80 build/pbuf.o
                0x0801402c                pbuf_cat
 .text.pbuf_copy
                0x080140ac      0x130 build/pbuf.o
                0x080140ac                pbuf_copy
 .text.pbuf_copy_partial
                0x080141dc       0x94 build/pbuf.o
                0x080141dc                pbuf_copy_partial
 .text.pbuf_clone
                0x08014270       0x38 build/pbuf.o
                0x08014270                pbuf_clone
 .text.tcp_new_port
                0x080142a8       0x68 build/tcp.o
 .text.tcp_remove_listener
                0x08014310       0x34 build/tcp.o
 .text.tcp_listen_closed
                0x08014344       0x5c build/tcp.o
 .text.tcp_free_listen
                0x080143a0       0x30 build/tcp.o
 .text.tcp_close_shutdown_fin
                0x080143d0       0x88 build/tcp.o
 .text.tcp_handle_closepend
                0x08014458       0x2c build/tcp.o
 .text.tcp_init
                0x08014484       0x18 build/tcp.o
                0x08014484                tcp_init
 .text.tcp_free
                0x0801449c       0x30 build/tcp.o
                0x0801449c                tcp_free
 .text.tcp_bind
                0x080144cc       0xcc build/tcp.o
                0x080144cc                tcp_bind
 .text.tcp_listen_with_backlog_and_err
                0x08014598       0xe0 build/tcp.o
                0x08014598                tcp_listen_with_backlog_and_err
 .text.tcp_listen_with_backlog
                0x08014678        0xa build/tcp.o
                0x08014678                tcp_listen_with_backlog
 *fill*         0x08014682        0x2 
 .text.tcp_update_rcv_ann_wnd
                0x08014684       0x74 build/tcp.o
                0x08014684                tcp_update_rcv_ann_wnd
 .text.tcp_recved
                0x080146f8       0x78 build/tcp.o
                0x080146f8                tcp_recved
 .text.tcp_seg_free
                0x08014770       0x1a build/tcp.o
                0x08014770                tcp_seg_free
 .text.tcp_segs_free
                0x0801478a       0x14 build/tcp.o
                0x0801478a                tcp_segs_free
 *fill*         0x0801479e        0x2 
 .text.tcp_setprio
                0x080147a0       0x24 build/tcp.o
                0x080147a0                tcp_setprio
 .text.tcp_arg  0x080147c4        0x6 build/tcp.o
                0x080147c4                tcp_arg
 *fill*         0x080147ca        0x2 
 .text.tcp_recv
                0x080147cc       0x34 build/tcp.o
                0x080147cc                tcp_recv
 .text.tcp_sent
                0x08014800       0x30 build/tcp.o
                0x08014800                tcp_sent
 .text.tcp_err  0x08014830       0x34 build/tcp.o
                0x08014830                tcp_err
 .text.tcp_accept
                0x08014864        0xe build/tcp.o
                0x08014864                tcp_accept
 *fill*         0x08014872        0x2 
 .text.tcp_poll
                0x08014874       0x48 build/tcp.o
                0x08014874                tcp_poll
 .text.tcp_pcb_purge
                0x080148bc       0x64 build/tcp.o
                0x080148bc                tcp_pcb_purge
 .text.tcp_slowtmr
                0x08014920      0x490 build/tcp.o
                0x08014920                tcp_slowtmr
 .text.tcp_pcb_remove
                0x08014db0       0xbc build/tcp.o
                0x08014db0                tcp_pcb_remove
 .text.tcp_close_shutdown
                0x08014e6c      0x14c build/tcp.o
 .text.tcp_close
                0x08014fb8       0x40 build/tcp.o
                0x08014fb8                tcp_close
 .text.tcp_recv_null
                0x08014ff8       0x48 build/tcp.o
                0x08014ff8                tcp_recv_null
 .text.tcp_process_refused_data
                0x08015040       0x8c build/tcp.o
                0x08015040                tcp_process_refused_data
 .text.tcp_fasttmr
                0x080150cc       0x80 build/tcp.o
                0x080150cc                tcp_fasttmr
 .text.tcp_tmr  0x0801514c       0x24 build/tcp.o
                0x0801514c                tcp_tmr
 .text.tcp_abandon
                0x08015170      0x104 build/tcp.o
                0x08015170                tcp_abandon
 .text.tcp_abort
                0x08015274        0xa build/tcp.o
                0x08015274                tcp_abort
 *fill*         0x0801527e        0x2 
 .text.tcp_accept_null
                0x08015280       0x30 build/tcp.o
 .text.tcp_kill_timewait
                0x080152b0       0x34 build/tcp.o
 .text.tcp_kill_prio
                0x080152e4       0x50 build/tcp.o
 .text.tcp_netif_ip_addr_changed_pcblist
                0x08015334       0x40 build/tcp.o
 .text.tcp_kill_state
                0x08015374       0x64 build/tcp.o
 .text.tcp_alloc
                0x080153d8       0xc4 build/tcp.o
                0x080153d8                tcp_alloc
 .text.tcp_new_ip_type
                0x0801549c        0xa build/tcp.o
                0x0801549c                tcp_new_ip_type
 *fill*         0x080154a6        0x2 
 .text.tcp_next_iss
                0x080154a8       0x38 build/tcp.o
                0x080154a8                tcp_next_iss
 .text.tcp_eff_send_mss_netif
                0x080154e0       0x40 build/tcp.o
                0x080154e0                tcp_eff_send_mss_netif
 .text.tcp_netif_ip_addr_changed
                0x08015520       0x54 build/tcp.o
                0x08015520                tcp_netif_ip_addr_changed
 .text.tcp_get_next_optbyte
                0x08015574       0x3c build/tcp_in.o
 .text.tcp_parseopt
                0x080155b0       0xa4 build/tcp_in.o
 .text.tcp_input_delayed_close
                0x08015654       0x60 build/tcp_in.o
 .text.tcp_timewait_input
                0x080156b4       0xb4 build/tcp_in.o
 .text.tcp_listen_input
                0x08015768      0x150 build/tcp_in.o
 .text.tcp_free_acked_segments
                0x080158b8       0xc4 build/tcp_in.o
 .text.tcp_receive
                0x0801597c      0x568 build/tcp_in.o
 .text.tcp_process
                0x08015ee4      0x588 build/tcp_in.o
 .text.tcp_input
                0x0801646c      0x5a4 build/tcp_in.o
                0x0801646c                tcp_input
 .text.tcp_trigger_input_pcb_close
                0x08016a10       0x10 build/tcp_in.o
                0x08016a10                tcp_trigger_input_pcb_close
 .text.tcp_write_checks
                0x08016a20       0xbc build/tcp_out.o
 .text.tcp_output_segment_busy
                0x08016adc       0x34 build/tcp_out.o
 .text.tcp_output_fill_options
                0x08016b10       0x4c build/tcp_out.o
 .text.tcp_pbuf_prealloc
                0x08016b5c       0xb8 build/tcp_out.o
 .text.tcp_create_segment
                0x08016c14       0xe8 build/tcp_out.o
 .text.tcp_output_alloc_header_common
                0x08016cfc       0x98 build/tcp_out.o
 .text.tcp_output_alloc_header
                0x08016d94       0x58 build/tcp_out.o
 .text.tcp_route
                0x08016dec       0x16 build/tcp_out.o
 *fill*         0x08016e02        0x2 
 .text.tcp_output_segment
                0x08016e04      0x13c build/tcp_out.o
 .text.tcp_output_control_segment
                0x08016f40       0x6c build/tcp_out.o
 .text.tcp_write
                0x08016fac      0x530 build/tcp_out.o
                0x08016fac                tcp_write
 .text.tcp_split_unsent_seg
                0x080174dc      0x1ac build/tcp_out.o
                0x080174dc                tcp_split_unsent_seg
 .text.tcp_enqueue_flags
                0x08017688      0x154 build/tcp_out.o
                0x08017688                tcp_enqueue_flags
 .text.tcp_send_fin
                0x080177dc       0x64 build/tcp_out.o
                0x080177dc                tcp_send_fin
 .text.tcp_rexmit_rto_prepare
                0x08017840       0x94 build/tcp_out.o
                0x08017840                tcp_rexmit_rto_prepare
 .text.tcp_rexmit
                0x080178d4       0x88 build/tcp_out.o
                0x080178d4                tcp_rexmit
 .text.tcp_rexmit_fast
                0x0801795c       0x7c build/tcp_out.o
                0x0801795c                tcp_rexmit_fast
 .text.tcp_rst  0x080179d8       0x90 build/tcp_out.o
                0x080179d8                tcp_rst
 .text.tcp_send_empty_ack
                0x08017a68       0x78 build/tcp_out.o
                0x08017a68                tcp_send_empty_ack
 .text.tcp_output
                0x08017ae0      0x2a0 build/tcp_out.o
                0x08017ae0                tcp_output
 .text.tcp_rexmit_rto_commit
                0x08017d80       0x38 build/tcp_out.o
                0x08017d80                tcp_rexmit_rto_commit
 .text.tcp_rexmit_rto
                0x08017db8       0x34 build/tcp_out.o
                0x08017db8                tcp_rexmit_rto
 .text.tcp_keepalive
                0x08017dec       0x5c build/tcp_out.o
                0x08017dec                tcp_keepalive
 .text.tcp_zero_window_probe
                0x08017e48       0xdc build/tcp_out.o
                0x08017e48                tcp_zero_window_probe
 .text.sys_timeout_abs
                0x08017f24       0x70 build/timeouts.o
 .text.lwip_cyclic_timer
                0x08017f94       0x3c build/timeouts.o
 .text.sys_timeout
                0x08017fd0       0x3c build/timeouts.o
                0x08017fd0                sys_timeout
 .text.tcp_timer_needed
                0x0801800c       0x3c build/timeouts.o
                0x0801800c                tcp_timer_needed
 .text.tcpip_tcp_timer
                0x08018048       0x38 build/timeouts.o
 .text.sys_timeouts_init
                0x08018080       0x28 build/timeouts.o
                0x08018080                sys_timeouts_init
 .text.sys_check_timeouts
                0x080180a8       0x40 build/timeouts.o
                0x080180a8                sys_check_timeouts
 .text.sys_timeouts_sleeptime
                0x080180e8       0x48 build/timeouts.o
                0x080180e8                sys_timeouts_sleeptime
 .text.udp_input_local_match
                0x08018130       0xa0 build/udp.o
 .text.udp_init
                0x080181d0       0x18 build/udp.o
                0x080181d0                udp_init
 .text.udp_input
                0x080181e8      0x184 build/udp.o
                0x080181e8                udp_input
 .text.udp_netif_ip_addr_changed
                0x0801836c       0x38 build/udp.o
                0x0801836c                udp_netif_ip_addr_changed
 .text.etharp_free_entry
                0x080183a4       0x34 build/etharp.o
 .text.etharp_find_entry
                0x080183d8      0x1c8 build/etharp.o
 .text.etharp_update_arp_entry
                0x080185a0       0xcc build/etharp.o
 .text.etharp_raw
                0x0801866c       0xe4 build/etharp.o
 .text.etharp_request_dst
                0x08018750       0x28 build/etharp.o
 .text.etharp_cleanup_netif
                0x08018778       0x38 build/etharp.o
                0x08018778                etharp_cleanup_netif
 .text.etharp_input
                0x080187b0       0xb8 build/etharp.o
                0x080187b0                etharp_input
 .text.etharp_request
                0x08018868       0x10 build/etharp.o
                0x08018868                etharp_request
 .text.etharp_tmr
                0x08018878       0x88 build/etharp.o
                0x08018878                etharp_tmr
 .text.etharp_output_to_arp_index
                0x08018900       0xd4 build/etharp.o
 .text.etharp_query
                0x080189d4      0x1b8 build/etharp.o
                0x080189d4                etharp_query
 .text.etharp_output
                0x08018b8c      0x178 build/etharp.o
                0x08018b8c                etharp_output
 .text.icmp_send_response
                0x08018d04       0xb0 build/icmp.o
 .text.icmp_input
                0x08018db4      0x148 build/icmp.o
                0x08018db4                icmp_input
 .text.icmp_dest_unreach
                0x08018efc        0xc build/icmp.o
                0x08018efc                icmp_dest_unreach
 .text.icmp_time_exceeded
                0x08018f08        0xc build/icmp.o
                0x08018f08                icmp_time_exceeded
 .text.ip4_input_accept
                0x08018f14       0x38 build/ip4.o
 .text.ip4_route
                0x08018f4c       0xc0 build/ip4.o
                0x08018f4c                ip4_route
 .text.ip4_input
                0x0801900c      0x1a0 build/ip4.o
                0x0801900c                ip4_input
 .text.ip4_output_if_src
                0x080191ac      0x104 build/ip4.o
                0x080191ac                ip4_output_if_src
 .text.ip4_output_if
                0x080192b0       0x2a build/ip4.o
                0x080192b0                ip4_output_if
 .text.ip4_addr_isbroadcast_u32
                0x080192da       0x40 build/ip4_addr.o
                0x080192da                ip4_addr_isbroadcast_u32
 *fill*         0x0801931a        0x2 
 .text.ip_reass_dequeue_datagram
                0x0801931c       0x48 build/ip4_frag.o
 .text.ip_reass_free_complete_datagram
                0x08019364       0xf8 build/ip4_frag.o
 .text.ip_reass_remove_oldest_datagram
                0x0801945c       0x84 build/ip4_frag.o
 .text.ip_frag_free_pbuf_custom_ref
                0x080194e0       0x2c build/ip4_frag.o
 .text.ipfrag_free_pbuf_custom
                0x0801950c       0x34 build/ip4_frag.o
 .text.ip_reass_chain_frag_into_datagram_and_validate
                0x08019540      0x1b0 build/ip4_frag.o
 .text.ip_frag_alloc_pbuf_custom_ref
                0x080196f0        0xa build/ip4_frag.o
 *fill*         0x080196fa        0x2 
 .text.ip_reass_enqueue_new_datagram
                0x080196fc       0x64 build/ip4_frag.o
 .text.ip_reass_tmr
                0x08019760       0x2c build/ip4_frag.o
                0x08019760                ip_reass_tmr
 .text.ip4_reass
                0x0801978c      0x220 build/ip4_frag.o
                0x0801978c                ip4_reass
 .text.ip4_frag
                0x080199ac      0x1f0 build/ip4_frag.o
                0x080199ac                ip4_frag
 .text.sys_mbox_new
                0x08019b9c       0x1c build/sys_arch.o
                0x08019b9c                sys_mbox_new
 .text.sys_mbox_trypost
                0x08019bb8       0x22 build/sys_arch.o
                0x08019bb8                sys_mbox_trypost
 .text.sys_arch_mbox_fetch
                0x08019bda       0x42 build/sys_arch.o
                0x08019bda                sys_arch_mbox_fetch
 .text.sys_mbox_valid
                0x08019c1c        0xc build/sys_arch.o
                0x08019c1c                sys_mbox_valid
 .text.sys_init
                0x08019c28       0x14 build/sys_arch.o
                0x08019c28                sys_init
 .text.sys_mutex_new
                0x08019c3c       0x18 build/sys_arch.o
                0x08019c3c                sys_mutex_new
 .text.sys_mutex_lock
                0x08019c54        0xe build/sys_arch.o
                0x08019c54                sys_mutex_lock
 .text.sys_mutex_unlock
                0x08019c62        0xa build/sys_arch.o
                0x08019c62                sys_mutex_unlock
 .text.sys_thread_new
                0x08019c6c       0x2c build/sys_arch.o
                0x08019c6c                sys_thread_new
 .text.sys_arch_protect
                0x08019c98       0x18 build/sys_arch.o
                0x08019c98                sys_arch_protect
 .text.sys_arch_unprotect
                0x08019cb0       0x10 build/sys_arch.o
                0x08019cb0                sys_arch_unprotect
 .text.readSector
                0x08019cc0       0x16 build/nvm.o
                0x08019cc0                readSector
 *fill*         0x08019cd6        0x2 
 .text.flash_erase
                0x08019cd8       0x2c build/nvm.o
                0x08019cd8                flash_erase
 .text.flash_write
                0x08019d04       0x3c build/nvm.o
                0x08019d04                flash_write
 .text.vprint   0x08019d40       0x30 build/printEx.o
                0x08019d40                vprint
 .text.my_printf
                0x08019d70       0x1c build/printEx.o
                0x08019d70                my_printf
 .text.osKernelInitialize
                0x08019d8c       0x40 build/cmsis_os2.o
                0x08019d8c                osKernelInitialize
 .text.osKernelStart
                0x08019dcc       0x48 build/cmsis_os2.o
                0x08019dcc                osKernelStart
 .text.osKernelGetTickCount
                0x08019e14       0x2c build/cmsis_os2.o
                0x08019e14                osKernelGetTickCount
 .text.osThreadNew
                0x08019e40       0xd4 build/cmsis_os2.o
                0x08019e40                osThreadNew
 .text.osThreadTerminate
                0x08019f14       0x50 build/cmsis_os2.o
                0x08019f14                osThreadTerminate
 .text.osDelay  0x08019f64       0x3c build/cmsis_os2.o
                0x08019f64                osDelay
 .text.osMutexNew
                0x08019fa0       0xc0 build/cmsis_os2.o
                0x08019fa0                osMutexNew
 .text.osMutexAcquire
                0x0801a060       0x78 build/cmsis_os2.o
                0x0801a060                osMutexAcquire
 .text.osMutexRelease
                0x0801a0d8       0x6c build/cmsis_os2.o
                0x0801a0d8                osMutexRelease
 .text.osSemaphoreNew
                0x0801a144       0xe0 build/cmsis_os2.o
                0x0801a144                osSemaphoreNew
 .text.osSemaphoreAcquire
                0x0801a224       0x88 build/cmsis_os2.o
                0x0801a224                osSemaphoreAcquire
 .text.osSemaphoreRelease
                0x0801a2ac       0x7c build/cmsis_os2.o
                0x0801a2ac                osSemaphoreRelease
 .text.osMessageQueueNew
                0x0801a328       0xb8 build/cmsis_os2.o
                0x0801a328                osMessageQueueNew
 .text.osMessageQueuePut
                0x0801a3e0       0xa8 build/cmsis_os2.o
                0x0801a3e0                osMessageQueuePut
 .text.osMessageQueueGet
                0x0801a488       0xa8 build/cmsis_os2.o
                0x0801a488                osMessageQueueGet
 .text.vApplicationGetIdleTaskMemory
                0x0801a530       0x18 build/cmsis_os2.o
                0x0801a530                vApplicationGetIdleTaskMemory
 .text.vApplicationGetTimerTaskMemory
                0x0801a548       0x18 build/cmsis_os2.o
                0x0801a548                vApplicationGetTimerTaskMemory
 .text.HAL_DCMI_Init
                0x0801a560       0xa0 build/stm32f7xx_hal_dcmi.o
                0x0801a560                HAL_DCMI_Init
 .text.http_server_netconn_thread
                0x0801a600       0x10 build/httpserver-netconn.o
 .text.http_server_netconn_init
                0x0801a610       0x24 build/httpserver-netconn.o
                0x0801a610                http_server_netconn_init
 .text.httpd_init_pcb
                0x0801a634       0x6c build/httpd.o
 .text.get_tag_insert
                0x0801a6a0      0x120 build/httpd.o
 .text.http_write
                0x0801a7c0       0xa0 build/httpd.o
 .text.http_send_data_ssi
                0x0801a860      0x420 build/httpd.o
 .text.http_send_data_nonssi
                0x0801ac80       0x48 build/httpd.o
 .text.http_ssi_state_free
                0x0801acc8        0xc build/httpd.o
 .text.http_state_eof
                0x0801acd4       0x36 build/httpd.o
 .text.http_state_free
                0x0801ad0a       0x14 build/httpd.o
 *fill*         0x0801ad1e        0x2 
 .text.http_close_or_abort_conn
                0x0801ad20       0x60 build/httpd.o
 .text.http_close_conn
                0x0801ad80        0xa build/httpd.o
 .text.http_eof
                0x0801ad8a        0x8 build/httpd.o
 .text.http_check_eof
                0x0801ad92       0xb2 build/httpd.o
 .text.http_send
                0x0801ae44       0x54 build/httpd.o
 .text.http_sent
                0x0801ae98       0x1c build/httpd.o
 .text.http_err
                0x0801aeb4        0xc build/httpd.o
 .text.http_poll
                0x0801aec0       0x42 build/httpd.o
 *fill*         0x0801af02        0x2 
 .text.http_get_404_file
                0x0801af04       0x44 build/httpd.o
 .text.extract_uri_parameters
                0x0801af48       0x88 build/httpd.o
 .text.http_uri_is_ssi
                0x0801afd0       0x60 build/httpd.o
 .text.http_ssi_state_alloc
                0x0801b030       0x18 build/httpd.o
 .text.http_init_file
                0x0801b048       0xc4 build/httpd.o
 .text.http_find_file
                0x0801b10c      0x19c build/httpd.o
 .text.http_parse_request
                0x0801b2a8      0x164 build/httpd.o
 .text.http_recv
                0x0801b40c       0xc8 build/httpd.o
 .text.http_state_init
                0x0801b4d4        0xc build/httpd.o
 .text.http_state_alloc
                0x0801b4e0       0x14 build/httpd.o
 .text.http_accept
                0x0801b4f4       0x70 build/httpd.o
 .text.httpd_init
                0x0801b564       0x34 build/httpd.o
                0x0801b564                httpd_init
 .text.http_set_ssi_handler
                0x0801b598       0x70 build/httpd.o
                0x0801b598                http_set_ssi_handler
 .text.http_set_cgi_handlers
                0x0801b608       0x50 build/httpd.o
                0x0801b608                http_set_cgi_handlers
 .text.fs_open  0x0801b658       0x4c build/fs.o
                0x0801b658                fs_open
 .text.fs_close
                0x0801b6a4        0x2 build/fs.o
                0x0801b6a4                fs_close
 .text.fs_read  0x0801b6a6       0x32 build/fs.o
                0x0801b6a6                fs_read
 .text.fs_bytes_left
                0x0801b6d8        0x8 build/fs.o
                0x0801b6d8                fs_bytes_left
 .text.LedCGIhandler
                0x0801b6e0        0x8 build/http_cgi_ssi.o
                0x0801b6e0                LedCGIhandler
 .text.mySSIHandler
                0x0801b6e8       0xa4 build/http_cgi_ssi.o
                0x0801b6e8                mySSIHandler
 .text.mySSIinit
                0x0801b78c       0x18 build/http_cgi_ssi.o
                0x0801b78c                mySSIinit
 .text.myCGIinit
                0x0801b7a4       0x20 build/http_cgi_ssi.o
                0x0801b7a4                myCGIinit
 .text.Reset_Handler
                0x0801b7c4       0x50 build/startup_stm32f746xx.o
                0x0801b7c4                Reset_Handler
 .text.Default_Handler
                0x0801b814        0x2 build/startup_stm32f746xx.o
                0x0801b814                RTC_Alarm_IRQHandler
                0x0801b814                EXTI2_IRQHandler
                0x0801b814                TIM8_CC_IRQHandler
                0x0801b814                UART8_IRQHandler
                0x0801b814                SPI4_IRQHandler
                0x0801b814                TIM1_CC_IRQHandler
                0x0801b814                DMA2_Stream5_IRQHandler
                0x0801b814                DMA1_Stream5_IRQHandler
                0x0801b814                PVD_IRQHandler
                0x0801b814                TAMP_STAMP_IRQHandler
                0x0801b814                CAN2_RX1_IRQHandler
                0x0801b814                EXTI3_IRQHandler
                0x0801b814                TIM8_TRG_COM_TIM14_IRQHandler
                0x0801b814                TIM1_UP_TIM10_IRQHandler
                0x0801b814                TIM8_UP_TIM13_IRQHandler
                0x0801b814                I2C3_ER_IRQHandler
                0x0801b814                EXTI0_IRQHandler
                0x0801b814                I2C2_EV_IRQHandler
                0x0801b814                DMA1_Stream2_IRQHandler
                0x0801b814                CAN1_RX0_IRQHandler
                0x0801b814                FPU_IRQHandler
                0x0801b814                OTG_HS_WKUP_IRQHandler
                0x0801b814                LTDC_ER_IRQHandler
                0x0801b814                CAN2_SCE_IRQHandler
                0x0801b814                DMA2_Stream2_IRQHandler
                0x0801b814                SPI1_IRQHandler
                0x0801b814                TIM1_BRK_TIM9_IRQHandler
                0x0801b814                DCMI_IRQHandler
                0x0801b814                CAN2_RX0_IRQHandler
                0x0801b814                DMA2_Stream3_IRQHandler
                0x0801b814                SAI2_IRQHandler
                0x0801b814                USART6_IRQHandler
                0x0801b814                USART3_IRQHandler
                0x0801b814                CAN1_RX1_IRQHandler
                0x0801b814                UART5_IRQHandler
                0x0801b814                DMA2_Stream0_IRQHandler
                0x0801b814                TIM4_IRQHandler
                0x0801b814                QUADSPI_IRQHandler
                0x0801b814                I2C1_EV_IRQHandler
                0x0801b814                DMA1_Stream6_IRQHandler
                0x0801b814                DMA1_Stream1_IRQHandler
                0x0801b814                UART4_IRQHandler
                0x0801b814                TIM3_IRQHandler
                0x0801b814                RCC_IRQHandler
                0x0801b814                TIM8_BRK_TIM12_IRQHandler
                0x0801b814                Default_Handler
                0x0801b814                CEC_IRQHandler
                0x0801b814                EXTI15_10_IRQHandler
                0x0801b814                ADC_IRQHandler
                0x0801b814                DMA1_Stream7_IRQHandler
                0x0801b814                SPI5_IRQHandler
                0x0801b814                TIM7_IRQHandler
                0x0801b814                SDMMC1_IRQHandler
                0x0801b814                CAN2_TX_IRQHandler
                0x0801b814                TIM5_IRQHandler
                0x0801b814                DMA2_Stream7_IRQHandler
                0x0801b814                I2C3_EV_IRQHandler
                0x0801b814                EXTI9_5_IRQHandler
                0x0801b814                RTC_WKUP_IRQHandler
                0x0801b814                ETH_WKUP_IRQHandler
                0x0801b814                SPDIF_RX_IRQHandler
                0x0801b814                SPI2_IRQHandler
                0x0801b814                OTG_HS_EP1_IN_IRQHandler
                0x0801b814                DMA1_Stream0_IRQHandler
                0x0801b814                CAN1_TX_IRQHandler
                0x0801b814                EXTI4_IRQHandler
                0x0801b814                RNG_IRQHandler
                0x0801b814                OTG_HS_EP1_OUT_IRQHandler
                0x0801b814                WWDG_IRQHandler
                0x0801b814                SPI6_IRQHandler
                0x0801b814                I2C4_EV_IRQHandler
                0x0801b814                TIM2_IRQHandler
                0x0801b814                OTG_FS_WKUP_IRQHandler
                0x0801b814                TIM1_TRG_COM_TIM11_IRQHandler
                0x0801b814                OTG_HS_IRQHandler
                0x0801b814                EXTI1_IRQHandler
                0x0801b814                UART7_IRQHandler
                0x0801b814                USART2_IRQHandler
                0x0801b814                I2C2_ER_IRQHandler
                0x0801b814                DMA2_Stream1_IRQHandler
                0x0801b814                CAN1_SCE_IRQHandler
                0x0801b814                FLASH_IRQHandler
                0x0801b814                DMA2_Stream4_IRQHandler
                0x0801b814                USART1_IRQHandler
                0x0801b814                SPI3_IRQHandler
                0x0801b814                DMA1_Stream4_IRQHandler
                0x0801b814                I2C1_ER_IRQHandler
                0x0801b814                FMC_IRQHandler
                0x0801b814                LPTIM1_IRQHandler
                0x0801b814                I2C4_ER_IRQHandler
                0x0801b814                DMA2_Stream6_IRQHandler
                0x0801b814                SAI1_IRQHandler
                0x0801b814                DMA1_Stream3_IRQHandler
 *fill*         0x0801b816        0x2 
 .text.__libc_init_array
                0x0801b818       0x48 c:/vsarm/armcc/bin/../lib/gcc/arm-none-eabi/7.3.1/../../../../arm-none-eabi/lib/thumb/v7e-m/fpv4-sp/hard\libc_nano.a(lib_a-init.o)
                0x0801b818                __libc_init_array
 .text.memcmp   0x0801b860       0x1e c:/vsarm/armcc/bin/../lib/gcc/arm-none-eabi/7.3.1/../../../../arm-none-eabi/lib/thumb/v7e-m/fpv4-sp/hard\libc_nano.a(lib_a-memcmp.o)
                0x0801b860                memcmp
 .text.memcpy   0x0801b87e       0x16 c:/vsarm/armcc/bin/../lib/gcc/arm-none-eabi/7.3.1/../../../../arm-none-eabi/lib/thumb/v7e-m/fpv4-sp/hard\libc_nano.a(lib_a-memcpy-stub.o)
                0x0801b87e                memcpy
 .text.memmove  0x0801b894       0x32 c:/vsarm/armcc/bin/../lib/gcc/arm-none-eabi/7.3.1/../../../../arm-none-eabi/lib/thumb/v7e-m/fpv4-sp/hard\libc_nano.a(lib_a-memmove.o)
                0x0801b894                memmove
 .text.memset   0x0801b8c6       0x10 c:/vsarm/armcc/bin/../lib/gcc/arm-none-eabi/7.3.1/../../../../arm-none-eabi/lib/thumb/v7e-m/fpv4-sp/hard\libc_nano.a(lib_a-memset.o)
                0x0801b8c6                memset
 *fill*         0x0801b8d6        0x2 
 .text.printf   0x0801b8d8       0x30 c:/vsarm/armcc/bin/../lib/gcc/arm-none-eabi/7.3.1/../../../../arm-none-eabi/lib/thumb/v7e-m/fpv4-sp/hard\libc_nano.a(lib_a-printf.o)
                0x0801b8d8                iprintf
                0x0801b8d8                printf
 .text.rand     0x0801b908       0x68 c:/vsarm/armcc/bin/../lib/gcc/arm-none-eabi/7.3.1/../../../../arm-none-eabi/lib/thumb/v7e-m/fpv4-sp/hard\libc_nano.a(lib_a-rand.o)
                0x0801b908                rand
 .text.sprintf  0x0801b970       0x40 c:/vsarm/armcc/bin/../lib/gcc/arm-none-eabi/7.3.1/../../../../arm-none-eabi/lib/thumb/v7e-m/fpv4-sp/hard\libc_nano.a(lib_a-sprintf.o)
                0x0801b970                siprintf
                0x0801b970                sprintf
 .text.strchr   0x0801b9b0       0x1a c:/vsarm/armcc/bin/../lib/gcc/arm-none-eabi/7.3.1/../../../../arm-none-eabi/lib/thumb/v7e-m/fpv4-sp/hard\libc_nano.a(lib_a-strchr.o)
                0x0801b9b0                strchr
 .text.strcpy   0x0801b9ca       0x10 c:/vsarm/armcc/bin/../lib/gcc/arm-none-eabi/7.3.1/../../../../arm-none-eabi/lib/thumb/v7e-m/fpv4-sp/hard\libc_nano.a(lib_a-strcpy.o)
                0x0801b9ca                strcpy
 .text.strncmp  0x0801b9da       0x24 c:/vsarm/armcc/bin/../lib/gcc/arm-none-eabi/7.3.1/../../../../arm-none-eabi/lib/thumb/v7e-m/fpv4-sp/hard\libc_nano.a(lib_a-strncmp.o)
                0x0801b9da                strncmp
 *fill*         0x0801b9fe        0x2 
 .text._vsprintf_r
                0x0801ba00       0x2c c:/vsarm/armcc/bin/../lib/gcc/arm-none-eabi/7.3.1/../../../../arm-none-eabi/lib/thumb/v7e-m/fpv4-sp/hard\libc_nano.a(lib_a-vsprintf.o)
                0x0801ba00                _vsprintf_r
                0x0801ba00                _vsiprintf_r
 .text.vsprintf
                0x0801ba2c       0x14 c:/vsarm/armcc/bin/../lib/gcc/arm-none-eabi/7.3.1/../../../../arm-none-eabi/lib/thumb/v7e-m/fpv4-sp/hard\libc_nano.a(lib_a-vsprintf.o)
                0x0801ba2c                vsiprintf
                0x0801ba2c                vsprintf
 .text.std      0x0801ba40       0x48 c:/vsarm/armcc/bin/../lib/gcc/arm-none-eabi/7.3.1/../../../../arm-none-eabi/lib/thumb/v7e-m/fpv4-sp/hard\libc_nano.a(lib_a-findfp.o)
 .text._cleanup_r
                0x0801ba88        0xc c:/vsarm/armcc/bin/../lib/gcc/arm-none-eabi/7.3.1/../../../../arm-none-eabi/lib/thumb/v7e-m/fpv4-sp/hard\libc_nano.a(lib_a-findfp.o)
                0x0801ba88                _cleanup_r
 .text.__sfmoreglue
                0x0801ba94       0x2c c:/vsarm/armcc/bin/../lib/gcc/arm-none-eabi/7.3.1/../../../../arm-none-eabi/lib/thumb/v7e-m/fpv4-sp/hard\libc_nano.a(lib_a-findfp.o)
                0x0801ba94                __sfmoreglue
 .text.__sinit  0x0801bac0       0x60 c:/vsarm/armcc/bin/../lib/gcc/arm-none-eabi/7.3.1/../../../../arm-none-eabi/lib/thumb/v7e-m/fpv4-sp/hard\libc_nano.a(lib_a-findfp.o)
                0x0801bac0                __sinit
 .text.__sfp    0x0801bb20       0x78 c:/vsarm/armcc/bin/../lib/gcc/arm-none-eabi/7.3.1/../../../../arm-none-eabi/lib/thumb/v7e-m/fpv4-sp/hard\libc_nano.a(lib_a-findfp.o)
                0x0801bb20                __sfp
 .text._fwalk_reent
                0x0801bb98       0x3c c:/vsarm/armcc/bin/../lib/gcc/arm-none-eabi/7.3.1/../../../../arm-none-eabi/lib/thumb/v7e-m/fpv4-sp/hard\libc_nano.a(lib_a-fwalk.o)
                0x0801bb98                _fwalk_reent
 .text.malloc   0x0801bbd4       0x10 c:/vsarm/armcc/bin/../lib/gcc/arm-none-eabi/7.3.1/../../../../arm-none-eabi/lib/thumb/v7e-m/fpv4-sp/hard\libc_nano.a(lib_a-malloc.o)
                0x0801bbd4                malloc
 .text._free_r  0x0801bbe4       0x9c c:/vsarm/armcc/bin/../lib/gcc/arm-none-eabi/7.3.1/../../../../arm-none-eabi/lib/thumb/v7e-m/fpv4-sp/hard\libc_nano.a(lib_a-nano-freer.o)
                0x0801bbe4                _free_r
 .text._malloc_r
                0x0801bc80       0xb4 c:/vsarm/armcc/bin/../lib/gcc/arm-none-eabi/7.3.1/../../../../arm-none-eabi/lib/thumb/v7e-m/fpv4-sp/hard\libc_nano.a(lib_a-nano-mallocr.o)
                0x0801bc80                _malloc_r
 .text.__ssputs_r
                0x0801bd34       0xb4 c:/vsarm/armcc/bin/../lib/gcc/arm-none-eabi/7.3.1/../../../../arm-none-eabi/lib/thumb/v7e-m/fpv4-sp/hard\libc_nano.a(lib_a-nano-svfprintf.o)
                0x0801bd34                __ssputs_r
 .text._svfprintf_r